Archive member included to satisfy reference by file (symbol)

d:/software/ccs930/ccs/tools/compiler/gcc-arm-none-eabi-9-2019-q4-major/bin/../lib/gcc/arm-none-eabi/9.2.1/../../../../arm-none-eabi/lib/thumb/v7e-m/nofp\libc.a(lib_a-aeabi_atexit.o)
                              ./main.o (__aeabi_atexit)
d:/software/ccs930/ccs/tools/compiler/gcc-arm-none-eabi-9-2019-q4-major/bin/../lib/gcc/arm-none-eabi/9.2.1/../../../../arm-none-eabi/lib/thumb/v7e-m/nofp\libc.a(lib_a-assert.o)
                              ./FuzzyControl/CarSim.o (__assert_func)
d:/software/ccs930/ccs/tools/compiler/gcc-arm-none-eabi-9-2019-q4-major/bin/../lib/gcc/arm-none-eabi/9.2.1/../../../../arm-none-eabi/lib/thumb/v7e-m/nofp\libc.a(lib_a-ctype_.o)
                              ./Apps/cJSON.o (_ctype_)
d:/software/ccs930/ccs/tools/compiler/gcc-arm-none-eabi-9-2019-q4-major/bin/../lib/gcc/arm-none-eabi/9.2.1/../../../../arm-none-eabi/lib/thumb/v7e-m/nofp\libc.a(lib_a-cxa_atexit.o)
                              d:/software/ccs930/ccs/tools/compiler/gcc-arm-none-eabi-9-2019-q4-major/bin/../lib/gcc/arm-none-eabi/9.2.1/../../../../arm-none-eabi/lib/thumb/v7e-m/nofp\libc.a(lib_a-aeabi_atexit.o) (__cxa_atexit)
d:/software/ccs930/ccs/tools/compiler/gcc-arm-none-eabi-9-2019-q4-major/bin/../lib/gcc/arm-none-eabi/9.2.1/../../../../arm-none-eabi/lib/thumb/v7e-m/nofp\libc.a(lib_a-exit.o)
                              d:/software/ccs930/ccs/tools/compiler/gcc-arm-none-eabi-9-2019-q4-major/bin/../lib/gcc/arm-none-eabi/9.2.1/../../../../arm-none-eabi/lib/thumb/v7e-m/nofp/crt0.o (exit)
d:/software/ccs930/ccs/tools/compiler/gcc-arm-none-eabi-9-2019-q4-major/bin/../lib/gcc/arm-none-eabi/9.2.1/../../../../arm-none-eabi/lib/thumb/v7e-m/nofp\libc.a(lib_a-fiprintf.o)
                              d:/software/ccs930/ccs/tools/compiler/gcc-arm-none-eabi-9-2019-q4-major/bin/../lib/gcc/arm-none-eabi/9.2.1/../../../../arm-none-eabi/lib/thumb/v7e-m/nofp\libc.a(lib_a-assert.o) (fiprintf)
d:/software/ccs930/ccs/tools/compiler/gcc-arm-none-eabi-9-2019-q4-major/bin/../lib/gcc/arm-none-eabi/9.2.1/../../../../arm-none-eabi/lib/thumb/v7e-m/nofp\libc.a(lib_a-impure.o)
                              d:/software/ccs930/ccs/tools/compiler/gcc-arm-none-eabi-9-2019-q4-major/bin/../lib/gcc/arm-none-eabi/9.2.1/../../../../arm-none-eabi/lib/thumb/v7e-m/nofp\libc.a(lib_a-exit.o) (_global_impure_ptr)
d:/software/ccs930/ccs/tools/compiler/gcc-arm-none-eabi-9-2019-q4-major/bin/../lib/gcc/arm-none-eabi/9.2.1/../../../../arm-none-eabi/lib/thumb/v7e-m/nofp\libc.a(lib_a-init.o)
                              d:/software/ccs930/ccs/tools/compiler/gcc-arm-none-eabi-9-2019-q4-major/bin/../lib/gcc/arm-none-eabi/9.2.1/../../../../arm-none-eabi/lib/thumb/v7e-m/nofp/crt0.o (__libc_init_array)
d:/software/ccs930/ccs/tools/compiler/gcc-arm-none-eabi-9-2019-q4-major/bin/../lib/gcc/arm-none-eabi/9.2.1/../../../../arm-none-eabi/lib/thumb/v7e-m/nofp\libc.a(lib_a-malloc.o)
                              ./Apps/cJSON.o (malloc)
d:/software/ccs930/ccs/tools/compiler/gcc-arm-none-eabi-9-2019-q4-major/bin/../lib/gcc/arm-none-eabi/9.2.1/../../../../arm-none-eabi/lib/thumb/v7e-m/nofp\libc.a(lib_a-mallocr.o)
                              d:/software/ccs930/ccs/tools/compiler/gcc-arm-none-eabi-9-2019-q4-major/bin/../lib/gcc/arm-none-eabi/9.2.1/../../../../arm-none-eabi/lib/thumb/v7e-m/nofp\libc.a(lib_a-malloc.o) (_malloc_r)
d:/software/ccs930/ccs/tools/compiler/gcc-arm-none-eabi-9-2019-q4-major/bin/../lib/gcc/arm-none-eabi/9.2.1/../../../../arm-none-eabi/lib/thumb/v7e-m/nofp\libc.a(lib_a-memcpy.o)
                              ./Apps/cJSON.o (memcpy)
d:/software/ccs930/ccs/tools/compiler/gcc-arm-none-eabi-9-2019-q4-major/bin/../lib/gcc/arm-none-eabi/9.2.1/../../../../arm-none-eabi/lib/thumb/v7e-m/nofp\libc.a(lib_a-memmove.o)
                              ./PathTrack/PathGenerator.o (memmove)
d:/software/ccs930/ccs/tools/compiler/gcc-arm-none-eabi-9-2019-q4-major/bin/../lib/gcc/arm-none-eabi/9.2.1/../../../../arm-none-eabi/lib/thumb/v7e-m/nofp\libc.a(lib_a-memset.o)
                              d:/software/ccs930/ccs/tools/compiler/gcc-arm-none-eabi-9-2019-q4-major/bin/../lib/gcc/arm-none-eabi/9.2.1/../../../../arm-none-eabi/lib/thumb/v7e-m/nofp/crt0.o (memset)
d:/software/ccs930/ccs/tools/compiler/gcc-arm-none-eabi-9-2019-q4-major/bin/../lib/gcc/arm-none-eabi/9.2.1/../../../../arm-none-eabi/lib/thumb/v7e-m/nofp\libc.a(lib_a-mlock.o)
                              d:/software/ccs930/ccs/tools/compiler/gcc-arm-none-eabi-9-2019-q4-major/bin/../lib/gcc/arm-none-eabi/9.2.1/../../../../arm-none-eabi/lib/thumb/v7e-m/nofp\libc.a(lib_a-mallocr.o) (__malloc_lock)
d:/software/ccs930/ccs/tools/compiler/gcc-arm-none-eabi-9-2019-q4-major/bin/../lib/gcc/arm-none-eabi/9.2.1/../../../../arm-none-eabi/lib/thumb/v7e-m/nofp\libc.a(lib_a-sbrkr.o)
[...]
Memory Configuration

Name             Origin             Length             Attributes
MAIN_FLASH       0x00000000         0x00040000         xr
INFO_FLASH       0x00200000         0x00004000         xr
SRAM_CODE        0x01000000         0x00010000         xrw
SRAM_DATA        0x20000000         0x00010000         rw
*default*        0x00000000         0xffffffff

Linker script and memory map

LOAD d:/software/ccs930/ccs/tools/compiler/gcc-arm-none-eabi-9-2019-q4-major/bin/../lib/gcc/arm-none-eabi/9.2.1/thumb/v7e-m/nofp/crti.o
LOAD d:/software/ccs930/ccs/tools/compiler/gcc-arm-none-eabi-9-2019-q4-major/bin/../lib/gcc/arm-none-eabi/9.2.1/thumb/v7e-m/nofp/crtbegin.o
LOAD d:/software/ccs930/ccs/tools/compiler/gcc-arm-none-eabi-9-2019-q4-major/bin/../lib/gcc/arm-none-eabi/9.2.1/../../../../arm-none-eabi/lib/thumb/v7e-m/nofp/crt0.o
LOAD ./main.o
LOAD ./startup_msp432p401r_gcc.o
LOAD ./system_msp432p401r.o
LOAD ./Apps/Car.o
LOAD ./Apps/Encoder.o
LOAD ./Apps/Motor.o
LOAD ./Apps/PIDController.o
LOAD ./Apps/Task.o
LOAD ./Apps/cJSON.o
LOAD ./Apps/motor_timer.o
LOAD ./Apps/my_uart.o
LOAD ./FuzzyControl/CarFuzzy.o
LOAD ./FuzzyControl/CarSim.o
LOAD ./FuzzyControl/FuzzyController.o
LOAD ./FuzzyControl/FuzzyVar.o
LOAD ./FuzzyControl/MembershipFuction.o
LOAD ./OLED/MyOLED.o
LOAD ./OLED/MyOledFont.o
LOAD ./PathTrack/PathGenerator.o
LOAD ./PathTrack/PathTrackSim.o
                0x00000000                PROVIDE (_intvecs_base_address = DEFINED (_intvecs_base_address)?_intvecs_base_address:0x0)

.intvecs        0x00000000       0xe4
 *(.intvecs)
 .intvecs       0x00000000       0xe4 ./startup_msp432p401r_gcc.o
                0x00000000                interruptVectors
                0x00200000                PROVIDE (_mailbox_base_address = 0x200000)

.flashMailbox
 *(.flashMailbox)
                0x00201000                PROVIDE (_tlv_base_address = 0x201000)

.tlvTable
 *(.tlvTable)
                0x00202000                PROVIDE (_bsl_base_address = 0x202000)

.bslArea
 *(.bslArea)
                0x20000000                PROVIDE (_vtable_base_address = DEFINED (_vtable_base_address)?_vtable_base_address:0x20000000)

.vtable         0x20000000       0xe8
 *(.vtable)
 *fill*         0x20000000        0x0 
 .vtable        0x20000000       0xe8 D:/WorkSpace/ccs9/simplelink_msp432p4_sdk_3_40_01_02/source/ti/devices/msp432p4xx/driverlib/ccs/msp432p4xx_driverlib.lib(interrupt.o)
                0x20000000                g_pfnRAMVectors

.text           0x00000100    0x10618
 CREATE_OBJECT_SYMBOLS
 *(.text)
 .text          0x00000100        0x0 d:/software/ccs930/ccs/tools/compiler/gcc-arm-none-eabi-9-2019-q4-major/bin/../lib/gcc/arm-none-eabi/9.2.1/thumb/v7e-m/nofp/crti.o
 .text          0x00000100       0x40 d:/software/ccs930/ccs/tools/compiler/gcc-arm-none-eabi-9-2019-q4-major/bin/../lib/gcc/arm-none-eabi/9.2.1/thumb/v7e-m/nofp/crtbegin.o
 .text          0x00000140       0x74 d:/software/ccs930/ccs/tools/compiler/gcc-arm-none-eabi-9-2019-q4-major/bin/../lib/gcc/arm-none-eabi/9.2.1/../../../../arm-none-eabi/lib/thumb/v7e-m/nofp/crt0.o
                0x00000140                _start
                0x00000140                _mainCRTStartup
 .text          0x000001b4       0x4a ./main.o
                0x000001b4                ClockInit()
 *fill*         0x000001fe        0x2 
 .text          0x00000200       0x30 ./startup_msp432p401r_gcc.o
                0x00000200                CS_IRQHandler
                0x00000200                DebugMon_Handler
                0x00000200                AES256_IRQHandler
                0x00000200                HardFault_Handler
                0x00000200                SysTick_Handler
                0x00000200                PendSV_Handler
                0x00000200                NMI_Handler
                0x00000200                RTC_C_IRQHandler
                0x00000200                PORT1_IRQHandler
                0x00000200                FPU_IRQHandler
                0x00000200                PORT2_IRQHandler
                0x00000200                TA3_0_IRQHandler
                0x00000200                UsageFault_Handler
                0x00000200                DMA_INT3_IRQHandler
                0x00000200                TA2_0_IRQHandler
                0x00000200                DMA_INT1_IRQHandler
                0x00000200                WDT_A_IRQHandler
                0x00000200                TA2_N_IRQHandler
                0x00000200                TA1_0_IRQHandler
                0x00000200                EUSCIB1_IRQHandler
                0x00000200                PSS_IRQHandler
                0x00000200                DMA_INT2_IRQHandler
                0x00000200                EUSCIA3_IRQHandler
                0x00000200                DMA_INT0_IRQHandler
                0x00000200                PORT4_IRQHandler
                0x00000200                PORT5_IRQHandler
                0x00000200                EUSCIB0_IRQHandler
                0x00000200                Default_Handler
                0x00000200                T32_INTC_IRQHandler
                0x00000200                TA3_N_IRQHandler
                0x00000200                TA0_0_IRQHandler
                0x00000200                PORT6_IRQHandler
                0x00000200                PORT3_IRQHandler
                0x00000200                MemManage_Handler
                0x00000200                SVC_Handler
                0x00000200                TA1_N_IRQHandler
                0x00000200                COMP_E1_IRQHandler
                0x00000200                EUSCIB2_IRQHandler
                0x00000200                FLCTL_IRQHandler
                0x00000200                EUSCIB3_IRQHandler
                0x00000200                T32_INT1_IRQHandler
                0x00000200                ADC14_IRQHandler
                0x00000200                DMA_ERR_IRQHandler
                0x00000200                BusFault_Handler
                0x00000200                PCM_IRQHandler
                0x00000200                TA0_N_IRQHandler
                0x00000200                COMP_E0_IRQHandler
                0x00000200                T32_INT2_IRQHandler
                0x00000202                Reset_Handler
 .text          0x00000230      0x208 ./system_msp432p401r.o
                0x00000230                SystemCoreClockUpdate
                0x000003d0                SystemInit
 .text          0x00000438      0x910 ./Apps/Car.o
                0x00000438                carTask::Car::~Car()
                0x00000438                carTask::Car::~Car()
                0x0000043a                carTask::Car::~Car()
                0x00000448                carTask::Car::Car(Motor*, PIDSpeedController*, ESOSpeedController*, PIDDistanceController*)
                0x00000448                carTask::Car::Car(Motor*, PIDSpeedController*, ESOSpeedController*, PIDDistanceController*)
                0x00000480                carTask::Car::MotorRun()
                0x00000494                carTask::Car::MotorStop()
                0x0000049e                carTask::Car::MotorGoBack()
                0x000004c4                carTask::Car::SetDistance(float)
                0x00000510                carTask::Car::StatusManage()
                0x00000658                carTask::Car::PIDCompute()
                0x000006d0                carTask::Car::OpenLoop(float, float)
                0x00000732                carTask::Car::ExecuteTask()
                0x000007ec                carTask::Car::ParkAdjustTask()
                0x00000948                carTask::Car::CommandQuery(unsigned long)
                0x00000a28                carTask::Car::ParkTask_old()
 .text          0x00000d48      0x23c ./Apps/Encoder.o
                0x00000d48                TA3_N_IRQHandler()
                0x00000dd0                TA2_N_IRQHandler()
                0x00000e5c                CycleTimerInit()
                0x00000ee0                EncoderInit(float*, float*)
 *fill*         0x00000f84        0x4 
 .text          0x00000f88      0x184 ./Apps/Motor.o
                0x00000f88                Motor::~Motor()
                0x00000f88                Motor::~Motor()
                0x00000f8a                Motor::~Motor()
                0x00000f98                Motor::Motor(unsigned long, unsigned int, unsigned int, unsigned int, unsigned int, unsigned int, float)
                0x00000f98                Motor::Motor(unsigned long, unsigned int, unsigned int, unsigned int, unsigned int, unsigned int, float)
                0x0000103c                Motor::SetSpeed(float)
                0x0000108e                Motor::ComputeActualParam()
 *fill*         0x0000110c        0x4 
 .text          0x00001110      0x65c ./Apps/PIDController.o
                0x00001110                PIDSpeedController::Compute()
                0x0000128c                PIDDistanceController::Compute()
                0x00001348                PIDParkAdjustController::Compute()
                0x000013f4                PIDPathTrackController::Compute()
                0x00001480                PIDController::PIDController(float*, float*, float, float, float)
                0x00001480                PIDController::PIDController(float*, float*, float, float, float)
                0x000014a4                PIDController::~PIDController()
                0x000014a4                PIDController::~PIDController()
                0x000014a6                PIDController::~PIDController()
                0x000014b4                PIDController::Reset()
                0x000014bc                PIDController::SetPIDParam(pid_param*)
                0x000014ca                PIDSpeedController::PIDSpeedController(Motor*, pid_param*)
                0x000014ca                PIDSpeedController::PIDSpeedController(Motor*, pid_param*)
                0x000014f8                ESOSpeedController::ESOSpeedController(Motor*, pid_param*)
                0x000014f8                ESOSpeedController::ESOSpeedController(Motor*, pid_param*)
                0x00001538                ESOSpeedController::Compute()
                0x000016cc                ESOSpeedController::Reset()
                0x000016e4                PIDDistanceController::PIDDistanceController(Motor*, pid_param*)
                0x000016e4                PIDDistanceController::PIDDistanceController(Motor*, pid_param*)
                0x00001710                PIDParkAdjustController::PIDParkAdjustController(float*, pid_param*)
                0x00001710                PIDParkAdjustController::PIDParkAdjustController(float*, pid_param*)
                0x00001740                PIDPathTrackController::PIDPathTrackController(float*, pid_param*)
                0x00001740                PIDPathTrackController::PIDPathTrackController(float*, pid_param*)
 *fill*         0x0000176c        0x4 
 .text          0x00001770      0x214 ./Apps/Task.o
                0x00001770                carTask::PathTrackSimTask::Init()
                0x0000178c                carTask::TaskBase::TaskBase()
                0x0000178c                carTask::TaskBase::TaskBase()
                0x00001798                carTask::TaskBase::~TaskBase()
                0x00001798                carTask::TaskBase::~TaskBase()
                0x0000179a                carTask::TaskBase::~TaskBase()
                0x000017a8                carTask::PathTrackSimTask::PathTrackSimTask()
                0x000017a8                carTask::PathTrackSimTask::PathTrackSimTask()
                0x000017b4                carTask::PathTrackSimTask::Execute2(float)
 *fill*         0x00001984        0x4 
 .text          0x00001988     0x166c ./Apps/cJSON.o
                0x00002a22                cJSON_GetErrorPtr
                0x00002a2c                cJSON_InitHooks
                0x00002a60                cJSON_Delete
                0x00002aa8                cJSON_ParseWithOpts
                0x00002b0c                cJSON_Parse
                0x00002b14                cJSON_Print
                0x00002b1c                cJSON_PrintUnformatted
                0x00002b24                cJSON_PrintBuffered
                0x00002b50                cJSON_GetArraySize
                0x00002b5e                cJSON_GetArrayItem
                0x00002b6e                cJSON_GetObjectItem
                0x00002b88                cJSON_AddItemToArray
                0x00002ba0                cJSON_AddItemToObject
                0x00002bd0                cJSON_AddItemToObjectCS
                0x00002c08                cJSON_AddItemReferenceToArray
                0x00002c1e                cJSON_AddItemReferenceToObject
                0x00002c3a                cJSON_DetachItemFromArray
                0x00002c6a                cJSON_DeleteItemFromArray
                0x00002c78                cJSON_DetachItemFromObject
                0x00002ca4                cJSON_DeleteItemFromObject
                0x00002cb2                cJSON_InsertItemInArray
                0x00002ce8                cJSON_ReplaceItemInArray
                0x00002d22                cJSON_ReplaceItemInObject
                0x00002d5c                cJSON_CreateNull
                0x00002d6a                cJSON_CreateTrue
                0x00002d78                cJSON_CreateFalse
                0x00002d86                cJSON_CreateBool
                0x00002d9a                cJSON_CreateNumber
                0x00002dbe                cJSON_CreateString
                0x00002dda                cJSON_CreateArray
                0x00002de8                cJSON_CreateObject
                0x00002df6                cJSON_CreateIntArray
                0x00002e34                cJSON_CreateFloatArray
                0x00002e78                cJSON_CreateDoubleArray
                0x00002eb4                cJSON_CreateStringArray
                0x00002eea                cJSON_Duplicate
                0x00002f62                cJSON_Minify
 *fill*         0x00002ff4        0x4 
 .text          0x00002ff8      0x3a0 ./Apps/motor_timer.o
                0x00002ff8                SysTick_Handler()
                0x00003008                TA0_N_IRQHandler()
                0x00003180                SysTickInit()
                0x000031c4                MotorPWMInit(float, float)
                0x00003208                MotorGPIOInit()
                0x00003226                MotorSpeedSet(float)
                0x0000327c                ServoInit()
                0x0000329c                ServoDirectionSet(float)
                0x00003348                InfraredInit()
 .text          0x00003398      0x634 ./Apps/my_uart.o
                0x00003398                UART0Init
                0x000033f8                UART0SendString
                0x00003418                UART1Init
                0x00003470                UART2Init
                0x000034c0                receiveSettingsData
                0x00003508                EUSCIA0_IRQHandler
                0x000035d8                receivePiData
                0x00003620                EUSCIA1_IRQHandler
                0x000036d0                receiveIMUData
                0x00003748                EUSCIA2_IRQHandler
                0x00003824                sendIMUcmd
                0x00003870                sendChartData
                0x000038ec                sendChartDataArray
                0x0000395c                sendMatlabArray
 .text          0x000039cc        0x0 ./FuzzyControl/CarFuzzy.o
 .text          0x000039cc      0x2f4 ./FuzzyControl/CarSim.o
                0x000039cc                fuzzy::CarSim::CarSim(float, float)
                0x000039cc                fuzzy::CarSim::CarSim(float, float)
                0x000039da                fuzzy::CarSim::ComputeDotVar(float, float)
                0x00003a6c                fuzzy::CarSim::SetVariables(Eigen::Matrix<float, 3, 1, 0, 3, 1>&)
                0x00003aa0                fuzzy::CarSim::Compute(float, int)
 .text          0x00003cc0      0x19c ./FuzzyControl/FuzzyController.o
                0x00003cc0                fuzzy::FuzzyControllerBase::FuzzyControllerBase(fuzzy::FuzzyVar**, fuzzy::FuzzyVar&)
                0x00003cc0                fuzzy::FuzzyControllerBase::FuzzyControllerBase(fuzzy::FuzzyVar**, fuzzy::FuzzyVar&)
                0x00003ce0                fuzzy::FuzzyControllerBase::~FuzzyControllerBase()
                0x00003ce0                fuzzy::FuzzyControllerBase::~FuzzyControllerBase()
                0x00003cf8                fuzzy::FuzzyControllerBase::~FuzzyControllerBase()
                0x00003d0c                fuzzy::Fuzzy3InputsController::Fuzzy3InputsController(fuzzy::FuzzyVar**, fuzzy::FuzzyVar&, unsigned char*)
                0x00003d0c                fuzzy::Fuzzy3InputsController::Fuzzy3InputsController(fuzzy::FuzzyVar**, fuzzy::FuzzyVar&, unsigned char*)
                0x00003d40                fuzzy::Fuzzy3InputsController::getRule(unsigned char, unsigned char, unsigned char)
                0x00003d70                fuzzy::Fuzzy3InputsController::Compute(float*)
 .text          0x00003e5c       0xa4 ./FuzzyControl/FuzzyVar.o
                0x00003e5c                fuzzy::FuzzyVar::FuzzyVar(fuzzy::MembershipFuction**, unsigned char, float*)
                0x00003e5c                fuzzy::FuzzyVar::FuzzyVar(fuzzy::MembershipFuction**, unsigned char, float*)
                0x00003e80                fuzzy::FuzzyVar::~FuzzyVar()
                0x00003e80                fuzzy::FuzzyVar::~FuzzyVar()
                0x00003e82                fuzzy::FuzzyVar::ComputeFuzzySetsGrades(float)
 .text          0x00003f00      0x2c0 ./FuzzyControl/MembershipFuction.o
                0x00003f00                fuzzy::TriangleMF::getValue(float)
                0x00003f4c                fuzzy::TrapezoidMF::getValue(float)
                0x00003fb0                fuzzy::TriangleMF::Integral(float)
                0x0000400c                fuzzy::TriangleMF::IntegralWithX(float)
                0x000040a0                fuzzy::TrapezoidMF::Integral(float)
                0x00004110                fuzzy::TrapezoidMF::IntegralWithX(float)
                0x00004188                fuzzy::TriangleMF::TriangleMF(float, float, float)
                0x00004188                fuzzy::TriangleMF::TriangleMF(float, float, float)
                0x000041a0                fuzzy::TriangleMF::~TriangleMF()
                0x000041a0                fuzzy::TriangleMF::~TriangleMF()
                0x000041a2                fuzzy::TrapezoidMF::TrapezoidMF(float, float, float, float)
                0x000041a2                fuzzy::TrapezoidMF::TrapezoidMF(float, float, float, float)
                0x000041bc                fuzzy::TrapezoidMF::~TrapezoidMF()
                0x000041bc                fuzzy::TrapezoidMF::~TrapezoidMF()
 .text          0x000041c0      0x910 ./OLED/MyOLED.o
                0x000041c0                delay
                0x000041c2                OLED_DrawPoint
                0x000041e0                OLED_ClearPoint
                0x00004200                OLED_DrawLine
                0x00004288                OLED_DrawCircle
                0x0000433e                OLED_ShowChar
                0x00004408                OLED_ShowString
                0x00004448                OLED_Pow
                0x0000445a                OLED_ShowNum
                0x000044ba                OLED_ShowChinese
                0x00004594                OLED_SDIN_Set
                0x0000459c                OLED_SDIN_Clr
                0x000045a4                OLED_SCLK_Set
                0x000045ac                OLED_SCLK_Clr
                0x000045b4                I2C_Start
                0x000045ca                I2C_Stop
                0x000045dc                I2C_WaitAck
                0x000045ea                Send_Byte
                0x00004618                OLED_WR_Byte
                0x0000464e                OLED_DisPlay_On
                0x0000466c                OLED_DisPlay_Off
                0x0000468a                OLED_Refresh
                0x000046cc                OLED_Clear
                0x000046f4                TimeUsed_Display
                0x00004784                Balance_Display
                0x000047a4                TBalance_Display
                0x00004804                TTASK_Display
                0x0000486c                OLED_ScrollDisplay
                0x00004900                OLED_WR_BP
                0x0000492a                OLED_ShowPicture
                0x00004980                OLED_ColorTurn
                0x00004996                OLED_DisplayTurn
                0x000049c4                OLED_Init
 .text          0x00004ad0        0x0 ./OLED/MyOledFont.o
 .text          0x00004ad0      0xaa4 ./PathTrack/PathGenerator.o
                0x00004ad0                pathTrack::LinePath::IsNearTheEnd(float, float)
                0x00004aec                pathTrack::LinePath::GetJson(bool)
                0x00004b60                pathTrack::ArcPath::GetJson(bool)
                0x00004bec                pathTrack::PathPart::PathPart(Eigen::Matrix<float, 2, 1, 0, 2, 1>&, Eigen::Matrix<float, 2, 1, 0, 2, 1>&, bool)
                0x00004bec                pathTrack::PathPart::PathPart(Eigen::Matrix<float, 2, 1, 0, 2, 1>&, Eigen::Matrix<float, 2, 1, 0, 2, 1>&, bool)
                0x00004c14                pathTrack::LinePath::LinePath(Eigen::Matrix<float, 2, 1, 0, 2, 1>&, Eigen::Matrix<float, 2, 1, 0, 2, 1>&, bool)
                0x00004c14                pathTrack::LinePath::LinePath(Eigen::Matrix<float, 2, 1, 0, 2, 1>&, Eigen::Matrix<float, 2, 1, 0, 2, 1>&, bool)
                0x00004c64                pathTrack::sign(float)
                0x00004c7c                pathTrack::mod2pi(float)
                0x00004cf0                pathTrack::ArcPath::IsNearTheEnd(float, float)
                0x00004d34                pathTrack::PathGenerator::PathGenerator(float)
                0x00004d34                pathTrack::PathGenerator::PathGenerator(float)
                0x00004d8e                pathTrack::PathGenerator::GetPathPartsJsonString()
                0x00004de8                pathTrack::ArcPath::GetPoint(float)
                0x00004e58                pathTrack::LinePath::GetPoint(float)
                0x00004e90                pathTrack::ArcPath::ArcPath(Eigen::Matrix<float, 2, 1, 0, 2, 1>&, Eigen::Matrix<float, 2, 1, 0, 2, 1>&, bool, Eigen::Matrix<float, 2, 1, 0, 2, 1>&)
                0x00004e90                pathTrack::ArcPath::ArcPath(Eigen::Matrix<float, 2, 1, 0, 2, 1>&, Eigen::Matrix<float, 2, 1, 0, 2, 1>&, bool, Eigen::Matrix<float, 2, 1, 0, 2, 1>&)
                0x00004f10                pathTrack::PathGenerator::ComputeArc(Eigen::Matrix<float, 2, 1, 0, 2, 1>&, Eigen::Matrix<float, 2, 1, 0, 2, 1>&, Eigen::Matrix<float, 2, 1, 0, 2, 1>&, float, Eigen::Matrix<float, 2, 1, 0, 2, 1>&, Eigen::Matrix<float, 2, 1, 0, 2, 1>&, Eigen::Matrix<float, 2, 1, 0, 2, 1>&)
                0x00005152                pathTrack::PathGenerator::GeneratePathPoints(float)
                0x000052c2                pathTrack::PathGenerator::Generate(Eigen::Matrix<float, 3, 1, 0, 3, 1>&, int, float)
 *fill*         0x00005574        0x4 
 .text          0x00005578      0x634 ./PathTrack/PathTrackSim.o
                0x00005578                pathTrack::PathTrackSim::PathTrackSim(float)
                0x00005578                pathTrack::PathTrackSim::PathTrackSim(float)
                0x000055ec                pathTrack::PathTrackSim::~PathTrackSim()
                0x000055ec                pathTrack::PathTrackSim::~PathTrackSim()
                0x0000564e                pathTrack::PathTrackSim::ComuputeError(Eigen::Matrix<float, 2, 1, 0, 2, 1>&, float&)
                0x00005758                pathTrack::PathTrackSim::Stanley(Eigen::Matrix<float, 2, 1, 0, 2, 1>&, float, float, float, bool)
                0x00005810                pathTrack::CarSim::CarSim(float)
                0x00005810                pathTrack::CarSim::CarSim(float)
                0x0000581c                pathTrack::CarSim::ComputeDotVar(float, float)
                0x00005870                pathTrack::CarSim::ComputeDotVar_IMU(float)
                0x000058ae                pathTrack::CarSim::Reset()
                0x000058b4                pathTrack::CarSim::SetVariables(Eigen::Matrix<float, 3, 1, 0, 3, 1>&)
                0x00005900                pathTrack::PathTrackSim::Init(Eigen::Matrix<float, 3, 1, 0, 3, 1>&, int, float)
                0x0000592e                pathTrack::CarSim::ComputeSim(float, int)
                0x00005b50                pathTrack::CarSim::ComputeSim_IMU(float, int)
 .text          0x00005bac        0x0 d:/software/ccs930/ccs/tools/compiler/gcc-arm-none-eabi-9-2019-q4-major/bin/../lib/gcc/arm-none-eabi/9.2.1/../../../../arm-none-eabi/lib/thumb/v7e-m/nofp\libc.a(lib_a-aeabi_atexit.o)
 .text          0x00005bac        0x0 d:/software/ccs930/ccs/tools/compiler/gcc-arm-none-eabi-9-2019-q4-major/bin/../lib/gcc/arm-none-eabi/9.2.1/../../../../arm-none-eabi/lib/thumb/v7e-m/nofp\libc.a(lib_a-assert.o)
 .text          0x00005bac        0x0 d:/software/ccs930/ccs/tools/compiler/gcc-arm-none-eabi-9-2019-q4-major/bin/../lib/gcc/arm-none-eabi/9.2.1/../../../../arm-none-eabi/lib/thumb/v7e-m/nofp\libc.a(lib_a-ctype_.o)
 .text          0x00005bac        0x0 d:/software/ccs930/ccs/tools/compiler/gcc-arm-none-eabi-9-2019-q4-major/bin/../lib/gcc/arm-none-eabi/9.2.1/../../../../arm-none-eabi/lib/thumb/v7e-m/nofp\libc.a(lib_a-cxa_atexit.o)
 .text          0x00005bac        0x0 d:/software/ccs930/ccs/tools/compiler/gcc-arm-none-eabi-9-2019-q4-major/bin/../lib/gcc/arm-none-eabi/9.2.1/../../../../arm-none-eabi/lib/thumb/v7e-m/nofp\libc.a(lib_a-exit.o)
 .text          0x00005bac        0x0 d:/software/ccs930/ccs/tools/compiler/gcc-arm-none-eabi-9-2019-q4-major/bin/../lib/gcc/arm-none-eabi/9.2.1/../../../../arm-none-eabi/lib/thumb/v7e-m/nofp\libc.a(lib_a-fiprintf.o)
 .text          0x00005bac        0x0 d:/software/ccs930/ccs/tools/compiler/gcc-arm-none-eabi-9-2019-q4-major/bin/../lib/gcc/arm-none-eabi/9.2.1/../../../../arm-none-eabi/lib/thumb/v7e-m/nofp\libc.a(lib_a-impure.o)
 .text          0x00005bac        0x0 d:/software/ccs930/ccs/tools/compiler/gcc-arm-none-eabi-9-2019-q4-major/bin/../lib/gcc/arm-none-eabi/9.2.1/../../../../arm-none-eabi/lib/thumb/v7e-m/nofp\libc.a(lib_a-init.o)
 .text          0x00005bac        0x0 d:/software/ccs930/ccs/tools/compiler/gcc-arm-none-eabi-9-2019-q4-major/bin/../lib/gcc/arm-none-eabi/9.2.1/../../../../arm-none-eabi/lib/thumb/v7e-m/nofp\libc.a(lib_a-malloc.o)
 .text          0x00005bac        0x0 d:/software/ccs930/ccs/tools/compiler/gcc-arm-none-eabi-9-2019-q4-major/bin/../lib/gcc/arm-none-eabi/9.2.1/../../../../arm-none-eabi/lib/thumb/v7e-m/nofp\libc.a(lib_a-mallocr.o)
 .text          0x00005bac      0x134 d:/software/ccs930/ccs/tools/compiler/gcc-arm-none-eabi-9-2019-q4-major/bin/../lib/gcc/arm-none-eabi/9.2.1/../../../../arm-none-eabi/lib/thumb/v7e-m/nofp\libc.a(lib_a-memcpy.o)
                0x00005bac                memcpy
 .text          0x00005ce0        0x0 d:/software/ccs930/ccs/tools/compiler/gcc-arm-none-eabi-9-2019-q4-major/bin/../lib/gcc/arm-none-eabi/9.2.1/../../../../arm-none-eabi/lib/thumb/v7e-m/nofp\libc.a(lib_a-memmove.o)
 .text          0x00005ce0        0x0 d:/software/ccs930/ccs/tools/compiler/gcc-arm-none-eabi-9-2019-q4-major/bin/../lib/gcc/arm-none-eabi/9.2.1/../../../../arm-none-eabi/lib/thumb/v7e-m/nofp\libc.a(lib_a-memset.o)
 .text          0x00005ce0        0x0 d:/software/ccs930/ccs/tools/compiler/gcc-arm-none-eabi-9-2019-q4-major/bin/../lib/gcc/arm-none-eabi/9.2.1/../../../../arm-none-eabi/lib/thumb/v7e-m/nofp\libc.a(lib_a-mlock.o)
 .text          0x00005ce0        0x0 d:/software/ccs930/ccs/tools/compiler/gcc-arm-none-eabi-9-2019-q4-major/bin/../lib/gcc/arm-none-eabi/9.2.1/../../../../arm-none-eabi/lib/thumb/v7e-m/nofp\libc.a(lib_a-sbrkr.o)
 .text          0x00005ce0        0x0 d:/software/ccs930/ccs/tools/compiler/gcc-arm-none-eabi-9-2019-q4-major/bin/../lib/gcc/arm-none-eabi/9.2.1/../../../../arm-none-eabi/lib/thumb/v7e-m/nofp\libc.a(lib_a-sprintf.o)
 .text          0x00005ce0        0x0 d:/software/ccs930/ccs/tools/compiler/gcc-arm-none-eabi-9-2019-q4-major/bin/../lib/gcc/arm-none-eabi/9.2.1/../../../../arm-none-eabi/lib/thumb/v7e-m/nofp\libc.a(lib_a-strchr.o)
 .text          0x00005ce0        0x0 d:/software/ccs930/ccs/tools/compiler/gcc-arm-none-eabi-9-2019-q4-major/bin/../lib/gcc/arm-none-eabi/9.2.1/../../../../arm-none-eabi/lib/thumb/v7e-m/nofp\libc.a(lib_a-strcpy.o)
 *fill*         0x00005ce0       0x20 
 .text          0x00005d00       0xdc d:/software/ccs930/ccs/tools/compiler/gcc-arm-none-eabi-9-2019-q4-major/bin/../lib/gcc/arm-none-eabi/9.2.1/../../../../arm-none-eabi/lib/thumb/v7e-m/nofp\libc.a(lib_a-strlen.o)
                0x00005d00                strlen
 .text          0x00005ddc        0x0 d:/software/ccs930/ccs/tools/compiler/gcc-arm-none-eabi-9-2019-q4-major/bin/../lib/gcc/arm-none-eabi/9.2.1/../../../../arm-none-eabi/lib/thumb/v7e-m/nofp\libc.a(lib_a-strncmp.o)
 .text          0x00005ddc        0x0 d:/software/ccs930/ccs/tools/compiler/gcc-arm-none-eabi-9-2019-q4-major/bin/../lib/gcc/arm-none-eabi/9.2.1/../../../../arm-none-eabi/lib/thumb/v7e-m/nofp\libc.a(lib_a-svfprintf.o)
 .text          0x00005ddc        0x0 d:/software/ccs930/ccs/tools/compiler/gcc-arm-none-eabi-9-2019-q4-major/bin/../lib/gcc/arm-none-eabi/9.2.1/../../../../arm-none-eabi/lib/thumb/v7e-m/nofp\libc.a(lib_a-vfiprintf.o)
 .text          0x00005ddc        0x0 d:/software/ccs930/ccs/tools/compiler/gcc-arm-none-eabi-9-2019-q4-major/bin/../lib/gcc/arm-none-eabi/9.2.1/../../../../arm-none-eabi/lib/thumb/v7e-m/nofp\libc.a(lib_a-wsetup.o)
 .text          0x00005ddc        0x0 d:/software/ccs930/ccs/tools/compiler/gcc-arm-none-eabi-9-2019-q4-major/bin/../lib/gcc/arm-none-eabi/9.2.1/../../../../arm-none-eabi/lib/thumb/v7e-m/nofp\libc.a(lib_a-__atexit.o)
 .text          0x00005ddc        0x0 d:/software/ccs930/ccs/tools/compiler/gcc-arm-none-eabi-9-2019-q4-major/bin/../lib/gcc/arm-none-eabi/9.2.1/../../../../arm-none-eabi/lib/thumb/v7e-m/nofp\libc.a(lib_a-__call_atexit.o)
 .text          0x00005ddc        0x0 d:/software/ccs930/ccs/tools/compiler/gcc-arm-none-eabi-9-2019-q4-major/bin/../lib/gcc/arm-none-eabi/9.2.1/../../../../arm-none-eabi/lib/thumb/v7e-m/nofp\libc.a(lib_a-abort.o)
 .text          0x00005ddc        0x0 d:/software/ccs930/ccs/tools/compiler/gcc-arm-none-eabi-9-2019-q4-major/bin/../lib/gcc/arm-none-eabi/9.2.1/../../../../arm-none-eabi/lib/thumb/v7e-m/nofp\libc.a(lib_a-atexit.o)
 .text          0x00005ddc        0x0 d:/software/ccs930/ccs/tools/compiler/gcc-arm-none-eabi-9-2019-q4-major/bin/../lib/gcc/arm-none-eabi/9.2.1/../../../../arm-none-eabi/lib/thumb/v7e-m/nofp\libc.a(lib_a-dtoa.o)
 .text          0x00005ddc        0x0 d:/software/ccs930/ccs/tools/compiler/gcc-arm-none-eabi-9-2019-q4-major/bin/../lib/gcc/arm-none-eabi/9.2.1/../../../../arm-none-eabi/lib/thumb/v7e-m/nofp\libc.a(lib_a-fflush.o)
 .text          0x00005ddc        0x0 d:/software/ccs930/ccs/tools/compiler/gcc-arm-none-eabi-9-2019-q4-major/bin/../lib/gcc/arm-none-eabi/9.2.1/../../../../arm-none-eabi/lib/thumb/v7e-m/nofp\libc.a(lib_a-findfp.o)
 .text          0x00005ddc        0x0 d:/software/ccs930/ccs/tools/compiler/gcc-arm-none-eabi-9-2019-q4-major/bin/../lib/gcc/arm-none-eabi/9.2.1/../../../../arm-none-eabi/lib/thumb/v7e-m/nofp\libc.a(lib_a-fini.o)
 .text          0x00005ddc        0x0 d:/software/ccs930/ccs/tools/compiler/gcc-arm-none-eabi-9-2019-q4-major/bin/../lib/gcc/arm-none-eabi/9.2.1/../../../../arm-none-eabi/lib/thumb/v7e-m/nofp\libc.a(lib_a-fputwc.o)
 .text          0x00005ddc        0x0 d:/software/ccs930/ccs/tools/compiler/gcc-arm-none-eabi-9-2019-q4-major/bin/../lib/gcc/arm-none-eabi/9.2.1/../../../../arm-none-eabi/lib/thumb/v7e-m/nofp\libc.a(lib_a-freer.o)
 .text          0x00005ddc        0x0 d:/software/ccs930/ccs/tools/compiler/gcc-arm-none-eabi-9-2019-q4-major/bin/../lib/gcc/arm-none-eabi/9.2.1/../../../../arm-none-eabi/lib/thumb/v7e-m/nofp\libc.a(lib_a-fvwrite.o)
 .text          0x00005ddc        0x0 d:/software/ccs930/ccs/tools/compiler/gcc-arm-none-eabi-9-2019-q4-major/bin/../lib/gcc/arm-none-eabi/9.2.1/../../../../arm-none-eabi/lib/thumb/v7e-m/nofp\libc.a(lib_a-fwalk.o)
 .text          0x00005ddc        0x0 d:/software/ccs930/ccs/tools/compiler/gcc-arm-none-eabi-9-2019-q4-major/bin/../lib/gcc/arm-none-eabi/9.2.1/../../../../arm-none-eabi/lib/thumb/v7e-m/nofp\libc.a(lib_a-locale.o)
 .text          0x00005ddc        0x0 d:/software/ccs930/ccs/tools/compiler/gcc-arm-none-eabi-9-2019-q4-major/bin/../lib/gcc/arm-none-eabi/9.2.1/../../../../arm-none-eabi/lib/thumb/v7e-m/nofp\libc.a(lib_a-localeconv.o)
 .text          0x00005ddc        0x0 d:/software/ccs930/ccs/tools/compiler/gcc-arm-none-eabi-9-2019-q4-major/bin/../lib/gcc/arm-none-eabi/9.2.1/../../../../arm-none-eabi/lib/thumb/v7e-m/nofp\libc.a(lib_a-lock.o)
 .text          0x00005ddc        0x0 d:/software/ccs930/ccs/tools/compiler/gcc-arm-none-eabi-9-2019-q4-major/bin/../lib/gcc/arm-none-eabi/9.2.1/../../../../arm-none-eabi/lib/thumb/v7e-m/nofp\libc.a(lib_a-makebuf.o)
 .text          0x00005ddc        0x0 d:/software/ccs930/ccs/tools/compiler/gcc-arm-none-eabi-9-2019-q4-major/bin/../lib/gcc/arm-none-eabi/9.2.1/../../../../arm-none-eabi/lib/thumb/v7e-m/nofp\libc.a(lib_a-mbtowc_r.o)
 *fill*         0x00005ddc        0x4 
 .text          0x00005de0       0xa0 d:/software/ccs930/ccs/tools/compiler/gcc-arm-none-eabi-9-2019-q4-major/bin/../lib/gcc/arm-none-eabi/9.2.1/../../../../arm-none-eabi/lib/thumb/v7e-m/nofp\libc.a(lib_a-memchr.o)
                0x00005de0                memchr
 .text          0x00005e80        0x0 d:/software/ccs930/ccs/tools/compiler/gcc-arm-none-eabi-9-2019-q4-major/bin/../lib/gcc/arm-none-eabi/9.2.1/../../../../arm-none-eabi/lib/thumb/v7e-m/nofp\libc.a(lib_a-mprec.o)
 .text          0x00005e80        0x0 d:/software/ccs930/ccs/tools/compiler/gcc-arm-none-eabi-9-2019-q4-major/bin/../lib/gcc/arm-none-eabi/9.2.1/../../../../arm-none-eabi/lib/thumb/v7e-m/nofp\libc.a(lib_a-reallocr.o)
 .text          0x00005e80        0x0 d:/software/ccs930/ccs/tools/compiler/gcc-arm-none-eabi-9-2019-q4-major/bin/../lib/gcc/arm-none-eabi/9.2.1/../../../../arm-none-eabi/lib/thumb/v7e-m/nofp\libc.a(lib_a-reent.o)
 .text          0x00005e80        0x0 d:/software/ccs930/ccs/tools/compiler/gcc-arm-none-eabi-9-2019-q4-major/bin/../lib/gcc/arm-none-eabi/9.2.1/../../../../arm-none-eabi/lib/thumb/v7e-m/nofp\libc.a(lib_a-s_frexp.o)
 .text          0x00005e80        0x0 d:/software/ccs930/ccs/tools/compiler/gcc-arm-none-eabi-9-2019-q4-major/bin/../lib/gcc/arm-none-eabi/9.2.1/../../../../arm-none-eabi/lib/thumb/v7e-m/nofp\libc.a(lib_a-signal.o)
 .text          0x00005e80        0x0 d:/software/ccs930/ccs/tools/compiler/gcc-arm-none-eabi-9-2019-q4-major/bin/../lib/gcc/arm-none-eabi/9.2.1/../../../../arm-none-eabi/lib/thumb/v7e-m/nofp\libc.a(lib_a-signalr.o)
 .text          0x00005e80        0x0 d:/software/ccs930/ccs/tools/compiler/gcc-arm-none-eabi-9-2019-q4-major/bin/../lib/gcc/arm-none-eabi/9.2.1/../../../../arm-none-eabi/lib/thumb/v7e-m/nofp\libc.a(lib_a-stdio.o)
 .text          0x00005e80      0x2dc d:/software/ccs930/ccs/tools/compiler/gcc-arm-none-eabi-9-2019-q4-major/bin/../lib/gcc/arm-none-eabi/9.2.1/../../../../arm-none-eabi/lib/thumb/v7e-m/nofp\libc.a(lib_a-strcmp.o)
                0x00005e88                strcmp
 .text          0x0000615c        0x0 d:/software/ccs930/ccs/tools/compiler/gcc-arm-none-eabi-9-2019-q4-major/bin/../lib/gcc/arm-none-eabi/9.2.1/../../../../arm-none-eabi/lib/thumb/v7e-m/nofp\libc.a(lib_a-strncpy.o)
 .text          0x0000615c        0x0 d:/software/ccs930/ccs/tools/compiler/gcc-arm-none-eabi-9-2019-q4-major/bin/../lib/gcc/arm-none-eabi/9.2.1/../../../../arm-none-eabi/lib/thumb/v7e-m/nofp\libc.a(lib_a-svfiprintf.o)
 .text          0x0000615c        0x0 d:/software/ccs930/ccs/tools/compiler/gcc-arm-none-eabi-9-2019-q4-major/bin/../lib/gcc/arm-none-eabi/9.2.1/../../../../arm-none-eabi/lib/thumb/v7e-m/nofp\libc.a(lib_a-wbuf.o)
 .text          0x0000615c        0x0 d:/software/ccs930/ccs/tools/compiler/gcc-arm-none-eabi-9-2019-q4-major/bin/../lib/gcc/arm-none-eabi/9.2.1/../../../../arm-none-eabi/lib/thumb/v7e-m/nofp\libc.a(lib_a-wcrtomb.o)
 .text          0x0000615c        0x0 d:/software/ccs930/ccs/tools/compiler/gcc-arm-none-eabi-9-2019-q4-major/bin/../lib/gcc/arm-none-eabi/9.2.1/../../../../arm-none-eabi/lib/thumb/v7e-m/nofp\libc.a(lib_a-wctomb_r.o)
 .text          0x0000615c        0x0 d:/software/ccs930/ccs/tools/compiler/gcc-arm-none-eabi-9-2019-q4-major/bin/../lib/gcc/arm-none-eabi/9.2.1/../../../../arm-none-eabi/lib/thumb/v7e-m/nofp\libc.a(lib_a-writer.o)
 .text          0x0000615c        0x0 d:/software/ccs930/ccs/tools/compiler/gcc-arm-none-eabi-9-2019-q4-major/bin/../lib/gcc/arm-none-eabi/9.2.1/../../../../arm-none-eabi/lib/thumb/v7e-m/nofp\libc.a(lib_a-callocr.o)
 .text          0x0000615c        0x0 d:/software/ccs930/ccs/tools/compiler/gcc-arm-none-eabi-9-2019-q4-major/bin/../lib/gcc/arm-none-eabi/9.2.1/../../../../arm-none-eabi/lib/thumb/v7e-m/nofp\libc.a(lib_a-closer.o)
 .text          0x0000615c        0x0 d:/software/ccs930/ccs/tools/compiler/gcc-arm-none-eabi-9-2019-q4-major/bin/../lib/gcc/arm-none-eabi/9.2.1/../../../../arm-none-eabi/lib/thumb/v7e-m/nofp\libc.a(lib_a-fclose.o)
 .text          0x0000615c        0x0 d:/software/ccs930/ccs/tools/compiler/gcc-arm-none-eabi-9-2019-q4-major/bin/../lib/gcc/arm-none-eabi/9.2.1/../../../../arm-none-eabi/lib/thumb/v7e-m/nofp\libc.a(lib_a-fstatr.o)
 .text          0x0000615c        0x0 d:/software/ccs930/ccs/tools/compiler/gcc-arm-none-eabi-9-2019-q4-major/bin/../lib/gcc/arm-none-eabi/9.2.1/../../../../arm-none-eabi/lib/thumb/v7e-m/nofp\libc.a(lib_a-isattyr.o)
 .text          0x0000615c        0x0 d:/software/ccs930/ccs/tools/compiler/gcc-arm-none-eabi-9-2019-q4-major/bin/../lib/gcc/arm-none-eabi/9.2.1/../../../../arm-none-eabi/lib/thumb/v7e-m/nofp\libc.a(lib_a-lseekr.o)
 .text          0x0000615c        0x0 d:/software/ccs930/ccs/tools/compiler/gcc-arm-none-eabi-9-2019-q4-major/bin/../lib/gcc/arm-none-eabi/9.2.1/../../../../arm-none-eabi/lib/thumb/v7e-m/nofp\libc.a(lib_a-readr.o)
 .text          0x0000615c        0x0 D:/WorkSpace/ccs9/simplelink_msp432p4_sdk_3_40_01_02/source/ti/devices/msp432p4xx/driverlib/ccs/msp432p4xx_driverlib.lib(cs.o)
 .text          0x0000615c        0x0 D:/WorkSpace/ccs9/simplelink_msp432p4_sdk_3_40_01_02/source/ti/devices/msp432p4xx/driverlib/ccs/msp432p4xx_driverlib.lib(flash.o)
 .text          0x0000615c        0x0 D:/WorkSpace/ccs9/simplelink_msp432p4_sdk_3_40_01_02/source/ti/devices/msp432p4xx/driverlib/ccs/msp432p4xx_driverlib.lib(gpio.o)
 .text          0x0000615c        0x0 D:/WorkSpace/ccs9/simplelink_msp432p4_sdk_3_40_01_02/source/ti/devices/msp432p4xx/driverlib/ccs/msp432p4xx_driverlib.lib(interrupt.o)
 .text          0x0000615c        0x0 D:/WorkSpace/ccs9/simplelink_msp432p4_sdk_3_40_01_02/source/ti/devices/msp432p4xx/driverlib/ccs/msp432p4xx_driverlib.lib(pcm.o)
 .text          0x0000615c        0x0 D:/WorkSpace/ccs9/simplelink_msp432p4_sdk_3_40_01_02/source/ti/devices/msp432p4xx/driverlib/ccs/msp432p4xx_driverlib.lib(rtc_c.o)
 .text          0x0000615c        0x0 D:/WorkSpace/ccs9/simplelink_msp432p4_sdk_3_40_01_02/source/ti/devices/msp432p4xx/driverlib/ccs/msp432p4xx_driverlib.lib(sysctl.o)
 .text          0x0000615c        0x0 D:/WorkSpace/ccs9/simplelink_msp432p4_sdk_3_40_01_02/source/ti/devices/msp432p4xx/driverlib/ccs/msp432p4xx_driverlib.lib(sysctl_a.o)
 .text          0x0000615c        0x0 D:/WorkSpace/ccs9/simplelink_msp432p4_sdk_3_40_01_02/source/ti/devices/msp432p4xx/driverlib/ccs/msp432p4xx_driverlib.lib(systick.o)
 .text          0x0000615c        0x0 D:/WorkSpace/ccs9/simplelink_msp432p4_sdk_3_40_01_02/source/ti/devices/msp432p4xx/driverlib/ccs/msp432p4xx_driverlib.lib(timer_a.o)
 .text          0x0000615c        0x0 D:/WorkSpace/ccs9/simplelink_msp432p4_sdk_3_40_01_02/source/ti/devices/msp432p4xx/driverlib/ccs/msp432p4xx_driverlib.lib(uart.o)
 .text          0x0000615c        0x0 D:/WorkSpace/ccs9/simplelink_msp432p4_sdk_3_40_01_02/source/ti/devices/msp432p4xx/driverlib/ccs/msp432p4xx_driverlib.lib(wdt_a.o)
 .text          0x0000615c        0x0 D:/WorkSpace/ccs9/simplelink_msp432p4_sdk_3_40_01_02/source/ti/devices/msp432p4xx/driverlib/ccs/msp432p4xx_driverlib.lib(cpu.o)
 .text          0x0000615c      0x254 d:/software/ccs930/ccs/tools/compiler/gcc-arm-none-eabi-9-2019-q4-major/bin/../lib/gcc/arm-none-eabi/9.2.1/thumb/v7e-m/nofp\libgcc.a(_arm_muldf3.o)
 .text          0x000063b0      0x378 d:/software/ccs930/ccs/tools/compiler/gcc-arm-none-eabi-9-2019-q4-major/bin/../lib/gcc/arm-none-eabi/9.2.1/thumb/v7e-m/nofp\libgcc.a(_arm_addsubdf3.o)
                0x000063b0                __aeabi_drsub
                0x000063b8                __aeabi_dsub
                0x000063b8                __subdf3
                0x000063bc                __aeabi_dadd
                0x000063bc                __adddf3
                0x00006634                __floatunsidf
                0x00006634                __aeabi_ui2d
                0x00006654                __floatsidf
                0x00006654                __aeabi_i2d
                0x00006678                __aeabi_f2d
                0x00006678                __extendsfdf2
                0x000066bc                __floatundidf
                0x000066bc                __aeabi_ul2d
                0x000066cc                __floatdidf
                0x000066cc                __aeabi_l2d
 .text          0x00006728      0x424 d:/software/ccs930/ccs/tools/compiler/gcc-arm-none-eabi-9-2019-q4-major/bin/../lib/gcc/arm-none-eabi/9.2.1/thumb/v7e-m/nofp\libgcc.a(_arm_muldivdf3.o)
                0x00006728                __aeabi_dmul
                0x00006728                __muldf3
                0x0000697c                __divdf3
                0x0000697c                __aeabi_ddiv
 .text          0x00006b4c      0x110 d:/software/ccs930/ccs/tools/compiler/gcc-arm-none-eabi-9-2019-q4-major/bin/../lib/gcc/arm-none-eabi/9.2.1/thumb/v7e-m/nofp\libgcc.a(_arm_cmpdf2.o)
                0x00006b4c                __gtdf2
                0x00006b4c                __gedf2
                0x00006b54                __ltdf2
                0x00006b54                __ledf2
                0x00006b5c                __nedf2
                0x00006b5c                __eqdf2
                0x00006b5c                __cmpdf2
                0x00006bd8                __aeabi_cdrcmple
                0x00006be8                __aeabi_cdcmpeq
                0x00006be8                __aeabi_cdcmple
                0x00006bf8                __aeabi_dcmpeq
                0x00006c0c                __aeabi_dcmplt
                0x00006c20                __aeabi_dcmple
                0x00006c34                __aeabi_dcmpge
                0x00006c48                __aeabi_dcmpgt
 .text          0x00006c5c       0x2c d:/software/ccs930/ccs/tools/compiler/gcc-arm-none-eabi-9-2019-q4-major/bin/../lib/gcc/arm-none-eabi/9.2.1/thumb/v7e-m/nofp\libgcc.a(_arm_unorddf2.o)
                0x00006c5c                __unorddf2
                0x00006c5c                __aeabi_dcmpun
 .text          0x00006c88       0x50 d:/software/ccs930/ccs/tools/compiler/gcc-arm-none-eabi-9-2019-q4-major/bin/../lib/gcc/arm-none-eabi/9.2.1/thumb/v7e-m/nofp\libgcc.a(_arm_fixdfsi.o)
                0x00006c88                __aeabi_d2iz
                0x00006c88                __fixdfsi
 .text          0x00006cd8       0x40 d:/software/ccs930/ccs/tools/compiler/gcc-arm-none-eabi-9-2019-q4-major/bin/../lib/gcc/arm-none-eabi/9.2.1/thumb/v7e-m/nofp\libgcc.a(_arm_fixunsdfsi.o)
                0x00006cd8                __aeabi_d2uiz
                0x00006cd8                __fixunsdfsi
 .text          0x00006d18       0xa0 d:/software/ccs930/ccs/tools/compiler/gcc-arm-none-eabi-9-2019-q4-major/bin/../lib/gcc/arm-none-eabi/9.2.1/thumb/v7e-m/nofp\libgcc.a(_arm_truncdfsf2.o)
                0x00006d18                __truncdfsf2
                0x00006d18                __aeabi_d2f
 .text          0x00006db8       0x30 d:/software/ccs930/ccs/tools/compiler/gcc-arm-none-eabi-9-2019-q4-major/bin/../lib/gcc/arm-none-eabi/9.2.1/thumb/v7e-m/nofp\libgcc.a(_aeabi_uldivmod.o)
                0x00006db8                __aeabi_uldivmod
 .text          0x00006de8      0x2c0 d:/software/ccs930/ccs/tools/compiler/gcc-arm-none-eabi-9-2019-q4-major/bin/../lib/gcc/arm-none-eabi/9.2.1/thumb/v7e-m/nofp\libgcc.a(_udivmoddi4.o)
                0x00006de8                __udivmoddi4
 .text          0x000070a8      0x9b8 d:/software/ccs930/ccs/tools/compiler/gcc-arm-none-eabi-9-2019-q4-major/bin/../lib/gcc/arm-none-eabi/9.2.1/thumb/v7e-m/nofp\libgcc.a(unwind-arm.o)
                0x00007350                _Unwind_GetCFA
                0x00007354                __gnu_Unwind_RaiseException
                0x000073b4                __gnu_Unwind_ForcedUnwind
                0x000073c8                __gnu_Unwind_Resume
                0x0000740c                __gnu_Unwind_Resume_or_Rethrow
                0x0000741c                _Unwind_Complete
                0x00007420                _Unwind_DeleteException
                0x0000742c                _Unwind_VRS_Get
                0x00007474                _Unwind_VRS_Set
                0x000074bc                __gnu_Unwind_Backtrace
                0x000077dc                __aeabi_unwind_cpp_pr0
                0x000077e0                __aeabi_unwind_cpp_pr1
                0x000077e4                __aeabi_unwind_cpp_pr2
                0x000077e8                _Unwind_VRS_Pop
 .text          0x00007a60      0x1ac d:/software/ccs930/ccs/tools/compiler/gcc-arm-none-eabi-9-2019-q4-major/bin/../lib/gcc/arm-none-eabi/9.2.1/thumb/v7e-m/nofp\libgcc.a(libunwind.o)
                0x00007a60                __restore_core_regs
                0x00007a60                restore_core_regs
                0x00007a78                __gnu_Unwind_Restore_VFP
                0x00007a80                __gnu_Unwind_Save_VFP
                0x00007a88                __gnu_Unwind_Restore_VFP_D
                0x00007a90                __gnu_Unwind_Save_VFP_D
                0x00007a98                __gnu_Unwind_Restore_VFP_D_16_to_31
                0x00007aa0                __gnu_Unwind_Save_VFP_D_16_to_31
                0x00007aa8                __gnu_Unwind_Restore_WMMXD
                0x00007aec                __gnu_Unwind_Save_WMMXD
                0x00007b30                __gnu_Unwind_Restore_WMMXC
                0x00007b44                __gnu_Unwind_Save_WMMXC
                0x00007b58                ___Unwind_RaiseException
                0x00007b58                _Unwind_RaiseException
                0x00007b7c                _Unwind_Resume
                0x00007b7c                ___Unwind_Resume
                0x00007ba0                _Unwind_Resume_or_Rethrow
                0x00007ba0                ___Unwind_Resume_or_Rethrow
                0x00007bc4                _Unwind_ForcedUnwind
                0x00007bc4                ___Unwind_ForcedUnwind
                0x00007be8                ___Unwind_Backtrace
                0x00007be8                _Unwind_Backtrace
 .text          0x00007c0c      0x340 d:/software/ccs930/ccs/tools/compiler/gcc-arm-none-eabi-9-2019-q4-major/bin/../lib/gcc/arm-none-eabi/9.2.1/thumb/v7e-m/nofp\libgcc.a(pr-support.o)
                0x00007c64                __gnu_unwind_execute
                0x00007f00                __gnu_unwind_frame
                0x00007f2c                _Unwind_GetRegionStart
                0x00007f38                _Unwind_GetLanguageSpecificData
 .text          0x00007f4c        0x4 d:/software/ccs930/ccs/tools/compiler/gcc-arm-none-eabi-9-2019-q4-major/bin/../lib/gcc/arm-none-eabi/9.2.1/thumb/v7e-m/nofp\libgcc.a(_dvmd_tls.o)
                0x00007f4c                __aeabi_idiv0
                0x00007f4c                __aeabi_ldiv0
 .text          0x00007f50        0x0 d:/software/ccs930/ccs/tools/compiler/gcc-arm-none-eabi-9-2019-q4-major/bin/../lib/gcc/arm-none-eabi/9.2.1/thumb/v7e-m/nofp/crtend.o
 .text          0x00007f50        0x0 d:/software/ccs930/ccs/tools/compiler/gcc-arm-none-eabi-9-2019-q4-major/bin/../lib/gcc/arm-none-eabi/9.2.1/thumb/v7e-m/nofp/crtn.o
 *(.text.*)
 .text.startup  0x00007f50      0x34c ./main.o
                0x00007f74                main
 .text._ZN22PIDPathTrackControllerD2Ev
                0x0000829c       0x14 ./Apps/Car.o
                0x0000829c                PIDPathTrackController::~PIDPathTrackController()
                0x0000829c                PIDPathTrackController::~PIDPathTrackController()
 .text._ZN7carTask16PathTrackSimTaskD2Ev
                0x000082b0       0x14 ./Apps/Car.o
                0x000082b0                carTask::PathTrackSimTask::~PathTrackSimTask()
                0x000082b0                carTask::PathTrackSimTask::~PathTrackSimTask()
 .text._ZN5Eigen8internal31generic_dense_assignment_kernelINS0_9evaluatorINS_6MatrixIfLi3ELi1ELi0ELi3ELi1EEEEENS2_INS_3MapIKS4_Li0ENS_6StrideILi0ELi0EEEEEEENS0_9assign_opIffEELi0EE11assignCoeffEi
                0x000082c4       0x16 ./Apps/Car.o
                0x000082c4                Eigen::internal::generic_dense_assignment_kernel<Eigen::internal::evaluator<Eigen::Matrix<float, 3, 1, 0, 3, 1> >, Eigen::internal::evaluator<Eigen::Map<Eigen::Matrix<float, 3, 1, 0, 3, 1> const, 0, Eigen::Stride<0, 0> > >, Eigen::internal::assign_op<float, float>, 0>::assignCoeff(int)
 .text._ZN7carTask16PathTrackSimTaskD0Ev
                0x000082da       0x14 ./Apps/Car.o
                0x000082da                carTask::PathTrackSimTask::~PathTrackSimTask()
 .text._ZN22PIDPathTrackControllerD0Ev
                0x000082ee       0x14 ./Apps/Car.o
                0x000082ee                PIDPathTrackController::~PIDPathTrackController()
 *fill*         0x00008302        0x2 
 .text.startup  0x00008304       0x9c ./Apps/Car.o
 .text._ZN23PIDParkAdjustControllerD2Ev
                0x000083a0        0x2 ./Apps/PIDController.o
                0x000083a0                PIDParkAdjustController::~PIDParkAdjustController()
                0x000083a0                PIDParkAdjustController::~PIDParkAdjustController()
 .text._ZN21PIDDistanceControllerD2Ev
                0x000083a2        0x2 ./Apps/PIDController.o
                0x000083a2                PIDDistanceController::~PIDDistanceController()
                0x000083a2                PIDDistanceController::~PIDDistanceController()
 .text._ZN18ESOSpeedControllerD2Ev
                0x000083a4        0x2 ./Apps/PIDController.o
                0x000083a4                ESOSpeedController::~ESOSpeedController()
                0x000083a4                ESOSpeedController::~ESOSpeedController()
 .text._ZN18PIDSpeedControllerD2Ev
                0x000083a6        0x2 ./Apps/PIDController.o
                0x000083a6                PIDSpeedController::~PIDSpeedController()
                0x000083a6                PIDSpeedController::~PIDSpeedController()
 .text._ZN23PIDParkAdjustControllerD0Ev
                0x000083a8        0xe ./Apps/PIDController.o
                0x000083a8                PIDParkAdjustController::~PIDParkAdjustController()
 .text._ZN21PIDDistanceControllerD0Ev
                0x000083b6        0xe ./Apps/PIDController.o
                0x000083b6                PIDDistanceController::~PIDDistanceController()
 .text._ZN18ESOSpeedControllerD0Ev
                0x000083c4        0xe ./Apps/PIDController.o
                0x000083c4                ESOSpeedController::~ESOSpeedController()
 .text._ZN18PIDSpeedControllerD0Ev
                0x000083d2        0xe ./Apps/PIDController.o
                0x000083d2                PIDSpeedController::~PIDSpeedController()
 .text._Z3Falff
                0x000083e0       0xe0 ./Apps/PIDController.o
                0x000083e0                Fal(float, float)
 .text.startup  0x000084c0       0x24 ./Apps/Task.o
 .text.startup  0x000084e4       0x24 ./Apps/motor_timer.o
 .text._ZN5fuzzy22Fuzzy3InputsControllerD2Ev
                0x00008508       0x14 ./FuzzyControl/CarFuzzy.o
                0x00008508                fuzzy::Fuzzy3InputsController::~Fuzzy3InputsController()
                0x00008508                fuzzy::Fuzzy3InputsController::~Fuzzy3InputsController()
 .text._ZN5fuzzy22Fuzzy3InputsControllerD0Ev
                0x0000851c       0x14 ./FuzzyControl/CarFuzzy.o
                0x0000851c                fuzzy::Fuzzy3InputsController::~Fuzzy3InputsController()
 .text.startup  0x00008530      0x64c ./FuzzyControl/CarFuzzy.o
 .text._ZN5Eigen8internal15BlockImpl_denseINS_6MatrixIfLi3ELi4ELi0ELi3ELi4EEELi3ELi1ELb1ELb1EEC2ERKS4_
                0x00008b7c       0x16 ./FuzzyControl/CarSim.o
                0x00008b7c                Eigen::internal::BlockImpl_dense<Eigen::Matrix<float, 3, 4, 0, 3, 4>, 3, 1, true, true>::BlockImpl_dense(Eigen::internal::BlockImpl_dense<Eigen::Matrix<float, 3, 4, 0, 3, 4>, 3, 1, true, true> const&)
                0x00008b7c                Eigen::internal::BlockImpl_dense<Eigen::Matrix<float, 3, 4, 0, 3, 4>, 3, 1, true, true>::BlockImpl_dense(Eigen::internal::BlockImpl_dense<Eigen::Matrix<float, 3, 4, 0, 3, 4>, 3, 1, true, true> const&)
 .text._ZN5Eigen13CwiseBinaryOpINS_8internal13scalar_sum_opIffEEKNS0_IS3_KNS_5BlockINS_6MatrixIfLi3ELi4ELi0ELi3ELi4EEELi3ELi1ELb1EEEKNS0_INS1_17scalar_product_opIffEEKNS_14CwiseNullaryOpINS1_18scalar_constant_opIfEEKNS5_IfLi3ELi1ELi0ELi3ELi1EEEEES8_EEEESJ_EC2ERKSM_
                0x00008b92       0x32 ./FuzzyControl/CarSim.o
                0x00008b92                Eigen::CwiseBinaryOp<Eigen::internal::scalar_sum_op<float, float>, Eigen::CwiseBinaryOp<Eigen::internal::scalar_sum_op<float, float>, Eigen::Block<Eigen::Matrix<float, 3, 4, 0, 3, 4>, 3, 1, true> const, Eigen::CwiseBinaryOp<Eigen::internal::scalar_product_op<float, float>, Eigen::CwiseNullaryOp<Eigen::internal::scalar_constant_op<float>, Eigen::Matrix<float, 3, 1, 0, 3, 1> const> const, Eigen::Block<Eigen::Matrix<float, 3, 4, 0, 3, 4>, 3, 1, true> const> const> const, Eigen::CwiseBinaryOp<Eigen::internal::scalar_product_op<float, float>, Eigen::CwiseNullaryOp<Eigen::internal::scalar_constant_op<float>, Eigen::Matrix<float, 3, 1, 0, 3, 1> const> const, Eigen::Block<Eigen::Matrix<float, 3, 4, 0, 3, 4>, 3, 1, true> const> const>::CwiseBinaryOp(Eigen::CwiseBinaryOp<Eigen::internal::scalar_sum_op<float, float>, Eigen::CwiseBinaryOp<Eigen::internal::scalar_sum_op<float, float>, Eigen::Block<Eigen::Matrix<float, 3, 4, 0, 3, 4>, 3, 1, true> const, Eigen::CwiseBinaryOp<Eigen::internal::scalar_product_op<float, float>, Eigen::CwiseNullaryOp<Eigen::internal::scalar_constant_op<float>, Eigen::Matrix<float, 3, 1, 0, 3, 1> const> const, Eigen::Block<Eigen::Matrix<float, 3, 4, 0, 3, 4>, 3, 1, true> const> const> const, Eigen::CwiseBinaryOp<Eigen::internal::scalar_product_op<float, float>, Eigen::CwiseNullaryOp<Eigen::internal::scalar_constant_op<float>, Eigen::Matrix<float, 3, 1, 0, 3, 1> const> const, Eigen::Block<Eigen::Matrix<float, 3, 4, 0, 3, 4>, 3, 1, true> const> const> const&)
                0x00008b92                Eigen::CwiseBinaryOp<Eigen::internal::scalar_sum_op<float, float>, Eigen::CwiseBinaryOp<Eigen::internal::scalar_sum_op<float, float>, Eigen::Block<Eigen::Matrix<float, 3, 4, 0, 3, 4>, 3, 1, true> const, Eigen::CwiseBinaryOp<Eigen::internal::scalar_product_op<float, float>, Eigen::CwiseNullaryOp<Eigen::internal::scalar_constant_op<float>, Eigen::Matrix<float, 3, 1, 0, 3, 1> const> const, Eigen::Block<Eigen::Matrix<float, 3, 4, 0, 3, 4>, 3, 1, true> const> const> const, Eigen::CwiseBinaryOp<Eigen::internal::scalar_product_op<float, float>, Eigen::CwiseNullaryOp<Eigen::internal::scalar_constant_op<float>, Eigen::Matrix<float, 3, 1, 0, 3, 1> const> const, Eigen::Block<Eigen::Matrix<float, 3, 4, 0, 3, 4>, 3, 1, true> const> const>::CwiseBinaryOp(Eigen::CwiseBinaryOp<Eigen::internal::scalar_sum_op<float, float>, Eigen::CwiseBinaryOp<Eigen::internal::scalar_sum_op<float, float>, Eigen::Block<Eigen::Matrix<float, 3, 4, 0, 3, 4>, 3, 1, true> const, Eigen::CwiseBinaryOp<Eigen::internal::scalar_product_op<float, float>, Eigen::CwiseNullaryOp<Eigen::internal::scalar_constant_op<float>, Eigen::Matrix<float, 3, 1, 0, 3, 1> const> const, Eigen::Block<Eigen::Matrix<float, 3, 4, 0, 3, 4>, 3, 1, true> const> const> const, Eigen::CwiseBinaryOp<Eigen::internal::scalar_product_op<float, float>, Eigen::CwiseNullaryOp<Eigen::internal::scalar_constant_op<float>, Eigen::Matrix<float, 3, 1, 0, 3, 1> const> const, Eigen::Block<Eigen::Matrix<float, 3, 4, 0, 3, 4>, 3, 1, true> const> const> const&)
 .text._ZN5Eigen8internal17mapbase_evaluatorINS_5BlockINS_6MatrixIfLi3ELi4ELi0ELi3ELi4EEELi3ELi1ELb1EEENS3_IfLi3ELi1ELi0ELi3ELi1EEEEC2ERKS5_
                0x00008bc4       0x28 ./FuzzyControl/CarSim.o
                0x00008bc4                Eigen::internal::mapbase_evaluator<Eigen::Block<Eigen::Matrix<float, 3, 4, 0, 3, 4>, 3, 1, true>, Eigen::Matrix<float, 3, 1, 0, 3, 1> >::mapbase_evaluator(Eigen::Block<Eigen::Matrix<float, 3, 4, 0, 3, 4>, 3, 1, true> const&)
                0x00008bc4                Eigen::internal::mapbase_evaluator<Eigen::Block<Eigen::Matrix<float, 3, 4, 0, 3, 4>, 3, 1, true>, Eigen::Matrix<float, 3, 1, 0, 3, 1> >::mapbase_evaluator(Eigen::Block<Eigen::Matrix<float, 3, 4, 0, 3, 4>, 3, 1, true> const&)
 .text._ZN5Eigen8internal31generic_dense_assignment_kernelINS0_9evaluatorINS_5BlockINS_6MatrixIfLi3ELi4ELi0ELi3ELi4EEELi3ELi1ELb1EEEEENS2_INS4_IfLi3ELi1ELi0ELi3ELi1EEEEENS0_9assign_opIffEELi0EE11assignCoeffEi
                0x00008bec       0x16 ./FuzzyControl/CarSim.o
                0x00008bec                Eigen::internal::generic_dense_assignment_kernel<Eigen::internal::evaluator<Eigen::Block<Eigen::Matrix<float, 3, 4, 0, 3, 4>, 3, 1, true> >, Eigen::internal::evaluator<Eigen::Matrix<float, 3, 1, 0, 3, 1> >, Eigen::internal::assign_op<float, float>, 0>::assignCoeff(int)
 .text._ZN5Eigen8internal26call_dense_assignment_loopINS_5BlockINS_6MatrixIfLi3ELi4ELi0ELi3ELi4EEELi3ELi1ELb1EEENS3_IfLi3ELi1ELi0ELi3ELi1EEENS0_9assign_opIffEEEEvRT_RKT0_RKT1_
                0x00008c02       0x3a ./FuzzyControl/CarSim.o
                0x00008c02                void Eigen::internal::call_dense_assignment_loop<Eigen::Block<Eigen::Matrix<float, 3, 4, 0, 3, 4>, 3, 1, true>, Eigen::Matrix<float, 3, 1, 0, 3, 1>, Eigen::internal::assign_op<float, float> >(Eigen::Block<Eigen::Matrix<float, 3, 4, 0, 3, 4>, 3, 1, true>&, Eigen::Matrix<float, 3, 1, 0, 3, 1> const&, Eigen::internal::assign_op<float, float> const&)
 .text._ZN5Eigen8internal31generic_dense_assignment_kernelINS0_9evaluatorINS_6MatrixIfLi3ELi1ELi0ELi3ELi1EEEEES5_NS0_9assign_opIffEELi0EE11assignCoeffEi
                0x00008c3c       0x16 ./FuzzyControl/CarSim.o
                0x00008c3c                Eigen::internal::generic_dense_assignment_kernel<Eigen::internal::evaluator<Eigen::Matrix<float, 3, 1, 0, 3, 1> >, Eigen::internal::evaluator<Eigen::Matrix<float, 3, 1, 0, 3, 1> >, Eigen::internal::assign_op<float, float>, 0>::assignCoeff(int)
 .text._ZN5Eigen8internal31generic_dense_assignment_kernelINS0_9evaluatorINS_6MatrixIfLi3ELi1ELi0ELi3ELi1EEEEENS2_INS_13CwiseBinaryOpINS0_13scalar_sum_opIffEEKS4_KNS6_INS0_17scalar_product_opIffEEKNS_14CwiseNullaryOpINS0_18scalar_constant_opIfEES9_EEKNS6_IS8_KNS6_IS8_KNS6_IS8_KNS_5BlockINS3_IfLi3ELi4ELi0ELi3ELi4EEELi3ELi1ELb1EEEKNS6_ISB_SG_SK_EEEESM_EESK_EEEEEEEENS0_9assign_opIffEELi0EE11assignCoeffEi
                0x00008c52       0x60 ./FuzzyControl/CarSim.o
                0x00008c52                Eigen::internal::generic_dense_assignment_kernel<Eigen::internal::evaluator<Eigen::Matrix<float, 3, 1, 0, 3, 1> >, Eigen::internal::evaluator<Eigen::CwiseBinaryOp<Eigen::internal::scalar_sum_op<float, float>, Eigen::Matrix<float, 3, 1, 0, 3, 1> const, Eigen::CwiseBinaryOp<Eigen::internal::scalar_product_op<float, float>, Eigen::CwiseNullaryOp<Eigen::internal::scalar_constant_op<float>, Eigen::Matrix<float, 3, 1, 0, 3, 1> const> const, Eigen::CwiseBinaryOp<Eigen::internal::scalar_sum_op<float, float>, Eigen::CwiseBinaryOp<Eigen::internal::scalar_sum_op<float, float>, Eigen::CwiseBinaryOp<Eigen::internal::scalar_sum_op<float, float>, Eigen::Block<Eigen::Matrix<float, 3, 4, 0, 3, 4>, 3, 1, true> const, Eigen::CwiseBinaryOp<Eigen::internal::scalar_product_op<float, float>, Eigen::CwiseNullaryOp<Eigen::internal::scalar_constant_op<float>, Eigen::Matrix<float, 3, 1, 0, 3, 1> const> const, Eigen::Block<Eigen::Matrix<float, 3, 4, 0, 3, 4>, 3, 1, true> const> const> const, Eigen::CwiseBinaryOp<Eigen::internal::scalar_product_op<float, float>, Eigen::CwiseNullaryOp<Eigen::internal::scalar_constant_op<float>, Eigen::Matrix<float, 3, 1, 0, 3, 1> const> const, Eigen::Block<Eigen::Matrix<float, 3, 4, 0, 3, 4>, 3, 1, true> const> const> const, Eigen::Block<Eigen::Matrix<float, 3, 4, 0, 3, 4>, 3, 1, true> const> const> const> >, Eigen::internal::assign_op<float, float>, 0>::assignCoeff(int)
 *fill*         0x00008cb2        0x2 
 .text.startup  0x00008cb4       0x24 ./FuzzyControl/CarSim.o
 .text._ZNSt14_Bit_referenceaSEb
                0x00008cd8       0x16 ./PathTrack/PathGenerator.o
                0x00008cd8                std::_Bit_reference::operator=(bool)
 .text._ZNSt14_Bit_referenceaSERKS_
                0x00008cee       0x16 ./PathTrack/PathGenerator.o
                0x00008cee                std::_Bit_reference::operator=(std::_Bit_reference const&)
 .text._ZNSt18_Bit_iterator_base10_M_bump_upEv
                0x00008d04       0x18 ./PathTrack/PathGenerator.o
                0x00008d04                std::_Bit_iterator_base::_M_bump_up()
 .text._ZNK5Eigen10MatrixBaseINS_6MatrixIfLi2ELi1ELi0ELi2ELi1EEEE4normEv
                0x00008d1c       0x14 ./PathTrack/PathGenerator.o
                0x00008d1c                Eigen::MatrixBase<Eigen::Matrix<float, 2, 1, 0, 2, 1> >::norm() const
 .text._ZNSt7__cxx114listIPN9pathTrack8PathPartESaIS3_EE9push_backEOS3_
                0x00008d30       0x1e ./PathTrack/PathGenerator.o
                0x00008d30                std::__cxx11::list<pathTrack::PathPart*, std::allocator<pathTrack::PathPart*> >::push_back(pathTrack::PathPart*&&)
 *fill*         0x00008d4e        0x2 
 .text._ZNSt6vectorItSaItEE17_M_realloc_insertIJRKtEEEvN9__gnu_cxx17__normal_iteratorIPtS1_EEDpOT_
                0x00008d50       0x9c ./PathTrack/PathGenerator.o
                0x00008d50                void std::vector<unsigned short, std::allocator<unsigned short> >::_M_realloc_insert<unsigned short const&>(__gnu_cxx::__normal_iterator<unsigned short*, std::vector<unsigned short, std::allocator<unsigned short> > >, unsigned short const&)
 .text._ZNKSt6vectorIbSaIbEE4sizeEv
                0x00008dec        0xe ./PathTrack/PathGenerator.o
                0x00008dec                std::vector<bool, std::allocator<bool> >::size() const
 *fill*         0x00008dfa        0x2 
 .text._ZNSt6vectorIbSaIbEE13_M_insert_auxESt13_Bit_iteratorb
                0x00008dfc      0x200 ./PathTrack/PathGenerator.o
                0x00008dfc                std::vector<bool, std::allocator<bool> >::_M_insert_aux(std::_Bit_iterator, bool)
 .text._ZN5Eigen8internal26call_dense_assignment_loopINS_6MatrixIfLi2ELi1ELi0ELi2ELi1EEENS_13CwiseBinaryOpINS0_13scalar_sum_opIffEEKS3_KNS4_INS0_17scalar_product_opIffEEKNS_14CwiseNullaryOpINS0_18scalar_constant_opIfEES7_EES7_EEEENS0_9assign_opIffEEEEvRT_RKT0_RKT1_
                0x00008ffc       0x2a ./PathTrack/PathGenerator.o
                0x00008ffc                void Eigen::internal::call_dense_assignment_loop<Eigen::Matrix<float, 2, 1, 0, 2, 1>, Eigen::CwiseBinaryOp<Eigen::internal::scalar_sum_op<float, float>, Eigen::Matrix<float, 2, 1, 0, 2, 1> const, Eigen::CwiseBinaryOp<Eigen::internal::scalar_product_op<float, float>, Eigen::CwiseNullaryOp<Eigen::internal::scalar_constant_op<float>, Eigen::Matrix<float, 2, 1, 0, 2, 1> const> const, Eigen::Matrix<float, 2, 1, 0, 2, 1> const> const>, Eigen::internal::assign_op<float, float> >(Eigen::Matrix<float, 2, 1, 0, 2, 1>&, Eigen::CwiseBinaryOp<Eigen::internal::scalar_sum_op<float, float>, Eigen::Matrix<float, 2, 1, 0, 2, 1> const, Eigen::CwiseBinaryOp<Eigen::internal::scalar_product_op<float, float>, Eigen::CwiseNullaryOp<Eigen::internal::scalar_constant_op<float>, Eigen::Matrix<float, 2, 1, 0, 2, 1> const> const, Eigen::Matrix<float, 2, 1, 0, 2, 1> const> const> const&, Eigen::internal::assign_op<float, float> const&)
 .text._ZN5Eigen8internal54copy_using_evaluator_LinearTraversal_CompleteUnrollingINS0_31generic_dense_assignment_kernelINS0_9evaluatorINS_6MatrixIfLi2ELi1ELi0ELi2ELi1EEEEENS3_INS_13CwiseBinaryOpINS0_13scalar_sum_opIffEEKS5_KNS7_INS0_17scalar_product_opIffEEKNS_14CwiseNullaryOpINS0_18scalar_constant_opIfEESA_EEKNS7_INS0_20scalar_difference_opIffEESA_SA_EEEEEEEENS0_9assign_opIffEELi0EEELi0ELi2EE3runERSS_
                0x00009026       0x48 ./PathTrack/PathGenerator.o
                0x00009026                Eigen::internal::copy_using_evaluator_LinearTraversal_CompleteUnrolling<Eigen::internal::generic_dense_assignment_kernel<Eigen::internal::evaluator<Eigen::Matrix<float, 2, 1, 0, 2, 1> >, Eigen::internal::evaluator<Eigen::CwiseBinaryOp<Eigen::internal::scalar_sum_op<float, float>, Eigen::Matrix<float, 2, 1, 0, 2, 1> const, Eigen::CwiseBinaryOp<Eigen::internal::scalar_product_op<float, float>, Eigen::CwiseNullaryOp<Eigen::internal::scalar_constant_op<float>, Eigen::Matrix<float, 2, 1, 0, 2, 1> const> const, Eigen::CwiseBinaryOp<Eigen::internal::scalar_difference_op<float, float>, Eigen::Matrix<float, 2, 1, 0, 2, 1> const, Eigen::Matrix<float, 2, 1, 0, 2, 1> const> const> const> >, Eigen::internal::assign_op<float, float>, 0>, 0, 2>::run(Eigen::internal::generic_dense_assignment_kernel<Eigen::internal::evaluator<Eigen::Matrix<float, 2, 1, 0, 2, 1> >, Eigen::internal::evaluator<Eigen::CwiseBinaryOp<Eigen::internal::scalar_sum_op<float, float>, Eigen::Matrix<float, 2, 1, 0, 2, 1> const, Eigen::CwiseBinaryOp<Eigen::internal::scalar_product_op<float, float>, Eigen::CwiseNullaryOp<Eigen::internal::scalar_constant_op<float>, Eigen::Matrix<float, 2, 1, 0, 2, 1> const> const, Eigen::CwiseBinaryOp<Eigen::internal::scalar_difference_op<float, float>, Eigen::Matrix<float, 2, 1, 0, 2, 1> const, Eigen::Matrix<float, 2, 1, 0, 2, 1> const> const> const> >, Eigen::internal::assign_op<float, float>, 0>&)
 *fill*         0x0000906e        0x2 
 .text._ZN5Eigen9DenseBaseINS_5BlockINS_6MatrixIfLi2ELi2ELi0ELi2ELi2EEELin1ELin1ELb0EEEE6resizeEii
                0x00009070       0x2c ./PathTrack/PathGenerator.o
                0x00009070                Eigen::DenseBase<Eigen::Block<Eigen::Matrix<float, 2, 2, 0, 2, 2>, -1, -1, false> >::resize(int, int)
 .text._ZN5Eigen8internal15call_assignmentINS_5BlockINS_6MatrixIfLi2ELi2ELi0ELi2ELi2EEELin1ELin1ELb0EEENS_9TransposeINS3_IfLi2ELi1ELi0ELi2ELi1EEEEEEEvRT_RKT0_
                0x0000909c       0x8c ./PathTrack/PathGenerator.o
                0x0000909c                void Eigen::internal::call_assignment<Eigen::Block<Eigen::Matrix<float, 2, 2, 0, 2, 2>, -1, -1, false>, Eigen::Transpose<Eigen::Matrix<float, 2, 1, 0, 2, 1> > >(Eigen::Block<Eigen::Matrix<float, 2, 2, 0, 2, 2>, -1, -1, false>&, Eigen::Transpose<Eigen::Matrix<float, 2, 1, 0, 2, 1> > const&)
 .text._ZN5Eigen8internal26call_dense_assignment_loopINS_5BlockINS_6MatrixIfLi2ELi2ELi0ELi2ELi2EEELin1ELin1ELb0EEENS3_IfLi2ELi1ELi0ELi2ELi1EEENS0_9assign_opIffEEEEvRT_RKT0_RKT1_
                0x00009128       0x6c ./PathTrack/PathGenerator.o
                0x00009128                void Eigen::internal::call_dense_assignment_loop<Eigen::Block<Eigen::Matrix<float, 2, 2, 0, 2, 2>, -1, -1, false>, Eigen::Matrix<float, 2, 1, 0, 2, 1>, Eigen::internal::assign_op<float, float> >(Eigen::Block<Eigen::Matrix<float, 2, 2, 0, 2, 2>, -1, -1, false>&, Eigen::Matrix<float, 2, 1, 0, 2, 1> const&, Eigen::internal::assign_op<float, float> const&)
 .text._ZN5Eigen8internal31generic_dense_assignment_kernelINS0_9evaluatorINS_6MatrixIfLi2ELi1ELi0ELi2ELi1EEEEENS2_INS_13CwiseBinaryOpINS0_20scalar_difference_opIffEEKS4_S9_EEEENS0_9assign_opIffEELi0EE11assignCoeffEi
                0x00009194       0x28 ./PathTrack/PathGenerator.o
                0x00009194                Eigen::internal::generic_dense_assignment_kernel<Eigen::internal::evaluator<Eigen::Matrix<float, 2, 1, 0, 2, 1> >, Eigen::internal::evaluator<Eigen::CwiseBinaryOp<Eigen::internal::scalar_difference_op<float, float>, Eigen::Matrix<float, 2, 1, 0, 2, 1> const, Eigen::Matrix<float, 2, 1, 0, 2, 1> const> >, Eigen::internal::assign_op<float, float>, 0>::assignCoeff(int)
 .text._ZN5Eigen8internal26call_dense_assignment_loopINS_6MatrixIfLi2ELi1ELi0ELi2ELi1EEENS_13CwiseBinaryOpINS0_20scalar_difference_opIffEEKS3_S7_EENS0_9assign_opIffEEEEvRT_RKT0_RKT1_
                0x000091bc       0x30 ./PathTrack/PathGenerator.o
                0x000091bc                void Eigen::internal::call_dense_assignment_loop<Eigen::Matrix<float, 2, 1, 0, 2, 1>, Eigen::CwiseBinaryOp<Eigen::internal::scalar_difference_op<float, float>, Eigen::Matrix<float, 2, 1, 0, 2, 1> const, Eigen::Matrix<float, 2, 1, 0, 2, 1> const>, Eigen::internal::assign_op<float, float> >(Eigen::Matrix<float, 2, 1, 0, 2, 1>&, Eigen::CwiseBinaryOp<Eigen::internal::scalar_difference_op<float, float>, Eigen::Matrix<float, 2, 1, 0, 2, 1> const, Eigen::Matrix<float, 2, 1, 0, 2, 1> const> const&, Eigen::internal::assign_op<float, float> const&)
 .text._ZN5Eigen8internal31generic_dense_assignment_kernelINS0_9evaluatorINS_6MatrixIfLi2ELi2ELi0ELi2ELi2EEEEES5_NS0_9assign_opIffEELi0EE11assignCoeffEi
                0x000091ec       0x16 ./PathTrack/PathGenerator.o
                0x000091ec                Eigen::internal::generic_dense_assignment_kernel<Eigen::internal::evaluator<Eigen::Matrix<float, 2, 2, 0, 2, 2> >, Eigen::internal::evaluator<Eigen::Matrix<float, 2, 2, 0, 2, 2> >, Eigen::internal::assign_op<float, float>, 0>::assignCoeff(int)
 .text._ZN5Eigen8internal31generic_dense_assignment_kernelINS0_9evaluatorINS_6MatrixIfLi2ELi1ELi0ELi2ELi1EEEEENS2_INS_13CwiseBinaryOpINS0_13scalar_sum_opIffEEKS4_S9_EEEENS0_9assign_opIffEELi0EE11assignCoeffEi
                0x00009202       0x28 ./PathTrack/PathGenerator.o
                0x00009202                Eigen::internal::generic_dense_assignment_kernel<Eigen::internal::evaluator<Eigen::Matrix<float, 2, 1, 0, 2, 1> >, Eigen::internal::evaluator<Eigen::CwiseBinaryOp<Eigen::internal::scalar_sum_op<float, float>, Eigen::Matrix<float, 2, 1, 0, 2, 1> const, Eigen::Matrix<float, 2, 1, 0, 2, 1> const> >, Eigen::internal::assign_op<float, float>, 0>::assignCoeff(int)
 .text._ZN5Eigen8internal31generic_dense_assignment_kernelINS0_9evaluatorINS_6MatrixIfLi2ELi1ELi0ELi2ELi1EEEEES5_NS0_14swap_assign_opIfEELi1EE11assignCoeffEi
                0x0000922a       0x1a ./PathTrack/PathGenerator.o
                0x0000922a                Eigen::internal::generic_dense_assignment_kernel<Eigen::internal::evaluator<Eigen::Matrix<float, 2, 1, 0, 2, 1> >, Eigen::internal::evaluator<Eigen::Matrix<float, 2, 1, 0, 2, 1> >, Eigen::internal::swap_assign_op<float>, 1>::assignCoeff(int)
 .text.startup  0x00009244       0x24 ./PathTrack/PathGenerator.o
 .text._ZN5Eigen8internal31generic_dense_assignment_kernelINS0_9evaluatorINS_6MatrixIfLi3ELi1ELi0ELi3ELi1EEEEENS2_INS_13CwiseBinaryOpINS0_13scalar_sum_opIffEEKS4_KNS6_INS0_17scalar_product_opIffEEKNS_14CwiseNullaryOpINS0_18scalar_constant_opIfEES9_EES9_EEEEEENS0_9assign_opIffEELi0EE11assignCoeffEi
                0x00009268       0x2e ./PathTrack/PathTrackSim.o
                0x00009268                Eigen::internal::generic_dense_assignment_kernel<Eigen::internal::evaluator<Eigen::Matrix<float, 3, 1, 0, 3, 1> >, Eigen::internal::evaluator<Eigen::CwiseBinaryOp<Eigen::internal::scalar_sum_op<float, float>, Eigen::Matrix<float, 3, 1, 0, 3, 1> const, Eigen::CwiseBinaryOp<Eigen::internal::scalar_product_op<float, float>, Eigen::CwiseNullaryOp<Eigen::internal::scalar_constant_op<float>, Eigen::Matrix<float, 3, 1, 0, 3, 1> const> const, Eigen::Matrix<float, 3, 1, 0, 3, 1> const> const> >, Eigen::internal::assign_op<float, float>, 0>::assignCoeff(int)
 *fill*         0x00009296        0x2 
 .text.startup  0x00009298       0x24 ./PathTrack/PathTrackSim.o
 .text.__aeabi_atexit
                0x000092bc        0xc d:/software/ccs930/ccs/tools/compiler/gcc-arm-none-eabi-9-2019-q4-major/bin/../lib/gcc/arm-none-eabi/9.2.1/../../../../arm-none-eabi/lib/thumb/v7e-m/nofp\libc.a(lib_a-aeabi_atexit.o)
                0x000092bc                __aeabi_atexit
 .text.__assert_func
                0x000092c8       0x3c d:/software/ccs930/ccs/tools/compiler/gcc-arm-none-eabi-9-2019-q4-major/bin/../lib/gcc/arm-none-eabi/9.2.1/../../../../arm-none-eabi/lib/thumb/v7e-m/nofp\libc.a(lib_a-assert.o)
                0x000092c8                __assert_func
 .text.__assert
                0x00009304        0xc d:/software/ccs930/ccs/tools/compiler/gcc-arm-none-eabi-9-2019-q4-major/bin/../lib/gcc/arm-none-eabi/9.2.1/../../../../arm-none-eabi/lib/thumb/v7e-m/nofp\libc.a(lib_a-assert.o)
                0x00009304                __assert
 .text.__cxa_atexit
                0x00009310       0x14 d:/software/ccs930/ccs/tools/compiler/gcc-arm-none-eabi-9-2019-q4-major/bin/../lib/gcc/arm-none-eabi/9.2.1/../../../../arm-none-eabi/lib/thumb/v7e-m/nofp\libc.a(lib_a-cxa_atexit.o)
                0x00009310                __cxa_atexit
 .text.exit     0x00009324       0x20 d:/software/ccs930/ccs/tools/compiler/gcc-arm-none-eabi-9-2019-q4-major/bin/../lib/gcc/arm-none-eabi/9.2.1/../../../../arm-none-eabi/lib/thumb/v7e-m/nofp\libc.a(lib_a-exit.o)
                0x00009324                exit
 .text._fiprintf_r
                0x00009344       0x1c d:/software/ccs930/ccs/tools/compiler/gcc-arm-none-eabi-9-2019-q4-major/bin/../lib/gcc/arm-none-eabi/9.2.1/../../../../arm-none-eabi/lib/thumb/v7e-m/nofp\libc.a(lib_a-fiprintf.o)
                0x00009344                _fiprintf_r
 .text.fiprintf
                0x00009360       0x28 d:/software/ccs930/ccs/tools/compiler/gcc-arm-none-eabi-9-2019-q4-major/bin/../lib/gcc/arm-none-eabi/9.2.1/../../../../arm-none-eabi/lib/thumb/v7e-m/nofp\libc.a(lib_a-fiprintf.o)
                0x00009360                fiprintf
 .text.__libc_init_array
                0x00009388       0x48 d:/software/ccs930/ccs/tools/compiler/gcc-arm-none-eabi-9-2019-q4-major/bin/../lib/gcc/arm-none-eabi/9.2.1/../../../../arm-none-eabi/lib/thumb/v7e-m/nofp\libc.a(lib_a-init.o)
                0x00009388                __libc_init_array
 .text.malloc   0x000093d0       0x10 d:/software/ccs930/ccs/tools/compiler/gcc-arm-none-eabi-9-2019-q4-major/bin/../lib/gcc/arm-none-eabi/9.2.1/../../../../arm-none-eabi/lib/thumb/v7e-m/nofp\libc.a(lib_a-malloc.o)
                0x000093d0                malloc
 .text.free     0x000093e0       0x10 d:/software/ccs930/ccs/tools/compiler/gcc-arm-none-eabi-9-2019-q4-major/bin/../lib/gcc/arm-none-eabi/9.2.1/../../../../arm-none-eabi/lib/thumb/v7e-m/nofp\libc.a(lib_a-malloc.o)
                0x000093e0                free
 .text._malloc_r
                0x000093f0      0x574 d:/software/ccs930/ccs/tools/compiler/gcc-arm-none-eabi-9-2019-q4-major/bin/../lib/gcc/arm-none-eabi/9.2.1/../../../../arm-none-eabi/lib/thumb/v7e-m/nofp\libc.a(lib_a-mallocr.o)
                0x000093f0                _malloc_r
 .text.memmove  0x00009964       0xd8 d:/software/ccs930/ccs/tools/compiler/gcc-arm-none-eabi-9-2019-q4-major/bin/../lib/gcc/arm-none-eabi/9.2.1/../../../../arm-none-eabi/lib/thumb/v7e-m/nofp\libc.a(lib_a-memmove.o)
                0x00009964                memmove
 .text.memset   0x00009a3c       0xa0 d:/software/ccs930/ccs/tools/compiler/gcc-arm-none-eabi-9-2019-q4-major/bin/../lib/gcc/arm-none-eabi/9.2.1/../../../../arm-none-eabi/lib/thumb/v7e-m/nofp\libc.a(lib_a-memset.o)
                0x00009a3c                memset
 .text.__malloc_lock
                0x00009adc        0xc d:/software/ccs930/ccs/tools/compiler/gcc-arm-none-eabi-9-2019-q4-major/bin/../lib/gcc/arm-none-eabi/9.2.1/../../../../arm-none-eabi/lib/thumb/v7e-m/nofp\libc.a(lib_a-mlock.o)
                0x00009adc                __malloc_lock
 .text.__malloc_unlock
                0x00009ae8        0xc d:/software/ccs930/ccs/tools/compiler/gcc-arm-none-eabi-9-2019-q4-major/bin/../lib/gcc/arm-none-eabi/9.2.1/../../../../arm-none-eabi/lib/thumb/v7e-m/nofp\libc.a(lib_a-mlock.o)
                0x00009ae8                __malloc_unlock
 .text._sbrk_r  0x00009af4       0x24 d:/software/ccs930/ccs/tools/compiler/gcc-arm-none-eabi-9-2019-q4-major/bin/../lib/gcc/arm-none-eabi/9.2.1/../../../../arm-none-eabi/lib/thumb/v7e-m/nofp\libc.a(lib_a-sbrkr.o)
                0x00009af4                _sbrk_r
 .text._sprintf_r
                0x00009b18       0x38 d:/software/ccs930/ccs/tools/compiler/gcc-arm-none-eabi-9-2019-q4-major/bin/../lib/gcc/arm-none-eabi/9.2.1/../../../../arm-none-eabi/lib/thumb/v7e-m/nofp\libc.a(lib_a-sprintf.o)
                0x00009b18                _sprintf_r
 .text.sprintf  0x00009b50       0x44 d:/software/ccs930/ccs/tools/compiler/gcc-arm-none-eabi-9-2019-q4-major/bin/../lib/gcc/arm-none-eabi/9.2.1/../../../../arm-none-eabi/lib/thumb/v7e-m/nofp\libc.a(lib_a-sprintf.o)
                0x00009b50                sprintf
 .text.strchr   0x00009b94       0xd0 d:/software/ccs930/ccs/tools/compiler/gcc-arm-none-eabi-9-2019-q4-major/bin/../lib/gcc/arm-none-eabi/9.2.1/../../../../arm-none-eabi/lib/thumb/v7e-m/nofp\libc.a(lib_a-strchr.o)
                0x00009b94                strchr
 .text.strcpy   0x00009c64       0xbc d:/software/ccs930/ccs/tools/compiler/gcc-arm-none-eabi-9-2019-q4-major/bin/../lib/gcc/arm-none-eabi/9.2.1/../../../../arm-none-eabi/lib/thumb/v7e-m/nofp\libc.a(lib_a-strcpy.o)
                0x00009c64                strcpy
 .text.strncmp  0x00009d20       0x7c d:/software/ccs930/ccs/tools/compiler/gcc-arm-none-eabi-9-2019-q4-major/bin/../lib/gcc/arm-none-eabi/9.2.1/../../../../arm-none-eabi/lib/thumb/v7e-m/nofp\libc.a(lib_a-strncmp.o)
                0x00009d20                strncmp
 .text._svfprintf_r
                0x00009d9c     0x1acc d:/software/ccs930/ccs/tools/compiler/gcc-arm-none-eabi-9-2019-q4-major/bin/../lib/gcc/arm-none-eabi/9.2.1/../../../../arm-none-eabi/lib/thumb/v7e-m/nofp\libc.a(lib_a-svfprintf.o)
                0x00009d9c                _svfprintf_r
 .text.__sprint_r.part.0
                0x0000b868       0x78 d:/software/ccs930/ccs/tools/compiler/gcc-arm-none-eabi-9-2019-q4-major/bin/../lib/gcc/arm-none-eabi/9.2.1/../../../../arm-none-eabi/lib/thumb/v7e-m/nofp\libc.a(lib_a-vfiprintf.o)
 .text.__sprint_r
                0x0000b8e0       0x14 d:/software/ccs930/ccs/tools/compiler/gcc-arm-none-eabi-9-2019-q4-major/bin/../lib/gcc/arm-none-eabi/9.2.1/../../../../arm-none-eabi/lib/thumb/v7e-m/nofp\libc.a(lib_a-vfiprintf.o)
                0x0000b8e0                __sprint_r
 .text._vfiprintf_r
                0x0000b8f4      0xd38 d:/software/ccs930/ccs/tools/compiler/gcc-arm-none-eabi-9-2019-q4-major/bin/../lib/gcc/arm-none-eabi/9.2.1/../../../../arm-none-eabi/lib/thumb/v7e-m/nofp\libc.a(lib_a-vfiprintf.o)
                0x0000b8f4                _vfiprintf_r
 .text.vfiprintf
                0x0000c62c       0x18 d:/software/ccs930/ccs/tools/compiler/gcc-arm-none-eabi-9-2019-q4-major/bin/../lib/gcc/arm-none-eabi/9.2.1/../../../../arm-none-eabi/lib/thumb/v7e-m/nofp\libc.a(lib_a-vfiprintf.o)
                0x0000c62c                vfiprintf
 .text.__sbprintf
                0x0000c644       0x84 d:/software/ccs930/ccs/tools/compiler/gcc-arm-none-eabi-9-2019-q4-major/bin/../lib/gcc/arm-none-eabi/9.2.1/../../../../arm-none-eabi/lib/thumb/v7e-m/nofp\libc.a(lib_a-vfiprintf.o)
 .text.__swsetup_r
                0x0000c6c8       0xd0 d:/software/ccs930/ccs/tools/compiler/gcc-arm-none-eabi-9-2019-q4-major/bin/../lib/gcc/arm-none-eabi/9.2.1/../../../../arm-none-eabi/lib/thumb/v7e-m/nofp\libc.a(lib_a-wsetup.o)
                0x0000c6c8                __swsetup_r
 .text.__register_exitproc
                0x0000c798       0x8c d:/software/ccs930/ccs/tools/compiler/gcc-arm-none-eabi-9-2019-q4-major/bin/../lib/gcc/arm-none-eabi/9.2.1/../../../../arm-none-eabi/lib/thumb/v7e-m/nofp\libc.a(lib_a-__atexit.o)
                0x0000c798                __register_exitproc
 .text.startup.register_fini
                0x0000c824       0x14 d:/software/ccs930/ccs/tools/compiler/gcc-arm-none-eabi-9-2019-q4-major/bin/../lib/gcc/arm-none-eabi/9.2.1/../../../../arm-none-eabi/lib/thumb/v7e-m/nofp\libc.a(lib_a-__call_atexit.o)
 .text.__call_exitprocs
                0x0000c838       0xc4 d:/software/ccs930/ccs/tools/compiler/gcc-arm-none-eabi-9-2019-q4-major/bin/../lib/gcc/arm-none-eabi/9.2.1/../../../../arm-none-eabi/lib/thumb/v7e-m/nofp\libc.a(lib_a-__call_atexit.o)
                0x0000c838                __call_exitprocs
 .text.abort    0x0000c8fc       0x10 d:/software/ccs930/ccs/tools/compiler/gcc-arm-none-eabi-9-2019-q4-major/bin/../lib/gcc/arm-none-eabi/9.2.1/../../../../arm-none-eabi/lib/thumb/v7e-m/nofp\libc.a(lib_a-abort.o)
                0x0000c8fc                abort
 .text.atexit   0x0000c90c        0xc d:/software/ccs930/ccs/tools/compiler/gcc-arm-none-eabi-9-2019-q4-major/bin/../lib/gcc/arm-none-eabi/9.2.1/../../../../arm-none-eabi/lib/thumb/v7e-m/nofp\libc.a(lib_a-atexit.o)
                0x0000c90c                atexit
 .text.quorem   0x0000c918      0x11c d:/software/ccs930/ccs/tools/compiler/gcc-arm-none-eabi-9-2019-q4-major/bin/../lib/gcc/arm-none-eabi/9.2.1/../../../../arm-none-eabi/lib/thumb/v7e-m/nofp\libc.a(lib_a-dtoa.o)
 *fill*         0x0000ca34        0x4 
 .text._dtoa_r  0x0000ca38      0xeb8 d:/software/ccs930/ccs/tools/compiler/gcc-arm-none-eabi-9-2019-q4-major/bin/../lib/gcc/arm-none-eabi/9.2.1/../../../../arm-none-eabi/lib/thumb/v7e-m/nofp\libc.a(lib_a-dtoa.o)
                0x0000ca38                _dtoa_r
 .text.__sflush_r
                0x0000d8f0      0x130 d:/software/ccs930/ccs/tools/compiler/gcc-arm-none-eabi-9-2019-q4-major/bin/../lib/gcc/arm-none-eabi/9.2.1/../../../../arm-none-eabi/lib/thumb/v7e-m/nofp\libc.a(lib_a-fflush.o)
                0x0000d8f0                __sflush_r
 .text._fflush_r
                0x0000da20       0x5c d:/software/ccs930/ccs/tools/compiler/gcc-arm-none-eabi-9-2019-q4-major/bin/../lib/gcc/arm-none-eabi/9.2.1/../../../../arm-none-eabi/lib/thumb/v7e-m/nofp\libc.a(lib_a-fflush.o)
                0x0000da20                _fflush_r
 .text.fflush   0x0000da7c       0x24 d:/software/ccs930/ccs/tools/compiler/gcc-arm-none-eabi-9-2019-q4-major/bin/../lib/gcc/arm-none-eabi/9.2.1/../../../../arm-none-eabi/lib/thumb/v7e-m/nofp\libc.a(lib_a-fflush.o)
                0x0000da7c                fflush
 .text.std      0x0000daa0       0x50 d:/software/ccs930/ccs/tools/compiler/gcc-arm-none-eabi-9-2019-q4-major/bin/../lib/gcc/arm-none-eabi/9.2.1/../../../../arm-none-eabi/lib/thumb/v7e-m/nofp\libc.a(lib_a-findfp.o)
 .text._cleanup_r
                0x0000daf0        0xc d:/software/ccs930/ccs/tools/compiler/gcc-arm-none-eabi-9-2019-q4-major/bin/../lib/gcc/arm-none-eabi/9.2.1/../../../../arm-none-eabi/lib/thumb/v7e-m/nofp\libc.a(lib_a-findfp.o)
                0x0000daf0                _cleanup_r
 .text.__fp_lock
                0x0000dafc       0x1c d:/software/ccs930/ccs/tools/compiler/gcc-arm-none-eabi-9-2019-q4-major/bin/../lib/gcc/arm-none-eabi/9.2.1/../../../../arm-none-eabi/lib/thumb/v7e-m/nofp\libc.a(lib_a-findfp.o)
 .text.__fp_unlock
                0x0000db18       0x1c d:/software/ccs930/ccs/tools/compiler/gcc-arm-none-eabi-9-2019-q4-major/bin/../lib/gcc/arm-none-eabi/9.2.1/../../../../arm-none-eabi/lib/thumb/v7e-m/nofp\libc.a(lib_a-findfp.o)
 .text.__sfmoreglue
                0x0000db34       0x30 d:/software/ccs930/ccs/tools/compiler/gcc-arm-none-eabi-9-2019-q4-major/bin/../lib/gcc/arm-none-eabi/9.2.1/../../../../arm-none-eabi/lib/thumb/v7e-m/nofp\libc.a(lib_a-findfp.o)
                0x0000db34                __sfmoreglue
 .text._cleanup
                0x0000db64       0x14 d:/software/ccs930/ccs/tools/compiler/gcc-arm-none-eabi-9-2019-q4-major/bin/../lib/gcc/arm-none-eabi/9.2.1/../../../../arm-none-eabi/lib/thumb/v7e-m/nofp\libc.a(lib_a-findfp.o)
                0x0000db64                _cleanup
 .text.__sinit  0x0000db78       0x54 d:/software/ccs930/ccs/tools/compiler/gcc-arm-none-eabi-9-2019-q4-major/bin/../lib/gcc/arm-none-eabi/9.2.1/../../../../arm-none-eabi/lib/thumb/v7e-m/nofp\libc.a(lib_a-findfp.o)
                0x0000db78                __sinit
 .text.__sfp    0x0000dbcc       0xa4 d:/software/ccs930/ccs/tools/compiler/gcc-arm-none-eabi-9-2019-q4-major/bin/../lib/gcc/arm-none-eabi/9.2.1/../../../../arm-none-eabi/lib/thumb/v7e-m/nofp\libc.a(lib_a-findfp.o)
                0x0000dbcc                __sfp
 .text.__sfp_lock_acquire
                0x0000dc70        0xc d:/software/ccs930/ccs/tools/compiler/gcc-arm-none-eabi-9-2019-q4-major/bin/../lib/gcc/arm-none-eabi/9.2.1/../../../../arm-none-eabi/lib/thumb/v7e-m/nofp\libc.a(lib_a-findfp.o)
                0x0000dc70                __sfp_lock_acquire
 .text.__sfp_lock_release
                0x0000dc7c        0xc d:/software/ccs930/ccs/tools/compiler/gcc-arm-none-eabi-9-2019-q4-major/bin/../lib/gcc/arm-none-eabi/9.2.1/../../../../arm-none-eabi/lib/thumb/v7e-m/nofp\libc.a(lib_a-findfp.o)
                0x0000dc7c                __sfp_lock_release
 .text.__sinit_lock_acquire
                0x0000dc88        0xc d:/software/ccs930/ccs/tools/compiler/gcc-arm-none-eabi-9-2019-q4-major/bin/../lib/gcc/arm-none-eabi/9.2.1/../../../../arm-none-eabi/lib/thumb/v7e-m/nofp\libc.a(lib_a-findfp.o)
                0x0000dc88                __sinit_lock_acquire
 .text.__sinit_lock_release
                0x0000dc94        0xc d:/software/ccs930/ccs/tools/compiler/gcc-arm-none-eabi-9-2019-q4-major/bin/../lib/gcc/arm-none-eabi/9.2.1/../../../../arm-none-eabi/lib/thumb/v7e-m/nofp\libc.a(lib_a-findfp.o)
                0x0000dc94                __sinit_lock_release
 .text.__fp_lock_all
                0x0000dca0       0x24 d:/software/ccs930/ccs/tools/compiler/gcc-arm-none-eabi-9-2019-q4-major/bin/../lib/gcc/arm-none-eabi/9.2.1/../../../../arm-none-eabi/lib/thumb/v7e-m/nofp\libc.a(lib_a-findfp.o)
                0x0000dca0                __fp_lock_all
 .text.__fp_unlock_all
                0x0000dcc4       0x24 d:/software/ccs930/ccs/tools/compiler/gcc-arm-none-eabi-9-2019-q4-major/bin/../lib/gcc/arm-none-eabi/9.2.1/../../../../arm-none-eabi/lib/thumb/v7e-m/nofp\libc.a(lib_a-findfp.o)
                0x0000dcc4                __fp_unlock_all
 .text.__libc_fini_array
                0x0000dce8       0x2c d:/software/ccs930/ccs/tools/compiler/gcc-arm-none-eabi-9-2019-q4-major/bin/../lib/gcc/arm-none-eabi/9.2.1/../../../../arm-none-eabi/lib/thumb/v7e-m/nofp\libc.a(lib_a-fini.o)
                0x0000dce8                __libc_fini_array
 .text.__fputwc
                0x0000dd14       0xa8 d:/software/ccs930/ccs/tools/compiler/gcc-arm-none-eabi-9-2019-q4-major/bin/../lib/gcc/arm-none-eabi/9.2.1/../../../../arm-none-eabi/lib/thumb/v7e-m/nofp\libc.a(lib_a-fputwc.o)
                0x0000dd14                __fputwc
 .text._fputwc_r
                0x0000ddbc       0x68 d:/software/ccs930/ccs/tools/compiler/gcc-arm-none-eabi-9-2019-q4-major/bin/../lib/gcc/arm-none-eabi/9.2.1/../../../../arm-none-eabi/lib/thumb/v7e-m/nofp\libc.a(lib_a-fputwc.o)
                0x0000ddbc                _fputwc_r
 .text.fputwc   0x0000de24       0x38 d:/software/ccs930/ccs/tools/compiler/gcc-arm-none-eabi-9-2019-q4-major/bin/../lib/gcc/arm-none-eabi/9.2.1/../../../../arm-none-eabi/lib/thumb/v7e-m/nofp\libc.a(lib_a-fputwc.o)
                0x0000de24                fputwc
 .text._malloc_trim_r
                0x0000de5c       0xa0 d:/software/ccs930/ccs/tools/compiler/gcc-arm-none-eabi-9-2019-q4-major/bin/../lib/gcc/arm-none-eabi/9.2.1/../../../../arm-none-eabi/lib/thumb/v7e-m/nofp\libc.a(lib_a-freer.o)
                0x0000de5c                _malloc_trim_r
 .text._free_r  0x0000defc      0x208 d:/software/ccs930/ccs/tools/compiler/gcc-arm-none-eabi-9-2019-q4-major/bin/../lib/gcc/arm-none-eabi/9.2.1/../../../../arm-none-eabi/lib/thumb/v7e-m/nofp\libc.a(lib_a-freer.o)
                0x0000defc                _free_r
 .text.__sfvwrite_r
                0x0000e104      0x2e0 d:/software/ccs930/ccs/tools/compiler/gcc-arm-none-eabi-9-2019-q4-major/bin/../lib/gcc/arm-none-eabi/9.2.1/../../../../arm-none-eabi/lib/thumb/v7e-m/nofp\libc.a(lib_a-fvwrite.o)
                0x0000e104                __sfvwrite_r
 .text._fwalk   0x0000e3e4       0x40 d:/software/ccs930/ccs/tools/compiler/gcc-arm-none-eabi-9-2019-q4-major/bin/../lib/gcc/arm-none-eabi/9.2.1/../../../../arm-none-eabi/lib/thumb/v7e-m/nofp\libc.a(lib_a-fwalk.o)
                0x0000e3e4                _fwalk
 .text._fwalk_reent
                0x0000e424       0x48 d:/software/ccs930/ccs/tools/compiler/gcc-arm-none-eabi-9-2019-q4-major/bin/../lib/gcc/arm-none-eabi/9.2.1/../../../../arm-none-eabi/lib/thumb/v7e-m/nofp\libc.a(lib_a-fwalk.o)
                0x0000e424                _fwalk_reent
 .text._setlocale_r
                0x0000e46c       0x40 d:/software/ccs930/ccs/tools/compiler/gcc-arm-none-eabi-9-2019-q4-major/bin/../lib/gcc/arm-none-eabi/9.2.1/../../../../arm-none-eabi/lib/thumb/v7e-m/nofp\libc.a(lib_a-locale.o)
                0x0000e46c                _setlocale_r
 .text.__locale_mb_cur_max
                0x0000e4ac        0xc d:/software/ccs930/ccs/tools/compiler/gcc-arm-none-eabi-9-2019-q4-major/bin/../lib/gcc/arm-none-eabi/9.2.1/../../../../arm-none-eabi/lib/thumb/v7e-m/nofp\libc.a(lib_a-locale.o)
                0x0000e4ac                __locale_mb_cur_max
 .text.setlocale
                0x0000e4b8       0x10 d:/software/ccs930/ccs/tools/compiler/gcc-arm-none-eabi-9-2019-q4-major/bin/../lib/gcc/arm-none-eabi/9.2.1/../../../../arm-none-eabi/lib/thumb/v7e-m/nofp\libc.a(lib_a-locale.o)
                0x0000e4b8                setlocale
 .text.__localeconv_l
                0x0000e4c8        0x4 d:/software/ccs930/ccs/tools/compiler/gcc-arm-none-eabi-9-2019-q4-major/bin/../lib/gcc/arm-none-eabi/9.2.1/../../../../arm-none-eabi/lib/thumb/v7e-m/nofp\libc.a(lib_a-localeconv.o)
                0x0000e4c8                __localeconv_l
 .text._localeconv_r
                0x0000e4cc        0x8 d:/software/ccs930/ccs/tools/compiler/gcc-arm-none-eabi-9-2019-q4-major/bin/../lib/gcc/arm-none-eabi/9.2.1/../../../../arm-none-eabi/lib/thumb/v7e-m/nofp\libc.a(lib_a-localeconv.o)
                0x0000e4cc                _localeconv_r
 .text.localeconv
                0x0000e4d4        0x8 d:/software/ccs930/ccs/tools/compiler/gcc-arm-none-eabi-9-2019-q4-major/bin/../lib/gcc/arm-none-eabi/9.2.1/../../../../arm-none-eabi/lib/thumb/v7e-m/nofp\libc.a(lib_a-localeconv.o)
                0x0000e4d4                localeconv
 .text.__retarget_lock_init
                0x0000e4dc        0x4 d:/software/ccs930/ccs/tools/compiler/gcc-arm-none-eabi-9-2019-q4-major/bin/../lib/gcc/arm-none-eabi/9.2.1/../../../../arm-none-eabi/lib/thumb/v7e-m/nofp\libc.a(lib_a-lock.o)
                0x0000e4dc                __retarget_lock_init
 .text.__retarget_lock_init_recursive
                0x0000e4e0        0x4 d:/software/ccs930/ccs/tools/compiler/gcc-arm-none-eabi-9-2019-q4-major/bin/../lib/gcc/arm-none-eabi/9.2.1/../../../../arm-none-eabi/lib/thumb/v7e-m/nofp\libc.a(lib_a-lock.o)
                0x0000e4e0                __retarget_lock_init_recursive
 .text.__retarget_lock_close
                0x0000e4e4        0x4 d:/software/ccs930/ccs/tools/compiler/gcc-arm-none-eabi-9-2019-q4-major/bin/../lib/gcc/arm-none-eabi/9.2.1/../../../../arm-none-eabi/lib/thumb/v7e-m/nofp\libc.a(lib_a-lock.o)
                0x0000e4e4                __retarget_lock_close
 .text.__retarget_lock_close_recursive
                0x0000e4e8        0x4 d:/software/ccs930/ccs/tools/compiler/gcc-arm-none-eabi-9-2019-q4-major/bin/../lib/gcc/arm-none-eabi/9.2.1/../../../../arm-none-eabi/lib/thumb/v7e-m/nofp\libc.a(lib_a-lock.o)
                0x0000e4e8                __retarget_lock_close_recursive
 .text.__retarget_lock_acquire
                0x0000e4ec        0x4 d:/software/ccs930/ccs/tools/compiler/gcc-arm-none-eabi-9-2019-q4-major/bin/../lib/gcc/arm-none-eabi/9.2.1/../../../../arm-none-eabi/lib/thumb/v7e-m/nofp\libc.a(lib_a-lock.o)
                0x0000e4ec                __retarget_lock_acquire
 .text.__retarget_lock_acquire_recursive
                0x0000e4f0        0x4 d:/software/ccs930/ccs/tools/compiler/gcc-arm-none-eabi-9-2019-q4-major/bin/../lib/gcc/arm-none-eabi/9.2.1/../../../../arm-none-eabi/lib/thumb/v7e-m/nofp\libc.a(lib_a-lock.o)
                0x0000e4f0                __retarget_lock_acquire_recursive
 .text.__retarget_lock_try_acquire
                0x0000e4f4        0x4 d:/software/ccs930/ccs/tools/compiler/gcc-arm-none-eabi-9-2019-q4-major/bin/../lib/gcc/arm-none-eabi/9.2.1/../../../../arm-none-eabi/lib/thumb/v7e-m/nofp\libc.a(lib_a-lock.o)
                0x0000e4f4                __retarget_lock_try_acquire
 .text.__retarget_lock_try_acquire_recursive
                0x0000e4f8        0x4 d:/software/ccs930/ccs/tools/compiler/gcc-arm-none-eabi-9-2019-q4-major/bin/../lib/gcc/arm-none-eabi/9.2.1/../../../../arm-none-eabi/lib/thumb/v7e-m/nofp\libc.a(lib_a-lock.o)
                0x0000e4f8                __retarget_lock_try_acquire_recursive
 .text.__retarget_lock_release
                0x0000e4fc        0x4 d:/software/ccs930/ccs/tools/compiler/gcc-arm-none-eabi-9-2019-q4-major/bin/../lib/gcc/arm-none-eabi/9.2.1/../../../../arm-none-eabi/lib/thumb/v7e-m/nofp\libc.a(lib_a-lock.o)
                0x0000e4fc                __retarget_lock_release
 .text.__retarget_lock_release_recursive
                0x0000e500        0x4 d:/software/ccs930/ccs/tools/compiler/gcc-arm-none-eabi-9-2019-q4-major/bin/../lib/gcc/arm-none-eabi/9.2.1/../../../../arm-none-eabi/lib/thumb/v7e-m/nofp\libc.a(lib_a-lock.o)
                0x0000e500                __retarget_lock_release_recursive
 .text.__swhatbuf_r