******************************************************************************
                  TI ARM Linker PC v18.12.8                    
******************************************************************************
>> Linked Wed May 26 20:01:17 2021

OUTPUT FILE NAME:   <CarMSP432.out>
ENTRY POINT SYMBOL: "_c_int00_noargs"  address: 0000fc79


MEMORY CONFIGURATION

         name            origin    length      used     unused   attr    fill
----------------------  --------  ---------  --------  --------  ----  --------
  MAIN                  00000000   00040000  00015816  0002a7ea  R  X
  INFO                  00200000   00004000  00000000  00004000  R  X
  SRAM_CODE             01000000   00010000  0000874f  000078b1  RW X
  SRAM_DATA             20000000   00010000  0000874f  000078b1  RW  


SEGMENT ALLOCATION MAP

run origin  load origin   length   init length attrs members
----------  ----------- ---------- ----------- ----- -------
00000000    00000000    00015820   00015820    r-x
  00000000    00000000    000000e4   000000e4    r-- .intvecs
  000000e8    000000e8    0001081a   0001081a    r-x .text
  00010908    00010908    00004b7c   00004b7c    r-- .const
  00015484    00015484    0000000c   0000000c    r-- .init_array
  00015490    00015490    00000390   00000390    r-- .cinit
20000000    20000000    00004751   00000000    rw-
  20000000    20000000    000000e8   00000000    rw- .vtable
  200000e8    200000e8    00002000   00000000    rw- .sysmem
  200020e8    200020e8    0000187e   00000000    rw- .data
  20003968    20003968    00000de9   00000000    rw- .bss
2000c000    2000c000    00004000   00000000    rw-
  2000c000    2000c000    00004000   00000000    rw- .stack


SECTION ALLOCATION MAP

 output                                  attributes/
section   page    origin      length       input sections
--------  ----  ----------  ----------   ----------------
.intvecs   0    00000000    000000e4     
                  00000000    000000e4     startup_msp432p401r_ccs.obj (.intvecs:retain)

.binit     0    00000000    00000000     

.text      0    000000e8    0001081a     
                  000000e8    00001df4     cJSON.obj (.text)
                  00001edc    00000004     rtsv7M4_T_le_v4SPD16_eabi.lib : typeinfo.c.obj (.text:_ZN10__cxxabiv117__class_type_infoD1Ev)
                  00001ee0    000010a4     PathGenerator.obj (.text)
                  00002f84    00000004     rtsv7M4_T_le_v4SPD16_eabi.lib : typeinfo.c.obj (.text:_ZN10__cxxabiv120__si_class_type_infoD1Ev)
                  00002f88    00000c78     PathTrackSim.obj (.text)
                  00003c00    00000be0     Car.obj (.text)
                  000047e0    00000b62     MyOLED.obj (.text)
                  00005342    00000002     rtsv7M4_T_le_v4SPD16_eabi.lib : stdlib_typeinfo.cpp.obj (.text:_ZNSt9type_infoD1Ev)
                  00005344    00000a4e                                   : _printfi.c.obj (.text:__TI_printfi)
                  00005d92    00000002                                   : _lock.c.obj (.text:_nop)
                  00005d94    000009d0                                   : e_pow.c.obj (.text:pow)
                  00006764    00000004                                   : new.cpp.obj (.text:_ZdlPvj)
                  00006768    000009c4     my_uart.obj (.text)
                  0000712c    00000004     rtsv7M4_T_le_v4SPD16_eabi.lib : new.cpp.obj (.text:_Znaj)
                  00007130    00000988     PIDController.obj (.text)
                  00007ab8    0000077c     CarFuzzy.obj (.text)
                  00008234    00000738     rtsv7M4_T_le_v4SPD16_eabi.lib : k_rem_pio2.c.obj (.text:__kernel_rem_pio2)
                  0000896c    0000058c                                   : e_powf.c.obj (.text:powf)
                  00008ef8    00000508                                   : s_tan.c.obj (.text:tan)
                  00009400    000004f8     motor_timer.obj (.text)
                  000098f8    00000392     CarSim.obj (.text)
                  00009c8a    00000006     rtsv7M4_T_le_v4SPD16_eabi.lib : dtor_list.c.obj (.text:__cxa_ia64_exit)
                  00009c90    00000352     MembershipFuction.obj (.text)
                  00009fe2    00000002     rtsv7M4_T_le_v4SPD16_eabi.lib : div0.asm.obj (.text)
                  00009fe4    0000031c                                   : k_tan.c.obj (.text:__kernel_tan)
                  0000a300    000002fe     system_msp432p401r.obj (.text)
                  0000a5fe    00000002     --HOLE-- [fill = 0]
                  0000a600    000002e6     Encoder.obj (.text)
                  0000a8e6    00000002     --HOLE-- [fill = 0]
                  0000a8e8    000002c8     main.obj (.text)
                  0000abb0    00000294     Task.obj (.text)
                  0000ae44    00000270     rtsv7M4_T_le_v4SPD16_eabi.lib : _printfi.c.obj (.text:_pconv_a)
                  0000b0b4    00000004                                   : error.c.obj (.text:__abort_execution)
                  0000b0b8    00000218     PathGenerator.obj (.text:_ZNSt3__216__copy_unalignedINS_6vectorIbNS_9allocatorIbEEEELb0EEENS_14__bit_iteratorIT_Lb0ELi0EEENS5_IS6_XT0_ELi0EEES8_S7_)
                  0000b2d0    000001ea     FuzzyController.obj (.text)
                  0000b4ba    00000002     --HOLE-- [fill = 0]
                  0000b4bc    000001d0     rtsv7M4_T_le_v4SPD16_eabi.lib : _printfi.c.obj (.text:_pconv_g)
                  0000b68c    00000004                                   : pre_init.c.obj (.text:_system_pre_init)
                  0000b690    000001c4     Motor.obj (.text)
                  0000b854    000001b6     rtsv7M4_T_le_v4SPD16_eabi.lib : fd_add_t2.asm.obj (.text)
                  0000ba0a    00000002     --HOLE-- [fill = 0]
                  0000ba0c    00000198                                   : e_acosf.c.obj (.text:acosf)
                  0000bba4    0000015c     msp432p4xx_driverlib.lib : pcm.o (.text:__PCM_setPowerModeAdvanced)
                  0000bd00    00000158     rtsv7M4_T_le_v4SPD16_eabi.lib : e_atan2f.c.obj (.text:atan2f)
                  0000be58    00000158                                   : e_sqrt.c.obj (.text:sqrt)
                  0000bfb0    00000150                                   : s_atanf.c.obj (.text:atanf)
                  0000c100    00000144     msp432p4xx_driverlib.lib : timer_a.o (.text:privateTimer_AProcessClockSourceDivider)
                  0000c244    0000013c     rtsv7M4_T_le_v4SPD16_eabi.lib : _printfi.c.obj (.text:_pconv_e)
                  0000c380    00000136                                   : fd_div_t2.asm.obj (.text)
                  0000c4b6    00000002     --HOLE-- [fill = 0]
                  0000c4b8    00000130     msp432p4xx_driverlib.lib : cs.o (.text:CS_initClockSignal)
                  0000c5e8    00000124     rtsv7M4_T_le_v4SPD16_eabi.lib : _printfi.c.obj (.text:fcvt)
                  0000c70c    0000011c     msp432p4xx_driverlib.lib : uart.o (.text:UART_initModule)
                  0000c828    00000118     rtsv7M4_T_le_v4SPD16_eabi.lib : memory.c.obj (.text:aligned_alloc)
                  0000c940    00000114                                   : fputs.c.obj (.text:fputs)
                  0000ca54    00000110                                   : s_scalbn.c.obj (.text:scalbn)
                  0000cb64    00000004                                   : exit.c.obj (.text:abort:abort)
                  0000cb68    0000010e     PathGenerator.obj (.text:_ZNSt3__214__copy_alignedINS_6vectorIbNS_9allocatorIbEEEELb0EEENS_14__bit_iteratorIT_Lb0ELi0EEENS5_IS6_XT0_ELi0EEES8_S7_)
                  0000cc76    00000002     --HOLE-- [fill = 0]
                  0000cc78    00000108     msp432p4xx_driverlib.lib : pcm.o (.text:__PCM_setCoreVoltageLevelAdvanced)
                  0000cd80    00000104                              : cs.o (.text:_CSComputeCLKFrequency)
                  0000ce84    000000fc     rtsv7M4_T_le_v4SPD16_eabi.lib : fd_mul_t2.asm.obj (.text)
                  0000cf80    000000f8     msp432p4xx_driverlib.lib : cs.o (.text:CS_getDCOFrequency)
                  0000d078    000000f8     rtsv7M4_T_le_v4SPD16_eabi.lib : s_floor.c.obj (.text:floor)
                  0000d170    000000e8     CarSim.obj (.text:_ZN5Eigen8internal26call_dense_assignment_loopINS_6MatrixIfLi3ELi1ELi0ELi3ELi1EEENS_13CwiseBinaryOpINS0_13scalar_sum_opIffEEKS3_KNS4_INS0_17scalar_product_opIffEEKNS_14CwiseNullaryOpINS0_18scalar_constant_opIfEES7_EEKNS4_IS6_KNS4_IS6_KNS4_IS6_KNS_5BlockINS2_IfLi3ELi4ELi0ELi3ELi4EEELi3ELi1ELb1EEEKNS4_IS9_SE_SI_EEEESK_EESI_EEEEEENS0_9assign_opIffEEEEvRT_RKT0_RKT1_)
                  0000d258    000000e4     rtsv7M4_T_le_v4SPD16_eabi.lib : memory.c.obj (.text:free)
                  0000d33c    00000004     --HOLE-- [fill = 0]
                  0000d340    000000e0     FuzzyVar.obj (.text)
                  0000d420    000000dc     rtsv7M4_T_le_v4SPD16_eabi.lib : setvbuf.c.obj (.text:setvbuf)
                  0000d4fc    000000d2     msp432p4xx_driverlib.lib : timer_a.o (.text:Timer_A_registerInterrupt)
                  0000d5ce    00000002     --HOLE-- [fill = 0]
                  0000d5d0    000000d0     rtsv7M4_T_le_v4SPD16_eabi.lib : s_scalbnf.c.obj (.text:scalbnf)
                  0000d6a0    000000c2     PathTrackSim.obj (.text:_ZN5Eigen8internal26call_dense_assignment_loopINS_6MatrixIfLi3ELi1ELi0ELi3ELi1EEENS_13CwiseBinaryOpINS0_17scalar_product_opIffEEKNS_14CwiseNullaryOpINS0_18scalar_constant_opIfEEKS3_EEKNS4_INS0_13scalar_sum_opIffEEKNS4_ISE_KNS4_ISE_KNS_5BlockINS2_IfLi3ELi4ELi0ELi3ELi4EEELi3ELi1ELb1EEEKNS4_IS6_SC_SI_EEEESK_EESI_EEEENS0_13add_assign_opIffEEEEvRT_RKT0_RKT1_)
                  0000d762    00000002     --HOLE-- [fill = 0]
                  0000d764    000000b4     rtsv7M4_T_le_v4SPD16_eabi.lib : s_cosf.c.obj (.text:cosf)
                  0000d818    000000b2     PathTrackSim.obj (.text:_ZN5Eigen13CwiseBinaryOpINS_8internal13scalar_sum_opIffEEKNS_6MatrixIfLi3ELi1ELi0ELi3ELi1EEEKNS0_INS1_17scalar_product_opIffEEKNS_14CwiseNullaryOpINS1_18scalar_constant_opIfEES6_EEKNS0_IS3_KNS0_IS3_KNS0_IS3_KNS_5BlockINS4_IfLi3ELi4ELi0ELi3ELi4EEELi3ELi1ELb1EEEKNS0_IS8_SD_SH_EEEESJ_EESH_EEEEEC1ERS6_RSR_RKS3_)
                  0000d8ca    00000002     --HOLE-- [fill = 0]
                  0000d8cc    000000b1     rtsv7M4_T_le_v4SPD16_eabi.lib : _printfi.c.obj (.text:_ltostr)
                  0000d97d    00000003     --HOLE-- [fill = 0]
                  0000d980    000000ac                                   : s_tanf.c.obj (.text:tanf)
                  0000da2c    00000004     --HOLE-- [fill = 0]
                  0000da30    000000a8     CarSim.obj (.text:_ZN5Eigen13CwiseBinaryOpINS_8internal17scalar_product_opIffEEKNS_14CwiseNullaryOpINS1_18scalar_constant_opIfEEKNS_6MatrixIfLi3ELi1ELi0ELi3ELi1EEEEEKNS0_INS1_13scalar_sum_opIffEEKNS0_ISD_KNS0_ISD_KNS_5BlockINS7_IfLi3ELi4ELi0ELi3ELi4EEELi3ELi1ELb1EEEKNS0_IS3_SB_SH_EEEESJ_EESH_EEEC1ERSB_RSP_RKS3_)
                  0000dad8    000000a4     rtsv7M4_T_le_v4SPD16_eabi.lib : s_sinf.c.obj (.text:sinf)
                  0000db7c    0000009c                                   : memcpy_t2.asm.obj (.text)
                  0000dc18    00000096                                   : ull_div_t2.asm.obj (.text)
                  0000dcae    00000002     --HOLE-- [fill = 0]
                  0000dcb0    00000094     msp432p4xx_driverlib.lib : sysctl_a.o (.text:SysCtl_A_getTLVInfo)
                  0000dd44    00000004     --HOLE-- [fill = 0]
                  0000dd48    00000094     PathGenerator.obj (.text:_ZN5Eigen8internal21dense_assignment_loopINS0_31generic_dense_assignment_kernelINS0_9evaluatorINS_5BlockINS_6MatrixIfLi2ELi2ELi0ELi2ELi2EEELin1ELin1ELb0EEEEENS3_INS5_IfLi2ELi1ELi0ELi2ELi1EEEEENS0_9assign_opIffEELi0EEELi0ELi0EE3runERSD_)
                  0000dddc    00000004     --HOLE-- [fill = 0]
                  0000dde0    0000008e     CarSim.obj (.text:_ZN5Eigen13CwiseBinaryOpINS_8internal13scalar_sum_opIffEEKNS0_IS3_KNS0_IS3_KNS_5BlockINS_6MatrixIfLi3ELi4ELi0ELi3ELi4EEELi3ELi1ELb1EEEKNS0_INS1_17scalar_product_opIffEEKNS_14CwiseNullaryOpINS1_18scalar_constant_opIfEEKNS5_IfLi3ELi1ELi0ELi3ELi1EEEEES8_EEEESJ_EES8_EC1ERSN_RS8_RKS3_)
                  0000de6e    00000002     --HOLE-- [fill = 0]
                  0000de70    0000008c     PathGenerator.obj (.text:_ZN5Eigen5BlockINS_6MatrixIfLi2ELi2ELi0ELi2ELi2EEELin1ELin1ELb0EEC1ERS2_iiii)
                  0000defc    00000004     --HOLE-- [fill = 0]
                  0000df00    0000008c     PathGenerator.obj (.text:_ZN5Eigen8internal21dense_assignment_loopINS0_31generic_dense_assignment_kernelINS0_9evaluatorINS_5BlockINS_6MatrixIfLi2ELi2ELi0ELi2ELi2EEELin1ELin1ELb0EEEEENS3_INS_9TransposeINS5_IfLi2ELi1ELi0ELi2ELi1EEEEEEENS0_9assign_opIffEELi0EEELi0ELi0EE3runERSF_)
                  0000df8c    00000004     --HOLE-- [fill = 0]
                  0000df90    0000008c     PathGenerator.obj (.text:_ZNSt3__26vectorIbNS_9allocatorIbEEE9push_backERKb)
                  0000e01c    00000004     --HOLE-- [fill = 0]
                  0000e020    0000008c     PathGenerator.obj (.text:_ZNSt3__26vectorItNS_9allocatorItEEE21__push_back_slow_pathIRKtEEvOT_)
                  0000e0ac    00000088     msp432p4xx_driverlib.lib : gpio.o (.text:GPIO_setAsPeripheralModuleFunctionInputPin)
                  0000e134    00000088                              : gpio.o (.text:GPIO_setAsPeripheralModuleFunctionOutputPin)
                  0000e1bc    00000086     rtsv7M4_T_le_v4SPD16_eabi.lib : fd_cmp_t2.asm.obj (.text:__aeabi_cdcmple)
                  0000e242    00000086                                   : fd_cmp_t2.asm.obj (.text:__aeabi_cdrcmple)
                  0000e2c8    00000080     msp432p4xx_driverlib.lib : interrupt.o (.text:Interrupt_disableInterrupt)
                  0000e348    00000080                              : interrupt.o (.text:Interrupt_enableInterrupt)
                  0000e3c8    0000007e     PathGenerator.obj (.text:_ZNSt3__26vectorIbNS_9allocatorIbEEE18__construct_at_endINS_14__bit_iteratorIS3_Lb0ELj0EEEEENS_9enable_ifIXsr3std3__221__is_forward_iteratorIT_EE5valueEvE4typeES8_S8_)
                  0000e446    00000002     --HOLE-- [fill = 0]
                  0000e448    0000007c     msp432p4xx_driverlib.lib : cs.o (.text:_CSGetDOCFrequency)
                  0000e4c4    00000004     --HOLE-- [fill = 0]
                  0000e4c8    0000007c     PathTrackSim.obj (.text:_ZNSt3__24listIfNS_9allocatorIfEEE6insertENS_21__list_const_iteratorIfPvEEjRKf)
                  0000e544    0000007c     rtsv7M4_T_le_v4SPD16_eabi.lib : fflush.c.obj (.text:fflush)
                  0000e5c0    0000007a                                   : memset_t2.asm.obj (.text)
                  0000e63a    00000076                                   : vec_newdel.c.obj (.text:_ZN34_INTERNAL_12_vec_newdel_c_8a08d4a517array_new_generalEPvijjS0_PFYS0_S0_ES2_PFYS0_jEPFYvS0_Eii)
                  0000e6b0    00000074     msp432p4xx_driverlib.lib : timer_a.o (.text:Timer_A_generatePWM)
                  0000e724    00000074     rtsv7M4_T_le_v4SPD16_eabi.lib : fclose.c.obj (.text:__TI_closefile)
                  0000e798    00000070                                   : memory.c.obj (.text:split)
                  0000e808    0000006e     CarSim.obj (.text:_ZN5Eigen13CwiseBinaryOpINS_8internal13scalar_sum_opIffEEKNS0_IS3_KNS_5BlockINS_6MatrixIfLi3ELi4ELi0ELi3ELi4EEELi3ELi1ELb1EEEKNS0_INS1_17scalar_product_opIffEEKNS_14CwiseNullaryOpINS1_18scalar_constant_opIfEEKNS5_IfLi3ELi1ELi0ELi3ELi1EEEEES8_EEEESJ_EC1ERSL_RSJ_RKS3_)
                  0000e876    0000006e     rtsv7M4_T_le_v4SPD16_eabi.lib : _printfi.c.obj (.text:_mcpy)
                  0000e8e4    0000006e                                   : fd_tos_t2.asm.obj (.text)
                  0000e952    00000002     --HOLE-- [fill = 0]
                  0000e954    0000006c                                   : hostrename.c.obj (.text:HOSTrename)
                  0000e9c0    00000068                                   : hostlseek.c.obj (.text:HOSTlseek)
                  0000ea28    00000068     msp432p4xx_driverlib.lib : timer_a.o (.text:Timer_A_configureUpMode)
                  0000ea90    00000068     rtsv7M4_T_le_v4SPD16_eabi.lib : copy_decompress_lzss.c.obj (.text:decompress:lzss:__TI_decompress_lzss)
                  0000eaf8    00000064     msp432p4xx_driverlib.lib : uart.o (.text:UART_getEnabledInterruptStatus)
                  0000eb5c    00000064     rtsv7M4_T_le_v4SPD16_eabi.lib : s_frexp.c.obj (.text:frexp)
                  0000ebc0    00000064                                   : fseek.c.obj (.text:fseek)
                  0000ec24    00000062     msp432p4xx_driverlib.lib : cs.o (.text:_CSGetDividerValue)
                  0000ec86    00000062     rtsv7M4_T_le_v4SPD16_eabi.lib : _io_perm.c.obj (.text:__TI_wrt_ok)
                  0000ece8    00000060                                   : hostopen.c.obj (.text:HOSTopen)
                  0000ed48    00000060                                   : autoinit.c.obj (.text:__TI_auto_init_nobinit:__TI_auto_init_nobinit)
                  0000eda8    0000005e     msp432p4xx_driverlib.lib : pcm.o (.text:PCM_getCoreVoltageLevel)
                  0000ee06    00000002     --HOLE-- [fill = 0]
                  0000ee08    0000005c                              : interrupt.o (.text:Interrupt_registerInterrupt)
                  0000ee64    0000005c     rtsv7M4_T_le_v4SPD16_eabi.lib : close.c.obj (.text:close)
                  0000eec0    0000005a     msp432p4xx_driverlib.lib : pcm.o (.text:PCM_getPowerMode)
                  0000ef1a    00000006     rtsv7M4_T_le_v4SPD16_eabi.lib : pure_virt.c.obj (.text:__cxa_pure_virtual)
                  0000ef20    0000005a     PathGenerator.obj (.text:_ZN5Eigen8internal26call_dense_assignment_loopINS_6MatrixIfLi2ELi1ELi0ELi2ELi1EEENS_13CwiseBinaryOpINS0_13scalar_sum_opIffEEKS3_KNS4_INS0_17scalar_product_opIffEEKNS_14CwiseNullaryOpINS0_18scalar_constant_opIfEES7_EEKNS4_INS0_20scalar_difference_opIffEES7_S7_EEEEEENS0_9assign_opIffEEEEvRT_RKT0_RKT1_)
                  0000ef7a    00000002     --HOLE-- [fill = 0]
                  0000ef7c    00000058     rtsv7M4_T_le_v4SPD16_eabi.lib : hostread.c.obj (.text:HOSTread)
                  0000efd4    00000058                                   : hostwrite.c.obj (.text:HOSTwrite)
                  0000f02c    00000058     msp432p4xx_driverlib.lib : timer_a.o (.text:Timer_A_initCapture)
                  0000f084    00000004     --HOLE-- [fill = 0]
                  0000f088    00000058     PathTrackSim.obj (.text:_ZN5Eigen8internal26call_dense_assignment_loopINS_6MatrixIfLi3ELi1ELi0ELi3ELi1EEENS_13CwiseBinaryOpINS0_20scalar_difference_opIffEEKS3_S7_EENS0_13add_assign_opIffEEEEvRT_RKT0_RKT1_)
                  0000f0e0    00000056     rtsv7M4_T_le_v4SPD16_eabi.lib : _printfi.c.obj (.text:_pconv_f)
                  0000f136    00000054                                   : ltoa.c.obj (.text:ltoa)
                  0000f18a    00000006     --HOLE-- [fill = 0]
                  0000f190    00000052     PathGenerator.obj (.text:_ZNSt3__26vectorIbNS_9allocatorIbEEE7reserveEj)
                  0000f1e2    00000052     rtsv7M4_T_le_v4SPD16_eabi.lib : _printfi.c.obj (.text:_ecpy)
                  0000f234    0000004e     msp432p4xx_driverlib.lib : timer_a.o (.text:Timer_A_initCompare)
                  0000f282    00000006     --HOLE-- [fill = 0]
                  0000f288    0000004e     PathGenerator.obj (.text:_ZN5Eigen8internal17resize_if_allowedINS_5BlockINS_6MatrixIfLi2ELi2ELi0ELi2ELi2EEELin1ELin1ELb0EEENS3_IfLi2ELi1ELi0ELi2ELi1EEEffEEvRT_RKT0_RKNS0_9assign_opIT1_T2_EE)
                  0000f2d6    00000002     --HOLE-- [fill = 0]
                  0000f2d8    0000004e     PathGenerator.obj (.text:_ZN5Eigen8internal17resize_if_allowedINS_5BlockINS_6MatrixIfLi2ELi2ELi0ELi2ELi2EEELin1ELin1ELb0EEENS_9TransposeINS3_IfLi2ELi1ELi0ELi2ELi1EEEEEffEEvRT_RKT0_RKNS0_9assign_opIT1_T2_EE)
                  0000f326    0000004c     rtsv7M4_T_le_v4SPD16_eabi.lib : fflush.c.obj (.text:__TI_doflush)
                  0000f372    00000002     --HOLE-- [fill = 0]
                  0000f374    0000004c                                   : atoi.c.obj (.text:atoi)
                  0000f3c0    00000048     msp432p4xx_driverlib.lib : flash.o (.text:FlashCtl_setWaitState)
                  0000f408    00000048     rtsv7M4_T_le_v4SPD16_eabi.lib : exit.c.obj (.text:exit)
                  0000f450    00000048                                   : fd_toi_t2.asm.obj (.text)
                  0000f498    00000046     PathGenerator.obj (.text:_ZNSt3__214__split_bufferItRNS_9allocatorItEEED1Ev)
                  0000f4de    00000002     --HOLE-- [fill = 0]
                  0000f4e0    00000044     rtsv7M4_T_le_v4SPD16_eabi.lib : hostclose.c.obj (.text:HOSTclose)
                  0000f524    00000044                                   : hostunlink.c.obj (.text:HOSTunlink)
                  0000f568    00000044                                   : dtor_list.c.obj (.text:_Z25__add_destruction_to_listPP20a_needed_destructionPFYvPvES2_S2_)
                  0000f5ac    00000004     --HOLE-- [fill = 0]
                  0000f5b0    00000044     PathGenerator.obj (.text:_ZN5Eigen8internal26call_dense_assignment_loopINS_6MatrixIfLi2ELi1ELi0ELi2ELi1EEENS_13CwiseBinaryOpINS0_13scalar_sum_opIffEEKS3_KNS4_INS0_17scalar_product_opIffEEKNS_14CwiseNullaryOpINS0_18scalar_constant_opIfEES7_EES7_EEEENS0_9assign_opIffEEEEvRT_RKT0_RKT1_)
                  0000f5f4    00000044     rtsv7M4_T_le_v4SPD16_eabi.lib : getdevice.c.obj (.text:getdevice)
                  0000f638    00000044                                   : fd_tou_t2.asm.obj (.text)
                  0000f67c    00000042                                   : dtor_list.c.obj (.text:_Z23__finalize_destructionsPP20a_needed_destructionPv)
                  0000f6be    00000002     --HOLE-- [fill = 0]
                  0000f6c0    00000042     PathGenerator.obj (.text:_ZN9pathTrack24ComputeIntersectionPointERN5Eigen6MatrixIfLi2ELi1ELi0ELi2ELi1EEEfS3_fS3_)
                  0000f702    00000002     --HOLE-- [fill = 0]
                  0000f704    00000040     msp432p4xx_driverlib.lib : gpio.o (.text:GPIO_setAsOutputPin)
                  0000f744    00000004     --HOLE-- [fill = 0]
                  0000f748    00000040     CarSim.obj (.text:_ZN5Eigen5BlockINS_6MatrixIfLi3ELi4ELi0ELi3ELi4EEELi3ELi1ELb1EEC1ERS2_i)
                  0000f788    00000040     PathTrackSim.obj (.text:_ZN5Eigen8internal26call_dense_assignment_loopINS_6MatrixIfLi3ELi1ELi0ELi3ELi1EEENS_13CwiseBinaryOpINS0_17scalar_product_opIffEEKNS_14CwiseNullaryOpINS0_18scalar_constant_opIfEEKS3_EESA_EENS0_13add_assign_opIffEEEEvRT_RKT0_RKT1_)
                  0000f7c8    00000040     CarSim.obj (.text:_ZNK5Eigen8internal16binary_evaluatorINS_13CwiseBinaryOpINS0_17scalar_product_opIffEEKNS_14CwiseNullaryOpINS0_18scalar_constant_opIfEEKNS_6MatrixIfLi3ELi1ELi0ELi3ELi1EEEEEKNS2_INS0_13scalar_sum_opIffEEKNS2_ISE_KNS2_ISE_KNS_5BlockINS8_IfLi3ELi4ELi0ELi3ELi4EEELi3ELi1ELb1EEEKNS2_IS4_SC_SI_EEEESK_EESI_EEEENS0_10IndexBasedESS_ffE5coeffEi)
                  0000f808    00000040     PathGenerator.obj (.text:_ZNSt3__26vectorItNS_9allocatorItEEE26__swap_out_circular_bufferERNS_14__split_bufferItRS2_EE)
                  0000f848    00000040     rtsv7M4_T_le_v4SPD16_eabi.lib : sprintf.c.obj (.text:sprintf)
                  0000f888    0000003e     PathTrackSim.obj (.text:_ZNK5Eigen10MatrixBaseINS_6MatrixIfLi3ELi1ELi0ELi3ELi1EEEE5crossIS2_EENS3_25cross_product_return_typeIT_E4typeERKNS0_IS6_EE)
                  0000f8c6    00000002     --HOLE-- [fill = 0]
                  0000f8c8    0000003e     PathGenerator.obj (.text:_ZNSt3__214__split_bufferItRNS_9allocatorItEEEC1EjjS3_)
                  0000f906    0000003e     rtsv7M4_T_le_v4SPD16_eabi.lib : _printfi.c.obj (.text:_fcpy)
                  0000f944    00000038                                   : trgmsg.c.obj (.text:__TI_writemsg)
                  0000f97c    00000038                                   : fs_tod_t2.asm.obj (.text)
                  0000f9b4    00000004     --HOLE-- [fill = 0]
                  0000f9b8    00000036     CarSim.obj (.text:_ZN5Eigen13CwiseBinaryOpINS_8internal13scalar_sum_opIffEEKNS_5BlockINS_6MatrixIfLi3ELi4ELi0ELi3ELi4EEELi3ELi1ELb1EEEKNS0_INS1_17scalar_product_opIffEEKNS_14CwiseNullaryOpINS1_18scalar_constant_opIfEEKNS5_IfLi3ELi1ELi0ELi3ELi1EEEEES8_EEEC1ERS8_RSJ_RKS3_)
                  0000f9ee    00000002     --HOLE-- [fill = 0]
                  0000f9f0    00000036     PathTrackSim.obj (.text:_ZN5Eigen15DenseCoeffsBaseINS_6MatrixIfLi3ELi4ELi0ELi3ELi4EEELi1EEclEii)
                  0000fa26    00000002     --HOLE-- [fill = 0]
                  0000fa28    00000036     CarSim.obj (.text:_ZN5EigenmlIiEENS_8internal9enable_ifILb1EKNS_13CwiseBinaryOpINS1_17scalar_product_opINS1_18promote_scalar_argIfT_Xsr5Eigen8internal14has_ReturnTypeINS_20ScalarBinaryOpTraitsIS6_fNS4_IS6_fEEEEEE5valueEE4typeEfEEKNS1_19plain_constant_typeINS_5BlockINS_6MatrixIfLi3ELi4ELi0ELi3ELi4EEELi3ELi1ELb1EEESB_E4typeEKSH_EEE4typeERKS6_RKNS_10MatrixBaseISH_EE)
                  0000fa5e    00000002     --HOLE-- [fill = 0]
                  0000fa60    00000036     PathGenerator.obj (.text:_ZNSt3__210__list_impIPN9pathTrack8PathPartENS_9allocatorIS3_EEE5clearEv)
                  0000fa96    00000002     --HOLE-- [fill = 0]
                  0000fa98    00000036     PathTrackSim.obj (.text:_ZNSt3__210__list_impIfNS_9allocatorIfEEE5clearEv)
                  0000face    00000002     --HOLE-- [fill = 0]
                  0000fad0    00000036     PathTrackSim.obj (.text:_ZNSt3__24listIfNS_9allocatorIfEEE5eraseENS_21__list_const_iteratorIfPvEES6_)
                  0000fb06    00000036     rtsv7M4_T_le_v4SPD16_eabi.lib : strncpy.c.obj (.text:strncpy)
                  0000fb3c    00000034     msp432p4xx_driverlib.lib : cs.o (.text:CS_setDCOCenteredFrequency)
                  0000fb70    00000034                              : uart.o (.text:UART_transmitData)
                  0000fba4    00000004     --HOLE-- [fill = 0]
                  0000fba8    00000034     PathTrackSim.obj (.text:_ZNK5Eigen9DenseBaseINS_13CwiseBinaryOpINS_8internal22scalar_conj_product_opIffEEKNS_6MatrixIfLi3ELi1ELi0ELi3ELi1EEES7_EEE5reduxINS2_13scalar_sum_opIffEEEEfRKT_)
                  0000fbdc    00000034     rtsv7M4_T_le_v4SPD16_eabi.lib : fopen.c.obj (.text:__TI_cleanup)
                  0000fc10    00000034                                   : trgmsg.c.obj (.text:__TI_readmsg)
                  0000fc44    00000034                                   : dtor_list.c.obj (.text:__aeabi_atexit)
                  0000fc78    00000034                                   : boot_cortex_m.c.obj (.text:_c_int00_noargs:_c_int00_noargs)
                  0000fcac    00000004     --HOLE-- [fill = 0]
                  0000fcb0    00000032     PathTrackSim.obj (.text:_ZNSt3__24listIfNS_9allocatorIfEEE6assignEjRKf)
                  0000fce2    00000002     --HOLE-- [fill = 0]
                  0000fce4    00000030     msp432p4xx_driverlib.lib : cs.o (.text:CS_clearInterruptFlag)
                  0000fd14    00000030                              : cs.o (.text:CS_setReferenceOscillatorFrequency)
                  0000fd44    00000030                              : gpio.o (.text:GPIO_getInputPinValue)
                  0000fd74    00000030                              : uart.o (.text:UART_enableInterrupt)
                  0000fda4    00000030                              : uart.o (.text:UART_receiveData)
                  0000fdd4    00000004     --HOLE-- [fill = 0]
                  0000fdd8    00000030     PathGenerator.obj (.text:_ZN5Eigen14CwiseNullaryOpINS_8internal18scalar_constant_opIfEEKNS_6MatrixIfLi2ELi1ELi0ELi2ELi1EEEEC1EiiRKS3_)
                  0000fe08    00000030     PathTrackSim.obj (.text:_ZN5Eigen14CwiseNullaryOpINS_8internal18scalar_constant_opIfEEKNS_6MatrixIfLi3ELi1ELi0ELi3ELi1EEEEC1EiiRKS3_)
                  0000fe38    00000030     rtsv7M4_T_le_v4SPD16_eabi.lib : getdevice.c.obj (.text:finddevice)
                  0000fe68    0000002e     PathGenerator.obj (.text:_ZNSt3__24listIPN9pathTrack8PathPartENS_9allocatorIS3_EEE9push_backEOS3_)
                  0000fe96    00000002     --HOLE-- [fill = 0]
                  0000fe98    0000002e     PathTrackSim.obj (.text:_ZNSt3__24listIfNS_9allocatorIfEEE10push_frontERKf)
                  0000fec6    0000002e     rtsv7M4_T_le_v4SPD16_eabi.lib : i_tofd_t2.asm.obj (.text)
                  0000fef4    0000002c     msp432p4xx_driverlib.lib : timer_a.o (.text:Timer_A_clearCaptureCompareInterrupt)
                  0000ff20    0000002c     CarSim.obj (.text:_ZN5Eigen7MapBaseINS_5BlockINS_6MatrixIfLi3ELi4ELi0ELi3ELi4EEELi3ELi1ELb1EEELi0EEC1EPfii)
                  0000ff4c    00000004     --HOLE-- [fill = 0]
                  0000ff50    0000002c     PathTrackSim.obj (.text:_ZNK5Eigen10MatrixBaseINS_6MatrixIfLi3ELi1ELi0ELi3ELi1EEEE11squaredNormEv)
                  0000ff7c    00000004     --HOLE-- [fill = 0]
                  0000ff80    0000002c     PathGenerator.obj (.text:_ZNSt3__26vectorIbNS_9allocatorIbEEE8allocateEj)
                  0000ffac    0000002c     rtsv7M4_T_le_v4SPD16_eabi.lib : unlink.c.obj (.text:unlink)
                  0000ffd8    0000002a     PathGenerator.obj (.text:_ZN5Eigen8internal18check_for_aliasingINS_5BlockINS_6MatrixIfLi2ELi2ELi0ELi2ELi2EEELin1ELin1ELb0EEENS_9TransposeINS3_IfLi2ELi1ELi0ELi2ELi1EEEEEEEvRKT_RKT0_)
                  00010002    00000006     --HOLE-- [fill = 0]
                  00010008    0000002a     PathTrackSim.obj (.text:_ZN5EigenmlIfEENS_8internal9enable_ifILb1EKNS_13CwiseBinaryOpINS1_17scalar_product_opINS1_18promote_scalar_argIfT_Xsr5Eigen8internal14has_ReturnTypeINS_20ScalarBinaryOpTraitsIS6_fNS4_IS6_fEEEEEE5valueEE4typeEfEEKNS1_19plain_constant_typeINS3_INS1_13scalar_sum_opIffEEKNS3_ISF_KNS3_ISF_KNS_5BlockINS_6MatrixIfLi3ELi4ELi0ELi3ELi4EEELi3ELi1ELb1EEEKNS3_INS4_IffEEKNS_14CwiseNullaryOpINS1_18scalar_constant_opIfEEKNSH_IfLi3ELi1ELi0ELi3ELi1EEEEESK_EEEESU_EESK_EESB_E4typeEKSZ_EEE4typeERKS6_RKNS_10MatrixBaseISZ_EE)
                  00010032    00000002     --HOLE-- [fill = 0]
                  00010034    00000028     msp432p4xx_driverlib.lib : cs.o (.text:CS_getACLK)
                  0001005c    00000028                              : cs.o (.text:CS_getMCLK)
                  00010084    00000028                              : cs.o (.text:CS_getSMCLK)
                  000100ac    00000028                              : gpio.o (.text:GPIO_setOutputHighOnPin)
                  000100d4    00000028                              : gpio.o (.text:GPIO_setOutputLowOnPin)
                  000100fc    00000028                              : gpio.o (.text:GPIO_toggleOutputOnPin)
                  00010124    00000028                              : timer_a.o (.text:Timer_A_getCaptureCompareInterruptStatus)
                  0001014c    00000004     --HOLE-- [fill = 0]
                  00010150    00000028     PathGenerator.obj (.text:_ZNK5Eigen9DenseBaseINS_13CwiseBinaryOpINS_8internal22scalar_conj_product_opIffEEKNS_6MatrixIfLi2ELi1ELi0ELi2ELi1EEES7_EEE5reduxINS2_13scalar_sum_opIffEEEEfRKT_)
                  00010178    00000028     rtsv7M4_T_le_v4SPD16_eabi.lib : memory.c.obj (.text:free_list_insert)
                  000101a0    00000028                                   : lseek.c.obj (.text:lseek)
                  000101c8    00000028                                   : e_sqrtf.c.obj (.text:sqrtf)
                  000101f0    00000028                                   : write.c.obj (.text:write)
                  00010218    00000026     CarSim.obj (.text:_ZN5Eigen8internal26call_dense_assignment_loopINS_5BlockINS_6MatrixIfLi3ELi4ELi0ELi3ELi4EEELi3ELi1ELb1EEENS3_IfLi3ELi1ELi0ELi3ELi1EEENS0_9assign_opIffEEEEvRT_RKT0_RKT1_)
                  0001023e    00000002     --HOLE-- [fill = 0]
                  00010240    00000024     msp432p4xx_driverlib.lib : wdt_a.o (.text:WDT_A_holdTimer)
                  00010264    00000004     --HOLE-- [fill = 0]
                  00010268    00000024     PathTrackSim.obj (.text:_ZN5Eigen8internal15BlockImpl_denseINS_6MatrixIfLi3ELi4ELi0ELi3ELi4EEELi3ELi1ELb1ELb1EEC1ERS3_i)
                  0001028c    00000004     --HOLE-- [fill = 0]
                  00010290    00000024     PathTrackSim.obj (.text:_ZN5Eigen8internal26call_dense_assignment_loopINS_6MatrixIfLi2ELi1ELi0ELi2ELi1EEENS_12CwiseUnaryOpINS0_18scalar_opposite_opIfEEKS3_EENS0_9assign_opIffEEEEvRT_RKT0_RKT1_)
                  000102b4    00000004     --HOLE-- [fill = 0]
                  000102b8    00000024     PathTrackSim.obj (.text:_ZNK5Eigen9DenseBaseINS_12CwiseUnaryOpINS_8internal14scalar_abs2_opIfEEKNS_6MatrixIfLi3ELi1ELi0ELi3ELi1EEEEEE5reduxINS2_13scalar_sum_opIffEEEEfRKT_)
                  000102dc    00000024     rtsv7M4_T_le_v4SPD16_eabi.lib : vec_newdel.c.obj (.text:__cxa_vec_ctor)
                  00010300    00000024                                   : memmov.c.obj (.text:memmove)
                  00010324    00000022     msp432p4xx_driverlib.lib : timer_a.o (.text:Timer_A_getCaptureCompareCount)
                  00010346    00000022     rtsv7M4_T_le_v4SPD16_eabi.lib : new.cpp.obj (.text:_Znwj)
                  00010368    00000020                                   : memchr.c.obj (.text:memchr)
                  00010388    00000020                                   : u_tofd_t2.asm.obj (.text)
                  000103a8    0000001c     PathGenerator.obj (.text:_ZNK5Eigen9DenseBaseINS_12CwiseUnaryOpINS_8internal14scalar_abs2_opIfEEKNS_6MatrixIfLi2ELi1ELi0ELi2ELi1EEEEEE5reduxINS2_13scalar_sum_opIffEEEEfRKT_)
                  000103c4    0000001c     rtsv7M4_T_le_v4SPD16_eabi.lib : assert.c.obj (.text:_abort_msg)
                  000103e0    0000001c                                   : memory.c.obj (.text:free_list_remove)
                  000103fc    0000001c                                   : memccpy.c.obj (.text:memccpy)
                  00010418    0000001a     PathGenerator.obj (.text:_ZN5Eigen8internal16determinant_implINS_6MatrixIfLi2ELi2ELi0ELi2ELi2EEELi2EE3runERKS3_)
                  00010432    00000006     --HOLE-- [fill = 0]
                  00010438    0000001a     PathGenerator.obj (.text:_ZN5Eigen9DenseBaseINS_6MatrixIfLi2ELi1ELi0ELi2ELi1EEEE4swapIS2_EEvRNS_15PlainObjectBaseIT_EE)
                  00010452    00000006     --HOLE-- [fill = 0]
                  00010458    0000001a     PathTrackSim.obj (.text:_ZNSt3__24listIfNS_9allocatorIfEEE8pop_backEv)
                  00010472    00000006     --HOLE-- [fill = 0]
                  00010478    0000001a     PathGenerator.obj (.text:_ZNSt3__26vectorIbNS_9allocatorIbEEE4swapERS3_)
                  00010492    0000001a     rtsv7M4_T_le_v4SPD16_eabi.lib : s_copysign.c.obj (.text:copysign)
                  000104ac    00000018     msp432p4xx_driverlib.lib : systick.o (.text:SysTick_setPeriod)
                  000104c4    00000018                              : uart.o (.text:UART_getInterruptStatus)
                  000104dc    00000004     --HOLE-- [fill = 0]
                  000104e0    00000018     PathGenerator.obj (.text:_ZN5Eigen13CwiseBinaryOpINS_8internal13scalar_sum_opIffEEKNS_6MatrixIfLi2ELi1ELi0ELi2ELi1EEEKNS0_INS1_17scalar_product_opIffEEKNS_14CwiseNullaryOpINS1_18scalar_constant_opIfEES6_EES6_EEEC1ERS6_RSF_RKS3_)
                  000104f8    00000018     PathTrackSim.obj (.text:_ZN5Eigen8internal26call_dense_assignment_loopINS_6MatrixIfLi3ELi1ELi0ELi3ELi1EEES3_NS0_9assign_opIffEEEEvRT_RKT0_RKT1_)
                  00010510    00000018     rtsv7M4_T_le_v4SPD16_eabi.lib : sprintf.c.obj (.text:_outs)
                  00010528    00000018                                   : s_copysignf.c.obj (.text:copysignf)
                  00010540    00000018                                   : strcmp.c.obj (.text:strcmp)
                  00010558    00000016     msp432p4xx_driverlib.lib : timer_a.o (.text:Timer_A_clearInterruptFlag)
                  0001056e    00000016                              : timer_a.o (.text:Timer_A_startCounter)
                  00010584    00000016                              : uart.o (.text:UART_enableModule)
                  0001059a    00000016     rtsv7M4_T_le_v4SPD16_eabi.lib : strchr.c.obj (.text:strchr)
                  000105b0    00000014     msp432p4xx_driverlib.lib : pcm.o (.text:PCM_getPowerState)
                  000105c4    00000014     rtsv7M4_T_le_v4SPD16_eabi.lib : strcpy.c.obj (.text:strcpy)
                  000105d8    00000014                                   : strlen.c.obj (.text:strlen)
                  000105ec    00000004     --HOLE-- [fill = 0]
                  000105f0    00000012     PathTrackSim.obj (.text:_ZNSt3__213__vector_baseItNS_9allocatorItEEED1Ev)
                  00010602    00000006     --HOLE-- [fill = 0]
                  00010608    00000012     startup_msp432p401r_ccs.obj (.text)
                  0001061a    00000012     rtsv7M4_T_le_v4SPD16_eabi.lib : wcslen.c.obj (.text:wcslen)
                  0001062c    00000010     msp432p4xx_driverlib.lib : interrupt.o (.text:Interrupt_disableSleepOnIsrExit)
                  0001063c    00000010                              : interrupt.o (.text:Interrupt_enableMaster)
                  0001064c    00000010                              : pcm.o (.text:PCM_setCoreVoltageLevel)
                  0001065c    00000010                              : pcm.o (.text:PCM_setPowerMode)
                  0001066c    00000010                              : systick.o (.text:SysTick_enableInterrupt)
                  0001067c    00000010                              : systick.o (.text:SysTick_enableModule)
                  0001068c    00000004     --HOLE-- [fill = 0]
                  00010690    00000010     PathGenerator.obj (.text:_ZN5Eigen13CwiseBinaryOpINS_8internal17scalar_product_opIffEEKNS_14CwiseNullaryOpINS1_18scalar_constant_opIfEEKNS_6MatrixIfLi2ELi1ELi0ELi2ELi1EEEEES9_EC1ERSB_RS9_RKS3_)
                  000106a0    00000010     PathTrackSim.obj (.text:_ZN5Eigen13CwiseBinaryOpINS_8internal17scalar_product_opIffEEKNS_14CwiseNullaryOpINS1_18scalar_constant_opIfEEKNS_6MatrixIfLi3ELi1ELi0ELi3ELi1EEEEES9_EC1ERSB_RS9_RKS3_)
                  000106b0    00000010     FuzzyController.obj (.text:_ZN5fuzzy8FuzzyVar16getIntegralWithXEhf)
                  000106c0    00000010     PathGenerator.obj (.text:_ZNSt3__26vectorIbNS_9allocatorIbEEED1Ev)
                  000106d0    0000000e     msp432p4xx_driverlib.lib : systick.o (.text:SysTick_registerInterrupt)
                  000106de    0000000e     rtsv7M4_T_le_v4SPD16_eabi.lib : typeinfo.c.obj (.text:_ZN10__cxxabiv117__class_type_infoD0Ev)
                  000106ec    0000000e                                   : typeinfo.c.obj (.text:_ZN10__cxxabiv120__si_class_type_infoD0Ev)
                  000106fa    00000006     --HOLE-- [fill = 0]
                  00010700    0000000e     main.obj (.text:_ZN18ESOSpeedControllerD0Ev)
                  0001070e    00000002     --HOLE-- [fill = 0]
                  00010710    0000000e     main.obj (.text:_ZN18PIDSpeedControllerD0Ev)
                  0001071e    00000002     --HOLE-- [fill = 0]
                  00010720    0000000e     main.obj (.text:_ZN21PIDDistanceControllerD0Ev)
                  0001072e    00000002     --HOLE-- [fill = 0]
                  00010730    0000000e     Car.obj (.text:_ZN22PIDPathTrackControllerD0Ev)
                  0001073e    00000002     --HOLE-- [fill = 0]
                  00010740    0000000e     main.obj (.text:_ZN23PIDParkAdjustControllerD0Ev)
                  0001074e    00000002     --HOLE-- [fill = 0]
                  00010750    0000000e     FuzzyVar.obj (.text:_ZN5fuzzy16Fuzzy_Sets_GradeC1Ev)
                  0001075e    00000002     --HOLE-- [fill = 0]
                  00010760    0000000e     CarFuzzy.obj (.text:_ZN5fuzzy22Fuzzy3InputsControllerD0Ev)
                  0001076e    00000002     --HOLE-- [fill = 0]
                  00010770    0000000e     Car.obj (.text:_ZN7carTask16PathTrackSimTaskD0Ev)
                  0001077e    0000000e     rtsv7M4_T_le_v4SPD16_eabi.lib : copy_decompress_none.c.obj (.text:decompress:none:__TI_decompress_none)
                  0001078c    0000000c     msp432p4xx_driverlib.lib : cpu.o (.text:CPU_cpsie)
                  00010798    0000000c     rtsv7M4_T_le_v4SPD16_eabi.lib : vector.cpp.obj (.text:_ZNKSt3__220__vector_base_commonILb1EE20__throw_length_errorEv)
                  000107a4    00000004     --HOLE-- [fill = 0]
                  000107a8    0000000c     PathTrackSim.obj (.text:_ZNSt3__210__list_impIPN9pathTrack8PathPartENS_9allocatorIS3_EEED1Ev)
                  000107b4    00000004     --HOLE-- [fill = 0]
                  000107b8    0000000c     PathTrackSim.obj (.text:_ZNSt3__210__list_impIfNS_9allocatorIfEEED1Ev)
                  000107c4    0000000c     rtsv7M4_T_le_v4SPD16_eabi.lib : new.cpp.obj (.text:_ZSt15get_new_handlerv)
                  000107d0    0000000c                                   : dtor_list.c.obj (.text:__cxa_finalize)
                  000107dc    0000000c                                   : guard.c.obj (.text:__cxa_guard_acquire)
                  000107e8    0000000c                                   : copy_zero_init.c.obj (.text:decompress:ZI:__TI_zero_init)
                  000107f4    0000000a                                   : guard.c.obj (.text:__cxa_guard_release)
                  000107fe    0000000a                                   : sprintf.c.obj (.text:_outc)
                  00010808    00000008                                   : new.cpp.obj (.text:_ZdlPv)
                  00010810    00000008                                   : errno.c.obj (.text:__aeabi_errno_addr)
                  00010818    00000008                                   : memory.c.obj (.text:malloc)
                  00010820    00000006     PathTrackSim.obj (.text:_ZN5Eigen13CwiseBinaryOpINS_8internal20scalar_difference_opIffEEKNS_6MatrixIfLi3ELi1ELi0ELi3ELi1EEES6_EC1ERS6_S8_RKS3_)
                  00010826    00000002     --HOLE-- [fill = 0]
                  00010828    00000006     PathTrackSim.obj (.text:_ZN5Eigen13CwiseBinaryOpINS_8internal22scalar_conj_product_opIffEEKNS_6MatrixIfLi3ELi1ELi0ELi3ELi1EEES6_EC1ERS6_S8_RKS3_)
                  0001082e    00000002     --HOLE-- [fill = 0]
                  00010830    00000006     PathGenerator.obj (.text:_ZNKSt3__26vectorIbNS_9allocatorIbEEE8max_sizeEv)
                  00010836    00000002     --HOLE-- [fill = 0]
                  00010838    00000006     PathGenerator.obj (.text:_ZNKSt3__26vectorItNS_9allocatorItEEE8max_sizeEv)
                  0001083e    00000002     --HOLE-- [fill = 0]
                  00010840    00000004     Car.obj (.text:_ZN22PIDPathTrackControllerD1Ev)
                  00010844    00000004     --HOLE-- [fill = 0]
                  00010848    00000004     PathGenerator.obj (.text:_ZN5Eigen8internal12extract_dataINS_5BlockINS_6MatrixIfLi2ELi2ELi0ELi2ELi2EEELin1ELin1ELb0EEEEEPKNT_6ScalarERKS6_)
                  0001084c    00000004     --HOLE-- [fill = 0]
                  00010850    00000004     PathGenerator.obj (.text:_ZN5Eigen8internal12extract_dataINS_9TransposeINS_6MatrixIfLi2ELi1ELi0ELi2ELi1EEEEEEEPKNT_6ScalarERKS6_)
                  00010854    00000004     --HOLE-- [fill = 0]
                  00010858    00000004     CarFuzzy.obj (.text:_ZN5fuzzy22Fuzzy3InputsControllerD1Ev)
                  0001085c    00000004     --HOLE-- [fill = 0]
                  00010860    00000004     Car.obj (.text:_ZN7carTask16PathTrackSimTaskD1Ev)
                  00010864    00000004     --HOLE-- [fill = 0]
                  00010868    00000004     PathTrackSim.obj (.text:_ZNSt3__210__list_impIPN9pathTrack8PathPartENS_9allocatorIS3_EEED2Ev)
                  0001086c    00000004     --HOLE-- [fill = 0]
                  00010870    00000004     PathTrackSim.obj (.text:_ZNSt3__210__list_impIfNS_9allocatorIfEEED2Ev)
                  00010874    00000004     --HOLE-- [fill = 0]
                  00010878    00000004     PathTrackSim.obj (.text:_ZNSt3__213__vector_baseItNS_9allocatorItEEED2Ev)
                  0001087c    00000004     --HOLE-- [fill = 0]
                  00010880    00000004     PathGenerator.obj (.text:_ZNSt3__220__throw_length_errorEPKc)
                  00010884    00000004     --HOLE-- [fill = 0]
                  00010888    00000004     PathTrackSim.obj (.text:_ZNSt3__24listIfNS_9allocatorIfEEED1Ev)
                  0001088c    00000004     --HOLE-- [fill = 0]
                  00010890    00000002     PIDController.obj (.text:_ZN18ESOSpeedControllerD1Ev)
                  00010892    00000006     --HOLE-- [fill = 0]
                  00010898    00000002     PIDController.obj (.text:_ZN18PIDSpeedControllerD1Ev)
                  0001089a    00000006     --HOLE-- [fill = 0]
                  000108a0    00000002     PIDController.obj (.text:_ZN21PIDDistanceControllerD1Ev)
                  000108a2    00000006     --HOLE-- [fill = 0]
                  000108a8    00000002     PIDController.obj (.text:_ZN23PIDParkAdjustControllerD1Ev)
                  000108aa    00000006     --HOLE-- [fill = 0]
                  000108b0    00000002     PathGenerator.obj (.text:_ZN5Eigen15PlainObjectBaseINS_6MatrixIfLi2ELi1ELi0ELi2ELi1EEEE10resizeLikeINS_13CwiseBinaryOpINS_8internal13scalar_sum_opIffEEKS2_KNS5_INS6_17scalar_product_opIffEEKNS_14CwiseNullaryOpINS6_18scalar_constant_opIfEES9_EEKNS5_INS6_20scalar_difference_opIffEES9_S9_EEEEEEEEvRKNS_9EigenBaseIT_EE)
                  000108b2    00000006     --HOLE-- [fill = 0]
                  000108b8    00000002     PathGenerator.obj (.text:_ZN5Eigen15PlainObjectBaseINS_6MatrixIfLi2ELi1ELi0ELi2ELi1EEEE10resizeLikeINS_13CwiseBinaryOpINS_8internal13scalar_sum_opIffEEKS2_KNS5_INS6_17scalar_product_opIffEEKNS_14CwiseNullaryOpINS6_18scalar_constant_opIfEES9_EES9_EEEEEEvRKNS_9EigenBaseIT_EE)
                  000108ba    00000006     --HOLE-- [fill = 0]
                  000108c0    00000002     PathGenerator.obj (.text:_ZN5Eigen15PlainObjectBaseINS_6MatrixIfLi2ELi1ELi0ELi2ELi1EEEE10resizeLikeINS_13CwiseBinaryOpINS_8internal20scalar_difference_opIffEEKS2_S9_EEEEvRKNS_9EigenBaseIT_EE)
                  000108c2    00000006     --HOLE-- [fill = 0]
                  000108c8    00000002     PathTrackSim.obj (.text:_ZN5Eigen8internal17resize_if_allowedINS_6MatrixIfLi2ELi1ELi0ELi2ELi1EEENS_12CwiseUnaryOpINS0_18scalar_opposite_opIfEEKS3_EEffEEvRT_RKT0_RKNS0_9assign_opIT1_T2_EE)
                  000108ca    00000006     --HOLE-- [fill = 0]
                  000108d0    00000002     PathGenerator.obj (.text:_ZN5Eigen8internal17resize_if_allowedINS_6MatrixIfLi2ELi1ELi0ELi2ELi1EEENS_13CwiseBinaryOpINS0_13scalar_sum_opIffEEKS3_KNS4_INS0_17scalar_product_opIffEEKNS_14CwiseNullaryOpINS0_18scalar_constant_opIfEES7_EEKNS4_INS0_20scalar_difference_opIffEES7_S7_EEEEEEffEEvRT_RKT0_RKNS0_9assign_opIT1_T2_EE)
                  000108d2    00000006     --HOLE-- [fill = 0]
                  000108d8    00000002     PathGenerator.obj (.text:_ZN5Eigen8internal17resize_if_allowedINS_6MatrixIfLi2ELi1ELi0ELi2ELi1EEENS_13CwiseBinaryOpINS0_13scalar_sum_opIffEEKS3_KNS4_INS0_17scalar_product_opIffEEKNS_14CwiseNullaryOpINS0_18scalar_constant_opIfEES7_EES7_EEEEffEEvRT_RKT0_RKNS0_9assign_opIT1_T2_EE)
                  000108da    00000006     --HOLE-- [fill = 0]
                  000108e0    00000002     PathGenerator.obj (.text:_ZN5Eigen8internal17resize_if_allowedINS_6MatrixIfLi2ELi1ELi0ELi2ELi1EEENS_13CwiseBinaryOpINS0_13scalar_sum_opIffEEKS3_S7_EEffEEvRT_RKT0_RKNS0_9assign_opIT1_T2_EE)
                  000108e2    00000006     --HOLE-- [fill = 0]
                  000108e8    00000002     PathGenerator.obj (.text:_ZN5Eigen8internal17resize_if_allowedINS_6MatrixIfLi2ELi1ELi0ELi2ELi1EEENS_13CwiseBinaryOpINS0_20scalar_difference_opIffEEKS3_S7_EEffEEvRT_RKT0_RKNS0_9assign_opIT1_T2_EE)
                  000108ea    00000006     --HOLE-- [fill = 0]
                  000108f0    00000002     PathGenerator.obj (.text:_ZN5Eigen8internal17resize_if_allowedINS_6MatrixIfLi2ELi2ELi0ELi2ELi2EEES3_ffEEvRT_RKT0_RKNS0_9assign_opIT1_T2_EE)
                  000108f2    00000006     --HOLE-- [fill = 0]
                  000108f8    00000002     CarSim.obj (.text:_ZN5Eigen8internal17resize_if_allowedINS_6MatrixIfLi3ELi1ELi0ELi3ELi1EEENS_13CwiseBinaryOpINS0_13scalar_sum_opIffEEKS3_KNS4_INS0_17scalar_product_opIffEEKNS_14CwiseNullaryOpINS0_18scalar_constant_opIfEES7_EEKNS4_IS6_KNS4_IS6_KNS4_IS6_KNS_5BlockINS2_IfLi3ELi4ELi0ELi3ELi4EEELi3ELi1ELb1EEEKNS4_IS9_SE_SI_EEEESK_EESI_EEEEEEffEEvRT_RKT0_RKNS0_9assign_opIT1_T2_EE)
                  000108fa    00000006     --HOLE-- [fill = 0]
                  00010900    00000002     CarSim.obj (.text:_ZN5Eigen8internal17resize_if_allowedINS_6MatrixIfLi3ELi1ELi0ELi3ELi1EEES3_ffEEvRT_RKT0_RKNS0_9assign_opIT1_T2_EE)

.const     0    00010908    00004b7c     
                  00010908    00002000     PathGenerator.obj (.const:$P$T448$1)
                  00012908    00000d5c     MyOledFont.obj (.const:asc2_2412)
                  00013664    000005f0     MyOledFont.obj (.const:asc2_1608)
                  00013c54    00000474     MyOledFont.obj (.const:asc2_1206)
                  000140c8    0000016f     PathGenerator.obj (.const:.string:_ZZN5Eigen8internal27checkTransposeAliasing_implINS_5BlockINS_6MatrixIfLi2ELi2ELi0ELi2ELi2EEELin1ELin1ELb0EEENS_9TransposeINS3_IfLi2ELi1ELi0ELi2ELi1EEEEELb1EE3runERKS5_RKS8_Es_0)
                  00014237    00000001     --HOLE-- [fill = 0]
                  00014238    00000158     rtsv7M4_T_le_v4SPD16_eabi.lib : k_rem_pio2.c.obj (.const:$O1$$)
                  00014390    0000011f     CarSim.obj (.const:.string:_ZZN5Eigen8internal11plain_arrayIfLi12ELi0ELi16EEC1EvEs_0)
                  000144af    0000011f     PathGenerator.obj (.const:.string:_ZZN5Eigen8internal11plain_arrayIfLi4ELi0ELi16EEC1EvEs_0)
                  000145ce    00000104     PathGenerator.obj (.const:.string:_ZZN5Eigen7MapBaseINS_5BlockINS_6MatrixIfLi2ELi2ELi0ELi2ELi2EEELin1ELin1ELb0EEELi0EEC1EPfiiEs)
                  000146d2    00000101     rtsv7M4_T_le_v4SPD16_eabi.lib : ctype.c.obj (.const:.string:_ctypes_)
                  000147d3    000000ff     CarSim.obj (.const:.string:_ZZN5Eigen5BlockINS_6MatrixIfLi3ELi4ELi0ELi3ELi4EEELi3ELi1ELb1EEC1ERS2_iEs)
                  000148d2    000000e7     PathGenerator.obj (.const:.string:_ZZN5Eigen5BlockINS_6MatrixIfLi2ELi2ELi0ELi2ELi2EEELin1ELin1ELb0EEC1ERS2_iiiiEs_0)
                  000149b9    000000c5     PathGenerator.obj (.const:.string:_ZZN5Eigen9DenseBaseINS_5BlockINS_6MatrixIfLi2ELi2ELi0ELi2ELi2EEELin1ELin1ELb0EEEE6resizeEiiEs_0)
                  00014a7e    00000097     CarSim.obj (.const:.string:_ZZN5Eigen15DenseCoeffsBaseINS_6MatrixIfLi3ELi4ELi0ELi3ELi4EEELi1EEclEiiEs)
                  00014b15    00000091     PathGenerator.obj (.const:.string:_ZZN5Eigen8internal17resize_if_allowedINS_5BlockINS_6MatrixIfLi2ELi2ELi0ELi2ELi2EEELin1ELin1ELb0EEENS3_IfLi2ELi1ELi0ELi2ELi1EEEffEEvRT_RKT0_RKNS0_9assign_opIT1_T2_EEEs)
                  00014ba6    00000091     PathGenerator.obj (.const:.string:_ZZN5Eigen8internal17resize_if_allowedINS_5BlockINS_6MatrixIfLi2ELi2ELi0ELi2ELi2EEELin1ELin1ELb0EEENS_9TransposeINS3_IfLi2ELi1ELi0ELi2ELi1EEEEEffEEvRT_RKT0_RKNS0_9assign_opIT1_T2_EEEs)
                  00014c37    00000001     --HOLE-- [fill = 0]
                  00014c38    00000080     rtsv7M4_T_le_v4SPD16_eabi.lib : k_tan.c.obj (.const:xxx)
                  00014cb8    0000006f     Car.obj (.const:.string:_ZZN5Eigen8internal19variable_if_dynamicIiLi1EEC1EiEs)
                  00014d27    0000006f     PathGenerator.obj (.const:.string:_ZZN5Eigen8internal19variable_if_dynamicIiLi2EEC1EiEs)
                  00014d96    0000006f     Car.obj (.const:.string:_ZZN5Eigen8internal19variable_if_dynamicIiLi3EEC1EiEs)
                  00014e05    00000044     PathGenerator.obj (.const:.string:_ZZNSt3__29allocatorItE8allocateEjPKvEs)
                  00014e49    00000003     my_uart.obj (.const:.string:$P$T3$7)
                  00014e4c    00000034     rtsv7M4_T_le_v4SPD16_eabi.lib : s_atanf.c.obj (.const:$O1$$)
                  00014e80    00000030                                   : e_pow.c.obj (.const:$O1$$)
                  00014eb0    00000030     msp432p4xx_driverlib.lib : gpio.o (.const:GPIO_PORT_TO_BASE)
                  00014ee0    00000028     my_uart.obj (.const:$P$T0$1)
                  00014f08    00000028     my_uart.obj (.const:$P$T1$2)
                  00014f30    00000028     my_uart.obj (.const:$P$T2$3)
                  00014f58    00000025     rtsv7M4_T_le_v4SPD16_eabi.lib : typeinfo.c.obj (.const:.typeinfo:_ZTSN10__cxxabiv120__si_class_type_infoE)
                  00014f7d    00000022                                   : typeinfo.c.obj (.const:.typeinfo:_ZTSN10__cxxabiv117__class_type_infoE)
                  00014f9f    00000021     FuzzyController.obj (.const:.typeinfo:_ZTSN5fuzzy22Fuzzy3InputsControllerE)
                  00014fc0    0000001e     FuzzyController.obj (.const:.typeinfo:_ZTSN5fuzzy19FuzzyControllerBaseE)
                  00014fde    0000001d     Task.obj (.const:.typeinfo:_ZTSN7carTask16PathTrackSimTaskE)
                  00014ffb    0000001c     MembershipFuction.obj (.const:.typeinfo:_ZTSN5fuzzy17MembershipFuctionE)
                  00015017    0000001a     PIDController.obj (.const:.typeinfo:_ZTS23PIDParkAdjustController)
                  00015031    00000019     PIDController.obj (.const:.typeinfo:_ZTS22PIDPathTrackController)
                  0001504a    00000002     --HOLE-- [fill = 0]
                  0001504c    00000018     rtsv7M4_T_le_v4SPD16_eabi.lib : e_powf.c.obj (.const:$O1$$)
                  00015064    00000018     Encoder.obj (.const:$P$T40$1)
                  0001507c    00000018     Motor.obj (.const:$P$T40$1)
                  00015094    00000018     Encoder.obj (.const:$P$T41$2)
                  000150ac    00000018     PIDController.obj (.const:.typeinfo:_ZTS21PIDDistanceController)
                  000150c4    00000016     MembershipFuction.obj (.const:.typeinfo:_ZTSN5fuzzy11TrapezoidMFE)
                  000150da    00000016     PathGenerator.obj (.const:.typeinfo:_ZTSN9pathTrack8LinePathE)
                  000150f0    00000016     PathGenerator.obj (.const:.typeinfo:_ZTSN9pathTrack8PathPartE)
                  00015106    00000015     PIDController.obj (.const:.typeinfo:_ZTS18ESOSpeedController)
                  0001511b    00000015     PIDController.obj (.const:.typeinfo:_ZTS18PIDSpeedController)
                  00015130    00000015     MembershipFuction.obj (.const:.typeinfo:_ZTSN5fuzzy10TriangleMFE)
                  00015145    00000015     PathGenerator.obj (.const:.typeinfo:_ZTSN9pathTrack7ArcPathE)
                  0001515a    00000014     Task.obj (.const:.typeinfo:_ZTSN7carTask8TaskBaseE)
                  0001516e    00000002     --HOLE-- [fill = 0]
                  00015170    00000014     PIDController.obj (.const:_ZTV13PIDController)
                  00015184    00000014     PIDController.obj (.const:_ZTV18ESOSpeedController)
                  00015198    00000014     PIDController.obj (.const:_ZTV18PIDSpeedController)
                  000151ac    00000014     PIDController.obj (.const:_ZTV21PIDDistanceController)
                  000151c0    00000014     PIDController.obj (.const:_ZTV22PIDPathTrackController)
                  000151d4    00000014     PIDController.obj (.const:_ZTV23PIDParkAdjustController)
                  000151e8    00000014     MembershipFuction.obj (.const:_ZTVN5fuzzy10TriangleMFE)
                  000151fc    00000014     MembershipFuction.obj (.const:_ZTVN5fuzzy11TrapezoidMFE)
                  00015210    00000014     MembershipFuction.obj (.const:_ZTVN5fuzzy17MembershipFuctionE)
                  00015224    00000014     FuzzyController.obj (.const:_ZTVN5fuzzy19FuzzyControllerBaseE)
                  00015238    00000014     FuzzyController.obj (.const:_ZTVN5fuzzy22Fuzzy3InputsControllerE)
                  0001524c    00000014     Task.obj (.const:_ZTVN7carTask16PathTrackSimTaskE)
                  00015260    00000014     Task.obj (.const:_ZTVN7carTask8TaskBaseE)
                  00015274    00000014     PathGenerator.obj (.const:_ZTVN9pathTrack7ArcPathE)
                  00015288    00000014     PathGenerator.obj (.const:_ZTVN9pathTrack8LinePathE)
                  0001529c    00000014     PathGenerator.obj (.const:_ZTVN9pathTrack8PathPartE)
                  000152b0    00000010     main.obj (.const:$P$T48$5)
                  000152c0    00000010     PIDController.obj (.const:.typeinfo:_ZTS13PIDController)
                  000152d0    00000010     Motor.obj (.const:_ZTV5Motor)
                  000152e0    00000010     rtsv7M4_T_le_v4SPD16_eabi.lib : typeinfo.c.obj (.const:_ZTVN10__cxxabiv117__class_type_infoE)
                  000152f0    00000010                                   : typeinfo.c.obj (.const:_ZTVN10__cxxabiv120__si_class_type_infoE)
                  00015300    00000010     Car.obj (.const:_ZTVN7carTask3CarE)
                  00015310    0000000f     Car.obj (.const:.typeinfo:_ZTSN7carTask3CarE)
                  0001531f    0000000d     rtsv7M4_T_le_v4SPD16_eabi.lib : stdlib_typeinfo.cpp.obj (.const:.typeinfo:_ZTSSt9type_info)
                  0001532c    0000000c     main.obj (.const:$P$T44$1)
                  00015338    0000000c     main.obj (.const:$P$T45$2)
                  00015344    0000000c     main.obj (.const:$P$T46$3)
                  00015350    0000000c     PIDController.obj (.const:$P$T47$1)
                  0001535c    0000000c     main.obj (.const:$P$T47$4)
                  00015368    0000000c     PIDController.obj (.const:.typeinfo:_ZTI18ESOSpeedController)
                  00015374    0000000c     PIDController.obj (.const:.typeinfo:_ZTI18PIDSpeedController)
                  00015380    0000000c     PIDController.obj (.const:.typeinfo:_ZTI21PIDDistanceController)
                  0001538c    0000000c     PIDController.obj (.const:.typeinfo:_ZTI22PIDPathTrackController)
                  00015398    0000000c     PIDController.obj (.const:.typeinfo:_ZTI23PIDParkAdjustController)
                  000153a4    0000000c     rtsv7M4_T_le_v4SPD16_eabi.lib : typeinfo.c.obj (.const:.typeinfo:_ZTIN10__cxxabiv117__class_type_infoE)
                  000153b0    0000000c                                   : typeinfo.c.obj (.const:.typeinfo:_ZTIN10__cxxabiv120__si_class_type_infoE)
                  000153bc    0000000c     MembershipFuction.obj (.const:.typeinfo:_ZTIN5fuzzy10TriangleMFE)
                  000153c8    0000000c     MembershipFuction.obj (.const:.typeinfo:_ZTIN5fuzzy11TrapezoidMFE)
                  000153d4    0000000c     FuzzyController.obj (.const:.typeinfo:_ZTIN5fuzzy22Fuzzy3InputsControllerE)
                  000153e0    0000000c     Task.obj (.const:.typeinfo:_ZTIN7carTask16PathTrackSimTaskE)
                  000153ec    0000000c     PathGenerator.obj (.const:.typeinfo:_ZTIN9pathTrack7ArcPathE)
                  000153f8    0000000c     PathGenerator.obj (.const:.typeinfo:_ZTIN9pathTrack8LinePathE)
                  00015404    00000008     Car.obj (.const:$P$T77$1)
                  0001540c    00000008     Car.obj (.const:$P$T78$2)
                  00015414    00000008     PIDController.obj (.const:.typeinfo:_ZTI13PIDController)
                  0001541c    00000008     Motor.obj (.const:.typeinfo:_ZTI5Motor)
                  00015424    00000008     MembershipFuction.obj (.const:.typeinfo:_ZTIN5fuzzy17MembershipFuctionE)
                  0001542c    00000008     FuzzyController.obj (.const:.typeinfo:_ZTIN5fuzzy19FuzzyControllerBaseE)
                  00015434    00000008     Car.obj (.const:.typeinfo:_ZTIN7carTask3CarE)
                  0001543c    00000008     Task.obj (.const:.typeinfo:_ZTIN7carTask8TaskBaseE)
                  00015444    00000008     PathGenerator.obj (.const:.typeinfo:_ZTIN9pathTrack8PathPartE)
                  0001544c    00000008     rtsv7M4_T_le_v4SPD16_eabi.lib : stdlib_typeinfo.cpp.obj (.const:.typeinfo:_ZTISt9type_info)
                  00015454    00000008     msp432p4xx_driverlib.lib : interrupt.o (.const:g_pulDisRegs)
                  0001545c    00000008                              : interrupt.o (.const:g_pulEnRegs)
                  00015464    00000007     rtsv7M4_T_le_v4SPD16_eabi.lib : vector.cpp.obj (.const:.string:_ZZNKSt3__220__vector_base_commonILb1EE20__throw_length_errorEvEs)
                  0001546b    00000007     cJSON.obj (.const:.string:firstByteMark)
                  00015472    00000007     Motor.obj (.const:.typeinfo:_ZTS5Motor)
                  00015479    00000003     --HOLE-- [fill = 0]
                  0001547c    00000004     Car.obj (.const)
                  00015480    00000004     Encoder.obj (.const)

.cinit     0    00015490    00000390     
                  00015490    0000035a     (.cinit..data.load) [load image, compression = lzss]
                  000157ea    00000002     --HOLE-- [fill = 0]
                  000157ec    0000000c     (__TI_handler_table)
                  000157f8    00000008     (.cinit..bss.load) [load image, compression = zero_init]
                  00015800    00000008     (.cinit..vtable.load) [load image, compression = zero_init]
                  00015808    00000018     (__TI_cinit_table)

.init_array 
*          0    00015484    0000000c     
                  00015484    00000004     PathTrackSim.obj (.init_array)
                  00015488    00000004     CarFuzzy.obj (.init_array)
                  0001548c    00000004     Car.obj (.init_array)

.vtable    0    20000000    000000e8     UNINITIALIZED
                  20000000    000000e8     msp432p4xx_driverlib.lib : interrupt.o (.vtable)

.sysmem    0    200000e8    00002000     UNINITIALIZED
                  200000e8    00000010     rtsv7M4_T_le_v4SPD16_eabi.lib : memory.c.obj (.sysmem)
                  200000f8    00001ff0     --HOLE--

.data      0    200020e8    0000187e     UNINITIALIZED
                  200020e8    00001000     MyOledFont.obj (.data:Hzk4)
                  200030e8    00000200     MyOledFont.obj (.data:Hzk3)
                  200032e8    00000160     MyOledFont.obj (.data:Hzk1)
                  20003448    000000f0     rtsv7M4_T_le_v4SPD16_eabi.lib : defs.c.obj (.data:_ftable)
                  20003538    000000d8     MyOledFont.obj (.data:Hzk2)
                  20003610    00000078     rtsv7M4_T_le_v4SPD16_eabi.lib : host_device.c.obj (.data:_device)
                  20003688    00000050                                   : host_device.c.obj (.data:_stream)
                  200036d8    00000030     CarFuzzy.obj (.data:_ZN5fuzzy8parallel5rulesE)
                  20003708    0000001e     CarFuzzy.obj (.data:_ZN5fuzzy13perpendicular5rulesE)
                  20003726    00000002     --HOLE--
                  20003728    0000001c     my_uart.obj (.data)
                  20003744    00000019     Car.obj (.data)
                  2000375d    00000003     Car.obj (.data:_ZN7carTask9lastErrorE)
                  20003760    00000018     motor_timer.obj (.data:captureModeConfig)
                  20003778    00000018     motor_timer.obj (.data:pwmConfig)
                  20003790    00000018     motor_timer.obj (.data:upModeConfig)
                  200037a8    00000014     CarFuzzy.obj (.data:_ZN5fuzzy13perpendicular9theta_MFsE)
                  200037bc    00000014     CarFuzzy.obj (.data:_ZN5fuzzy8parallel7phi_MFsE)
                  200037d0    00000010     CarFuzzy.obj (.data:_ZN5fuzzy13perpendicular7phi_MFsE)
                  200037e0    00000010     CarFuzzy.obj (.data:_ZN5fuzzy8parallel5y_MFsE)
                  200037f0    00000010     CarFuzzy.obj (.data:_ZN5fuzzy8parallel9theta_MFsE)
                  20003800    00000010     Car.obj (.data:_ZN7carTask12parkSimParamE)
                  20003810    00000010     Car.obj (.data:_ZN7carTask9parkParamE)
                  20003820    00000010     motor_timer.obj (.data:compareModeConfig)
                  20003830    00000010     motor_timer.obj (.data)
                  20003840    00000010     rtsv7M4_T_le_v4SPD16_eabi.lib : defs.c.obj (.data)
                  20003850    0000000c                                   : exit.c.obj (.data:$O1$$)
                  2000385c    0000000c     my_uart.obj (.data:IMU_Angle)
                  20003868    0000000c     PIDController.obj (.data)
                  20003874    0000000c     CarFuzzy.obj (.data:_ZN5fuzzy13perpendicular5x_MFsE)
                  20003880    0000000c     CarFuzzy.obj (.data:_ZN5fuzzy13perpendicular9inputVarsE)
                  2000388c    0000000c     CarFuzzy.obj (.data:_ZN5fuzzy8parallel5x_MFsE)
                  20003898    0000000c     CarFuzzy.obj (.data:_ZN5fuzzy8parallel9inputVarsE)
                  200038a4    0000000c     Car.obj (.data:_ZN7carTask10parkInputsE)
                  200038b0    0000000c     Car.obj (.data:_ZN7carTask17PIDPathTrackParamE)
                  200038bc    0000000c     Car.obj (.data:_ZN7carTask8parkInitE)
                  200038c8    00000008     rtsv7M4_T_le_v4SPD16_eabi.lib : _lock.c.obj (.data:$O1$$)
                  200038d0    00000008                                   : memory.c.obj (.data:$O1$$)
                  200038d8    00000008     Encoder.obj (.data)
                  200038e0    00000008     CarFuzzy.obj (.data:_ZN5fuzzy13perpendicular11theta_rangeE)
                  200038e8    00000008     CarFuzzy.obj (.data:_ZN5fuzzy13perpendicular5y_MFsE)
                  200038f0    00000008     CarFuzzy.obj (.data:_ZN5fuzzy13perpendicular7x_rangeE)
                  200038f8    00000008     CarFuzzy.obj (.data:_ZN5fuzzy13perpendicular7y_rangeE)
                  20003900    00000008     CarFuzzy.obj (.data:_ZN5fuzzy13perpendicular9phi_rangeE)
                  20003908    00000008     CarFuzzy.obj (.data:_ZN5fuzzy8parallel11theta_rangeE)
                  20003910    00000008     CarFuzzy.obj (.data:_ZN5fuzzy8parallel7x_rangeE)
                  20003918    00000008     CarFuzzy.obj (.data:_ZN5fuzzy8parallel7y_rangeE)
                  20003920    00000008     CarFuzzy.obj (.data:_ZN5fuzzy8parallel9phi_rangeE)
                  20003928    00000008     Car.obj (.data:_ZN7carTask12defaultSpeedE)
                  20003930    00000008     Car.obj (.data:_ZN7carTask9parkSpeedE)
                  20003938    00000008     cJSON.obj (.data)
                  20003940    00000008     Encoder.obj (.data:encoderCounter1)
                  20003948    00000008     Encoder.obj (.data:encoderCounter2)
                  20003950    00000004     rtsv7M4_T_le_v4SPD16_eabi.lib : dtor_list.c.obj (.data)
                  20003954    00000004                                   : errno.c.obj (.data)
                  20003958    00000004     system_msp432p401r.obj (.data)
                  2000395c    00000004     motor_timer.obj (.data:ticks$2)
                  20003960    00000003     Encoder.obj (.data:freqSignBefore1$3)
                  20003963    00000003     motor_timer.obj (.data:freqSignBefore2$1)

.bss       0    20003968    00000de9     UNINITIALIZED
                  20003968    00000480     (.common:OLED_GRAM)
                  20003de8    00000120     rtsv7M4_T_le_v4SPD16_eabi.lib : trgmsg.c.obj (.bss:_CIOBUF_)
                  20003f08    000000a0     (.common:__TI_tmpnams)
                  20003fa8    00000070     CarFuzzy.obj (.bss:_ZN5fuzzy13perpendicular8CarFuzzyE)
                  20004018    00000070     CarFuzzy.obj (.bss:_ZN5fuzzy8parallel8CarFuzzyE)
                  20004088    00000064     (.common:uart0RxBuff)
                  200040ec    00000064     (.common:uart1RxBuff)
                  20004150    0000005c     CarFuzzy.obj (.bss:_ZN5fuzzy13perpendicular1xE)
                  200041ac    0000005c     CarFuzzy.obj (.bss:_ZN5fuzzy13perpendicular1yE)
                  20004208    0000005c     CarFuzzy.obj (.bss:_ZN5fuzzy13perpendicular3phiE)
                  20004264    0000005c     CarFuzzy.obj (.bss:_ZN5fuzzy13perpendicular5thetaE)
                  200042c0    0000005c     CarFuzzy.obj (.bss:_ZN5fuzzy8parallel1xE)
                  2000431c    0000005c     CarFuzzy.obj (.bss:_ZN5fuzzy8parallel1yE)
                  20004378    0000005c     CarFuzzy.obj (.bss:_ZN5fuzzy8parallel3phiE)
                  200043d4    0000005c     CarFuzzy.obj (.bss:_ZN5fuzzy8parallel5thetaE)
                  20004430    00000034     (.common:uart2RxBuff)
                  20004464    00000030     Car.obj (.bss:_ZN7carTask12pidPathTrackE)
                  20004494    00000024     Car.obj (.bss:_ZN7carTask6carSimE)
                  200044b8    00000014     CarFuzzy.obj (.bss:_ZN5fuzzy13perpendicular3x_LE)
                  200044cc    00000014     CarFuzzy.obj (.bss:_ZN5fuzzy13perpendicular3x_SE)
                  200044e0    00000014     CarFuzzy.obj (.bss:_ZN5fuzzy13perpendicular3y_LE)
                  200044f4    00000014     CarFuzzy.obj (.bss:_ZN5fuzzy13perpendicular3y_SE)
                  20004508    00000014     CarFuzzy.obj (.bss:_ZN5fuzzy13perpendicular7theta_NE)
                  2000451c    00000014     CarFuzzy.obj (.bss:_ZN5fuzzy8parallel3x_LE)
                  20004530    00000014     CarFuzzy.obj (.bss:_ZN5fuzzy8parallel3x_SE)
                  20004544    00000014     CarFuzzy.obj (.bss:_ZN5fuzzy8parallel3y_LE)
                  20004558    00000014     CarFuzzy.obj (.bss:_ZN5fuzzy8parallel3y_ZE)
                  2000456c    00000014     CarFuzzy.obj (.bss:_ZN5fuzzy8parallel7theta_NE)
                  20004580    00000014     CarFuzzy.obj (.bss:_ZN5fuzzy8parallel8theta_PLE)
                  20004594    00000010     Task.obj (.bss)
                  200045a4    00000010     CarFuzzy.obj (.bss:_ZN5fuzzy13perpendicular3x_ME)
                  200045b4    00000010     CarFuzzy.obj (.bss:_ZN5fuzzy13perpendicular5phi_PE)
                  200045c4    00000010     CarFuzzy.obj (.bss:_ZN5fuzzy13perpendicular5phi_ZE)
                  200045d4    00000010     CarFuzzy.obj (.bss:_ZN5fuzzy13perpendicular6phi_NLE)
                  200045e4    00000010     CarFuzzy.obj (.bss:_ZN5fuzzy13perpendicular6phi_NSE)
                  200045f4    00000010     CarFuzzy.obj (.bss:_ZN5fuzzy13perpendicular7theta_ZE)
                  20004604    00000010     CarFuzzy.obj (.bss:_ZN5fuzzy13perpendicular8theta_PLE)
                  20004614    00000010     CarFuzzy.obj (.bss:_ZN5fuzzy13perpendicular8theta_PME)
                  20004624    00000010     CarFuzzy.obj (.bss:_ZN5fuzzy13perpendicular8theta_PSE)
                  20004634    00000010     CarFuzzy.obj (.bss:_ZN5fuzzy8parallel3x_ME)
                  20004644    00000010     CarFuzzy.obj (.bss:_ZN5fuzzy8parallel3y_ME)
                  20004654    00000010     CarFuzzy.obj (.bss:_ZN5fuzzy8parallel3y_SE)
                  20004664    00000010     CarFuzzy.obj (.bss:_ZN5fuzzy8parallel5phi_ZE)
                  20004674    00000010     CarFuzzy.obj (.bss:_ZN5fuzzy8parallel6phi_NLE)
                  20004684    00000010     CarFuzzy.obj (.bss:_ZN5fuzzy8parallel6phi_NSE)
                  20004694    00000010     CarFuzzy.obj (.bss:_ZN5fuzzy8parallel6phi_PLE)
                  200046a4    00000010     CarFuzzy.obj (.bss:_ZN5fuzzy8parallel6phi_PSE)
                  200046b4    00000010     CarFuzzy.obj (.bss:_ZN5fuzzy8parallel7theta_ZE)
                  200046c4    00000010     CarFuzzy.obj (.bss:_ZN5fuzzy8parallel8theta_PSE)
                  200046d4    0000000c     Car.obj (.bss:_ZN7carTask12pathTrackSimE)
                  200046e0    0000000c     PathTrackSim.obj (.bss:_ZN9pathTrack5x_hatE)
                  200046ec    0000000c     PathTrackSim.obj (.bss:_ZN9pathTrack7v_delayE)
                  200046f8    0000000c     PathTrackSim.obj (.bss:_ZN9pathTrack7x_delayE)
                  20004704    0000000c     PathTrackSim.obj (.bss:_ZN9pathTrack9phi_delayE)
                  20004710    00000008     Car.obj (.bss:_ZN7carTask13pathTrackTaskE)
                  20004718    00000008     msp432p4xx_driverlib.lib : cs.o (.bss)
                  20004720    00000008     (.common:parmbuf)
                  20004728    00000004     cJSON.obj (.bss)
                  2000472c    00000004     rtsv7M4_T_le_v4SPD16_eabi.lib : new.cpp.obj (.bss)
                  20004730    00000004     (.common:Aclk)
                  20004734    00000004     (.common:SMclk)
                  20004738    00000004     (.common:__dso_handle)
                  2000473c    00000004     (.common:pMotorFreq1)
                  20004740    00000004     (.common:pMotorFreq2)
                  20004744    00000004     (.common:pPIDParam)
                  20004748    00000004     (.common:pReverseParam)
                  2000474c    00000004     (.common:param4)
                  20004750    00000001     (.common:delayFlag)

.stack     0    2000c000    00004000     UNINITIALIZED
                  2000c000    00000004     rtsv7M4_T_le_v4SPD16_eabi.lib : boot_cortex_m.c.obj (.stack)
                  2000c004    00003ffc     --HOLE--

MODULE SUMMARY

       Module                        code    ro data   rw data
       ------                        ----    -------   -------
    .\
       main.obj                      768     64        0      
       system_msp432p401r.obj        766     0         8      
       startup_msp432p401r_ccs.obj   18      228       0      
    +--+-----------------------------+-------+---------+---------+
       Total:                        1552    292       8      
                                                              
    .\Apps\
       cJSON.obj                     7668    7         24     
       Car.obj                       3076    285       432    
       my_uart.obj                   2500    123       608    
       PIDController.obj             2448    333       24     
       motor_timer.obj               1272    0         222    
       Encoder.obj                   742     52        88     
       Task.obj                      660     109       32     
       Motor.obj                     452     55        0      
    +--+-----------------------------+-------+---------+---------+
       Total:                        18818   964       1430   
                                                              
    .\FuzzyControl\
       CarFuzzy.obj                  1934    4         3540   
       CarSim.obj                    1888    693       0      
       MembershipFuction.obj         850     163       0      
       FuzzyController.obj           506     123       0      
       FuzzyVar.obj                  238     0         0      
    +--+-----------------------------+-------+---------+---------+
       Total:                        5416    983       3540   
                                                              
    .\OLED\
       MyOledFont.obj                0       6080      10352  
       MyOLED.obj                    2914    0         2304   
    +--+-----------------------------+-------+---------+---------+
       Total:                        2914    6080      12656  
                                                              
    .\PathTrack\
       PathGenerator.obj             7034    10160     0      
       PathTrackSim.obj              4592    4         96     
    +--+-----------------------------+-------+---------+---------+
       Total:                        11626   10164     96     
                                                              
    D:/WorkSpace/ccs9/simplelink_msp432p4_sdk_3_40_01_02/source/ti/devices/msp432p4xx/driverlib/ccs/msp432p4xx_driverlib.lib
       cs.o                          1302    0         16     
       timer_a.o                     1082    0         0      
       interrupt.o                   380     16        464    
       pcm.o                         848     0         0      
       uart.o                        578     0         0      
       gpio.o                        504     48        0      
       sysctl_a.o                    148     0         0      
       flash.o                       72      0         0      
       systick.o                     70      0         0      
       wdt_a.o                       36      0         0      
       cpu.o                         12      0         0      
    +--+-----------------------------+-------+---------+---------+
       Total:                        5032    64        480    
                                                              
    D:\software\ccs930\ccs\tools\compiler\ti-cgt-arm_18.12.8.LTS\lib\rtsv7M4_T_le_v4SPD16_eabi.lib
       _printfi.c.obj                4851    0         0      
       e_pow.c.obj                   2512    48        0      
       k_rem_pio2.c.obj              1848    344       0      
       e_powf.c.obj                  1420    24        0      
       s_tan.c.obj                   1288    0         0      
       k_tan.c.obj                   796     128       0      
       defs.c.obj                    0       0         832    
       memory.c.obj                  696     0         16     
       trgmsg.c.obj                  108     0         576    
       fd_add_t2.asm.obj             438     0         0      
       e_acosf.c.obj                 408     0         0      
       host_device.c.obj             0       0         400    
       s_atanf.c.obj                 336     52        0      
       e_atan2f.c.obj                344     0         0      
       e_sqrt.c.obj                  344     0         0      
       fd_div_t2.asm.obj             310     0         0      
       fputs.c.obj                   276     0         0      
       s_scalbn.c.obj                272     0         0      
       fd_cmp_t2.asm.obj             268     0         0      
       ctype.c.obj                   0       257       0      
       fd_mul_t2.asm.obj             252     0         0      
       s_floor.c.obj                 248     0         0      
       dtor_list.c.obj               204     0         16     
       setvbuf.c.obj                 220     0         0      
       s_scalbnf.c.obj               208     0         0      
       fflush.c.obj                  200     0         0      
       s_cosf.c.obj                  180     0         0      
       s_tanf.c.obj                  172     0         0      
       s_sinf.c.obj                  164     0         0      
       typeinfo.c.obj                36      127       0      
       memcpy_t2.asm.obj             156     0         0      
       vec_newdel.c.obj              154     0         0      
       ull_div_t2.asm.obj            150     0         0      
       memset_t2.asm.obj             122     0         0      
       fclose.c.obj                  116     0         0      
       getdevice.c.obj               116     0         0      
       hostopen.c.obj                96      0         16     
       fd_tos_t2.asm.obj             110     0         0      
       hostrename.c.obj              108     0         0      
       copy_decompress_lzss.c.obj    104     0         0      
       hostlseek.c.obj               104     0         0      
       exit.c.obj                    76      0         24     
       fseek.c.obj                   100     0         0      
       s_frexp.c.obj                 100     0         0      
       _io_perm.c.obj                98      0         0      
       sprintf.c.obj                 98      0         0      
       autoinit.c.obj                96      0         0      
[...]
20004624  _ZN5fuzzy13perpendicular8theta_PSE                                                                                                                                                                                                                                                                                                                                                                                                                                                                                         
20004634  _ZN5fuzzy8parallel3x_ME                                                                                                                                                                                                                                                                                                                                                                                                                                                                                                    
20004644  _ZN5fuzzy8parallel3y_ME                                                                                                                                                                                                                                                                                                                                                                                                                                                                                                    
20004654  _ZN5fuzzy8parallel3y_SE                                                                                                                                                                                                                                                                                                                                                                                                                                                                                                    
20004664  _ZN5fuzzy8parallel5phi_ZE                                                                                                                                                                                                                                                                                                                                                                                                                                                                                                  
20004674  _ZN5fuzzy8parallel6phi_NLE                                                                                                                                                                                                                                                                                                                                                                                                                                                                                                 
20004684  _ZN5fuzzy8parallel6phi_NSE                                                                                                                                                                                                                                                                                                                                                                                                                                                                                                 
20004694  _ZN5fuzzy8parallel6phi_PLE                                                                                                                                                                                                                                                                                                                                                                                                                                                                                                 
200046a4  _ZN5fuzzy8parallel6phi_PSE                                                                                                                                                                                                                                                                                                                                                                                                                                                                                                 
200046b4  _ZN5fuzzy8parallel7theta_ZE                                                                                                                                                                                                                                                                                                                                                                                                                                                                                                
200046c4  _ZN5fuzzy8parallel8theta_PSE                                                                                                                                                                                                                                                                                                                                                                                                                                                                                               
200046d4  _ZN7carTask12pathTrackSimE                                                                                                                                                                                                                                                                                                                                                                                                                                                                                                 
200046e0  _ZN9pathTrack5x_hatE                                                                                                                                                                                                                                                                                                                                                                                                                                                                                                       
200046ec  _ZN9pathTrack7v_delayE                                                                                                                                                                                                                                                                                                                                                                                                                                                                                                     
200046f8  _ZN9pathTrack7x_delayE                                                                                                                                                                                                                                                                                                                                                                                                                                                                                                     
20004704  _ZN9pathTrack9phi_delayE                                                                                                                                                                                                                                                                                                                                                                                                                                                                                                   
20004710  _ZN7carTask13pathTrackTaskE                                                                                                                                                                                                                                                                                                                                                                                                                                                                                                
20004720  parmbuf                                                                                                                                                                                                                                                                                                                                                                                                                                                                                                                    
20004730  Aclk                                                                                                                                                                                                                                                                                                                                                                                                                                                                                                                       
20004734  SMclk                                                                                                                                                                                                                                                                                                                                                                                                                                                                                                                      
20004738  __dso_handle                                                                                                                                                                                                                                                                                                                                                                                                                                                                                                               
2000473c  pMotorFreq1                                                                                                                                                                                                                                                                                                                                                                                                                                                                                                                
20004740  pMotorFreq2                                                                                                                                                                                                                                                                                                                                                                                                                                                                                                                
20004744  pPIDParam                                                                                                                                                                                                                                                                                                                                                                                                                                                                                                                  
20004748  pReverseParam                                                                                                                                                                                                                                                                                                                                                                                                                                                                                                              
2000474c  param4                                                                                                                                                                                                                                                                                                                                                                                                                                                                                                                     
20004750  delayFlag                                                                                                                                                                                                                                                                                                                                                                                                                                                                                                                  
2000c000  __stack                                                                                                                                                                                                                                                                                                                                                                                                                                                                                                                    
20010000  __STACK_END                                                                                                                                                                                                                                                                                                                                                                                                                                                                                                                
4000480c  WDTCTL_SYM                                                                                                                                                                                                                                                                                                                                                                                                                                                                                                                 
ffffffff  __TI_pprof_out_hndl                                                                                                                                                                                                                                                                                                                                                                                                                                                                                                        
ffffffff  __TI_prof_data_size                                                                                                                                                                                                                                                                                                                                                                                                                                                                                                        
ffffffff  __TI_prof_data_start                                                                                                                                                                                                                                                                                                                                                                                                                                                                                                       
ffffffff  __binit__                                                                                                                                                                                                                                                                                                                                                                                                                                                                                                                  
ffffffff  __c_args__                                                                                                                                                                                                                                                                                                                                                                                                                                                                                                                 
ffffffff  binit                                                                                                                                                                                                                                                                                                                                                                                                                                                                                                                      
UNDEFED   __mpu_init                                                                                                                                                                                                                                                                                                                                                                                                                                                                                                                 
UNDEFED   _system_post_cinit                                                                                                                                                                                                                                                                                                                                                                                                                                                                                                         

[807 symbols]
