******************************************************************************
                  TI ARM Linker PC v18.12.4                    
******************************************************************************
>> Linked Tue Mar 23 19:02:45 2021

OUTPUT FILE NAME:   <CarMSP432.out>
ENTRY POINT SYMBOL: "_c_int00_noargs"  address: 0000921d


MEMORY CONFIGURATION

         name            origin    length      used     unused   attr    fill
----------------------  --------  ---------  --------  --------  ----  --------
  MAIN                  00000000   00040000  0000bef4  0003410c  R  X
  INFO                  00200000   00004000  00000000  00004000  R  X
  SRAM_CODE             01000000   00010000  00003e4a  0000c1b6  RW X
  SRAM_DATA             20000000   00010000  00003e4a  0000c1b6  RW  


SEGMENT ALLOCATION MAP

run origin  load origin   length   init length attrs members
----------  ----------- ---------- ----------- ----- -------
00000000    00000000    0000bef8   0000bef8    r-x
  00000000    00000000    000000e4   000000e4    r-- .intvecs
  000000e4    000000e4    000099dc   000099dc    r-x .text
  00009ac0    00009ac0    000020ac   000020ac    r-- .const
  0000bb6c    0000bb6c    00000008   00000008    r-- .init_array
  0000bb78    0000bb78    00000380   00000380    r-- .cinit
20000000    20000000    00002e50   00000000    rw-
  20000000    20000000    000000e8   00000000    rw- .vtable
  200000e8    200000e8    00001831   00000000    rw- .data
  2000191c    2000191c    00000d31   00000000    rw- .bss
  20002650    20002650    00000800   00000000    rw- .sysmem
2000f000    2000f000    00001000   00000000    rw-
  2000f000    2000f000    00001000   00000000    rw- .stack


SECTION ALLOCATION MAP

 output                                  attributes/
section   page    origin      length       input sections
--------  ----  ----------  ----------   ----------------
.intvecs   0    00000000    000000e4     
                  00000000    000000e4     startup_msp432p401r_ccs.obj (.intvecs:retain)

.binit     0    00000000    00000000     

.text      0    000000e4    000099dc     
                  000000e4    00001700     cJSON.obj (.text)
                  000017e4    00000a4e     rtsv7M4_T_le_v4SPD16_eabi.lib : _printfi.c.obj (.text:__TI_printfi)
                  00002232    00000002     PIDController.obj (.text:_ZN18PIDSpeedControllerD1Ev)
                  00002234    000009c0     rtsv7M4_T_le_v4SPD16_eabi.lib : e_pow.c.obj (.text:pow)
                  00002bf4    000008b6     MyOLED.obj (.text)
                  000034aa    00000002     PIDController.obj (.text:_ZN21PIDDistanceControllerD1Ev)
                  000034ac    00000698     CarFuzzy.obj (.text)
                  00003b44    00000550     Car.obj (.text)
                  00004094    000004c4     my_uart.obj (.text)
                  00004558    00000394     motor_timer.obj (.text)
                  000048ec    00000334     CarSim.obj (.text)
                  00004c20    000002ec     MembershipFuction.obj (.text)
                  00004f0c    000002bc     PIDController.obj (.text)
                  000051c8    00000270     rtsv7M4_T_le_v4SPD16_eabi.lib : _printfi.c.obj (.text:_pconv_a)
                  00005438    00000258     Encoder.obj (.text)
                  00005690    000001e4     main.obj (.text)
                  00005874    000001e0     system_msp432p401r.obj (.text)
                  00005a54    000001d0     rtsv7M4_T_le_v4SPD16_eabi.lib : _printfi.c.obj (.text:_pconv_g)
                  00005c24    000001b6                                   : fd_add_t2.asm.obj (.text)
                  00005dda    00000002     CarSim.obj (.text:_ZN5Eigen8internal17resize_if_allowedINS_6MatrixIfLi3ELi1ELi0ELi3ELi1EEES3_ffEEvRT_RKT0_RKNS0_9assign_opIT1_T2_EE)
                  00005ddc    000001b0     Motor.obj (.text)
                  00005f8c    000001a0     FuzzyController.obj (.text)
                  0000612c    0000015c     msp432p4xx_driverlib.lib : pcm.o (.text:__PCM_setPowerModeAdvanced)
                  00006288    00000158     rtsv7M4_T_le_v4SPD16_eabi.lib : e_sqrt.c.obj (.text:sqrt)
                  000063e0    00000144     msp432p4xx_driverlib.lib : timer_a.o (.text:privateTimer_AProcessClockSourceDivider)
                  00006524    0000013c     rtsv7M4_T_le_v4SPD16_eabi.lib : _printfi.c.obj (.text:_pconv_e)
                  00006660    00000136                                   : fd_div_t2.asm.obj (.text)
                  00006796    00000002                                   : stdlib_typeinfo.cpp.obj (.text:_ZNSt9type_infoD1Ev)
                  00006798    00000130     msp432p4xx_driverlib.lib : cs.o (.text:CS_initClockSignal)
                  000068c8    00000124     rtsv7M4_T_le_v4SPD16_eabi.lib : _printfi.c.obj (.text:fcvt)
                  000069ec    0000011c     msp432p4xx_driverlib.lib : uart.o (.text:UART_initModule)
                  00006b08    00000118     rtsv7M4_T_le_v4SPD16_eabi.lib : memory.c.obj (.text:aligned_alloc)
                  00006c20    00000114                                   : fputs.c.obj (.text:fputs)
                  00006d34    00000110                                   : s_scalbn.c.obj (.text:scalbn)
                  00006e44    00000108     msp432p4xx_driverlib.lib : pcm.o (.text:__PCM_setCoreVoltageLevelAdvanced)
                  00006f4c    00000104                              : cs.o (.text:_CSComputeCLKFrequency)
                  00007050    000000fc     rtsv7M4_T_le_v4SPD16_eabi.lib : fd_mul_t2.asm.obj (.text)
                  0000714c    000000f8     msp432p4xx_driverlib.lib : cs.o (.text:CS_getDCOFrequency)
                  00007244    000000f8     rtsv7M4_T_le_v4SPD16_eabi.lib : s_floor.c.obj (.text:floor)
                  0000733c    000000ec     CarSim.obj (.text:_ZN5Eigen8internal26call_dense_assignment_loopINS_6MatrixIfLi3ELi1ELi0ELi3ELi1EEENS_13CwiseBinaryOpINS0_13scalar_sum_opIffEEKS3_KNS4_INS0_17scalar_product_opIffEEKNS_14CwiseNullaryOpINS0_18scalar_constant_opIfEES7_EEKNS4_IS6_KNS4_IS6_KNS4_IS6_KNS_5BlockINS2_IfLi3ELi4ELi0ELi3ELi4EEELi3ELi1ELb1EEEKNS4_IS9_SE_SI_EEEESK_EESI_EEEEEENS0_9assign_opIffEEEEvRT_RKT0_RKT1_)
                  00007428    000000e4     rtsv7M4_T_le_v4SPD16_eabi.lib : memory.c.obj (.text:free)
                  0000750c    000000dc                                   : setvbuf.c.obj (.text:setvbuf)
                  000075e8    000000d2     msp432p4xx_driverlib.lib : timer_a.o (.text:Timer_A_registerInterrupt)
                  000076ba    00000002     rtsv7M4_T_le_v4SPD16_eabi.lib : _lock.c.obj (.text:_nop)
                  000076bc    000000c4     FuzzyVar.obj (.text)
                  00007780    000000b4     rtsv7M4_T_le_v4SPD16_eabi.lib : s_cosf.c.obj (.text:cosf)
                  00007834    000000b1                                   : _printfi.c.obj (.text:_ltostr)
                  000078e5    00000001     --HOLE-- [fill = 0]
                  000078e6    00000002                                   : div0.asm.obj (.text)
                  000078e8    000000ac                                   : s_tanf.c.obj (.text:tanf)
                  00007994    000000a4                                   : s_sinf.c.obj (.text:sinf)
                  00007a38    0000009c                                   : memcpy_t2.asm.obj (.text)
                  00007ad4    00000096                                   : ull_div_t2.asm.obj (.text)
                  00007b6a    00000002     --HOLE-- [fill = 0]
                  00007b6c    00000094     msp432p4xx_driverlib.lib : sysctl_a.o (.text:SysCtl_A_getTLVInfo)
                  00007c00    00000088                              : gpio.o (.text:GPIO_setAsPeripheralModuleFunctionInputPin)
                  00007c88    00000088                              : gpio.o (.text:GPIO_setAsPeripheralModuleFunctionOutputPin)
                  00007d10    00000086     rtsv7M4_T_le_v4SPD16_eabi.lib : fd_cmp_t2.asm.obj (.text:__aeabi_cdcmple)
                  00007d96    00000086                                   : fd_cmp_t2.asm.obj (.text:__aeabi_cdrcmple)
                  00007e1c    00000080     msp432p4xx_driverlib.lib : interrupt.o (.text:Interrupt_disableInterrupt)
                  00007e9c    00000080                              : interrupt.o (.text:Interrupt_enableInterrupt)
                  00007f1c    0000007c                              : cs.o (.text:_CSGetDOCFrequency)
                  00007f98    0000007c     rtsv7M4_T_le_v4SPD16_eabi.lib : fflush.c.obj (.text:fflush)
                  00008014    0000007a                                   : memset_t2.asm.obj (.text)
                  0000808e    00000076                                   : vec_newdel.c.obj (.text:_ZN34_INTERNAL_12_vec_newdel_c_8a08d4a517array_new_generalEPvijjS0_PFYS0_S0_ES2_PFYS0_jEPFYvS0_Eii)
                  00008104    00000074     msp432p4xx_driverlib.lib : timer_a.o (.text:Timer_A_generatePWM)
                  00008178    00000074     CarSim.obj (.text:_ZN5Eigen8internal31generic_dense_assignment_kernelINS0_9evaluatorINS_6MatrixIfLi3ELi1ELi0ELi3ELi1EEEEENS2_INS_13CwiseBinaryOpINS0_13scalar_sum_opIffEEKS4_KNS6_INS0_17scalar_product_opIffEEKNS_14CwiseNullaryOpINS0_18scalar_constant_opIfEES9_EEKNS6_IS8_KNS6_IS8_KNS6_IS8_KNS_5BlockINS3_IfLi3ELi4ELi0ELi3ELi4EEELi3ELi1ELb1EEEKNS6_ISB_SG_SK_EEEESM_EESK_EEEEEEEENS0_9assign_opIffEELi0EE11assignCoeffEi)
                  000081ec    00000074     rtsv7M4_T_le_v4SPD16_eabi.lib : fclose.c.obj (.text:__TI_closefile)
                  00008260    00000070                                   : memory.c.obj (.text:split)
                  000082d0    0000006e                                   : _printfi.c.obj (.text:_mcpy)
                  0000833e    0000006e                                   : fd_tos_t2.asm.obj (.text)
                  000083ac    0000006c                                   : hostrename.c.obj (.text:HOSTrename)
                  00008418    00000068                                   : hostlseek.c.obj (.text:HOSTlseek)
                  00008480    00000068     msp432p4xx_driverlib.lib : timer_a.o (.text:Timer_A_configureUpMode)
                  000084e8    00000068     rtsv7M4_T_le_v4SPD16_eabi.lib : copy_decompress_lzss.c.obj (.text:decompress:lzss:__TI_decompress_lzss)
                  00008550    00000064     msp432p4xx_driverlib.lib : uart.o (.text:UART_getEnabledInterruptStatus)
                  000085b4    00000064     rtsv7M4_T_le_v4SPD16_eabi.lib : s_frexp.c.obj (.text:frexp)
                  00008618    00000064                                   : fseek.c.obj (.text:fseek)
                  0000867c    00000062     msp432p4xx_driverlib.lib : cs.o (.text:_CSGetDividerValue)
                  000086de    00000062     rtsv7M4_T_le_v4SPD16_eabi.lib : _io_perm.c.obj (.text:__TI_wrt_ok)
                  00008740    00000060                                   : hostopen.c.obj (.text:HOSTopen)
                  000087a0    00000060                                   : autoinit.c.obj (.text:__TI_auto_init_nobinit:__TI_auto_init_nobinit)
                  00008800    0000005e     msp432p4xx_driverlib.lib : pcm.o (.text:PCM_getCoreVoltageLevel)
                  0000885e    00000002     --HOLE-- [fill = 0]
                  00008860    0000005c                              : interrupt.o (.text:Interrupt_registerInterrupt)
                  000088bc    0000005c     rtsv7M4_T_le_v4SPD16_eabi.lib : close.c.obj (.text:close)
                  00008918    0000005a     msp432p4xx_driverlib.lib : pcm.o (.text:PCM_getPowerMode)
                  00008972    00000002     --HOLE-- [fill = 0]
                  00008974    00000058     rtsv7M4_T_le_v4SPD16_eabi.lib : hostread.c.obj (.text:HOSTread)
                  000089cc    00000058                                   : hostwrite.c.obj (.text:HOSTwrite)
                  00008a24    00000058     msp432p4xx_driverlib.lib : timer_a.o (.text:Timer_A_initCapture)
                  00008a7c    00000056     rtsv7M4_T_le_v4SPD16_eabi.lib : _printfi.c.obj (.text:_pconv_f)
                  00008ad2    00000054                                   : ltoa.c.obj (.text:ltoa)
                  00008b26    00000052                                   : _printfi.c.obj (.text:_ecpy)
                  00008b78    0000004e     msp432p4xx_driverlib.lib : timer_a.o (.text:Timer_A_initCompare)
                  00008bc6    0000004c     rtsv7M4_T_le_v4SPD16_eabi.lib : fflush.c.obj (.text:__TI_doflush)
                  00008c12    00000002     --HOLE-- [fill = 0]
                  00008c14    0000004c                                   : atoi.c.obj (.text:atoi)
                  00008c60    00000048     msp432p4xx_driverlib.lib : flash.o (.text:FlashCtl_setWaitState)
                  00008ca8    00000048     rtsv7M4_T_le_v4SPD16_eabi.lib : exit.c.obj (.text:exit)
                  00008cf0    00000048                                   : fd_toi_t2.asm.obj (.text)
                  00008d38    00000044                                   : hostclose.c.obj (.text:HOSTclose)
                  00008d7c    00000044                                   : hostunlink.c.obj (.text:HOSTunlink)
                  00008dc0    00000044                                   : dtor_list.c.obj (.text:_Z25__add_destruction_to_listPP20a_needed_destructionPFYvPvES2_S2_)
                  00008e04    00000044     CarSim.obj (.text:_ZN5Eigen13CwiseBinaryOpINS_8internal17scalar_product_opIffEEKNS_14CwiseNullaryOpINS1_18scalar_constant_opIfEEKNS_6MatrixIfLi3ELi1ELi0ELi3ELi1EEEEEKNS0_INS1_13scalar_sum_opIffEEKNS0_ISD_KNS0_ISD_KNS_5BlockINS7_IfLi3ELi4ELi0ELi3ELi4EEELi3ELi1ELb1EEEKNS0_IS3_SB_SH_EEEESJ_EESH_EEEC1ERKSQ_)
                  00008e48    00000044     rtsv7M4_T_le_v4SPD16_eabi.lib : getdevice.c.obj (.text:getdevice)
                  00008e8c    00000042                                   : dtor_list.c.obj (.text:_Z23__finalize_destructionsPP20a_needed_destructionPv)
                  00008ece    00000002     --HOLE-- [fill = 0]
                  00008ed0    00000040     msp432p4xx_driverlib.lib : gpio.o (.text:GPIO_setAsOutputPin)
                  00008f10    00000040     CarSim.obj (.text:_ZN5Eigen5BlockINS_6MatrixIfLi3ELi4ELi0ELi3ELi4EEELi3ELi1ELb1EEC1ERS2_i)
                  00008f50    00000040     rtsv7M4_T_le_v4SPD16_eabi.lib : sprintf.c.obj (.text:sprintf)
                  00008f90    0000003e                                   : _printfi.c.obj (.text:_fcpy)
                  00008fce    0000003a     CarSim.obj (.text:_ZN5Eigen13CwiseBinaryOpINS_8internal17scalar_product_opIffEEKNS_14CwiseNullaryOpINS1_18scalar_constant_opIfEEKNS_6MatrixIfLi3ELi1ELi0ELi3ELi1EEEEEKNS0_INS1_13scalar_sum_opIffEEKNS0_ISD_KNS0_ISD_KNS_5BlockINS7_IfLi3ELi4ELi0ELi3ELi4EEELi3ELi1ELb1EEEKNS0_IS3_SB_SH_EEEESJ_EESH_EEEC1ERSB_RSP_RKS3_)
                  00009008    00000038     rtsv7M4_T_le_v4SPD16_eabi.lib : trgmsg.c.obj (.text:__TI_writemsg)
                  00009040    00000038                                   : fs_tod_t2.asm.obj (.text)
                  00009078    00000036                                   : strncpy.c.obj (.text:strncpy)
                  000090ae    00000002     --HOLE-- [fill = 0]
                  000090b0    00000034     msp432p4xx_driverlib.lib : cs.o (.text:CS_setDCOCenteredFrequency)
                  000090e4    00000034                              : uart.o (.text:UART_transmitData)
                  00009118    00000034     CarSim.obj (.text:_ZN5Eigen15DenseCoeffsBaseINS_6MatrixIfLi3ELi4ELi0ELi3ELi4EEELi1EEclEii)
                  0000914c    00000034     CarSim.obj (.text:_ZN5EigenmlIiEENS_8internal9enable_ifILb1EKNS_13CwiseBinaryOpINS1_17scalar_product_opINS1_18promote_scalar_argIfT_Xsr5Eigen8internal14has_ReturnTypeINS_20ScalarBinaryOpTraitsIS6_fNS4_IS6_fEEEEEE5valueEE4typeEfEEKNS1_19plain_constant_typeINS_5BlockINS_6MatrixIfLi3ELi4ELi0ELi3ELi4EEELi3ELi1ELb1EEESB_E4typeEKSH_EEE4typeERKS6_RKNS_10MatrixBaseISH_EE)
                  00009180    00000034     rtsv7M4_T_le_v4SPD16_eabi.lib : fopen.c.obj (.text:__TI_cleanup)
                  000091b4    00000034                                   : trgmsg.c.obj (.text:__TI_readmsg)
                  000091e8    00000034                                   : dtor_list.c.obj (.text:__aeabi_atexit)
                  0000921c    00000034                                   : boot_cortex_m.c.obj (.text:_c_int00_noargs:_c_int00_noargs)
                  00009250    00000030     msp432p4xx_driverlib.lib : cs.o (.text:CS_clearInterruptFlag)
                  00009280    00000030                              : cs.o (.text:CS_setReferenceOscillatorFrequency)
                  000092b0    00000030                              : gpio.o (.text:GPIO_getInputPinValue)
                  000092e0    00000030                              : uart.o (.text:UART_enableInterrupt)
                  00009310    00000030                              : uart.o (.text:UART_receiveData)
                  00009340    00000030     rtsv7M4_T_le_v4SPD16_eabi.lib : getdevice.c.obj (.text:finddevice)
                  00009370    0000002e                                   : i_tofd_t2.asm.obj (.text)
                  0000939e    00000002     --HOLE-- [fill = 0]
                  000093a0    0000002c     msp432p4xx_driverlib.lib : timer_a.o (.text:Timer_A_clearCaptureCompareInterrupt)
                  000093cc    0000002c     CarSim.obj (.text:_ZN5Eigen13CwiseBinaryOpINS_8internal17scalar_product_opIffEEKNS_14CwiseNullaryOpINS1_18scalar_constant_opIfEEKNS_6MatrixIfLi3ELi1ELi0ELi3ELi1EEEEEKNS_5BlockINS7_IfLi3ELi4ELi0ELi3ELi4EEELi3ELi1ELb1EEEEC1ERKSG_)
                  000093f8    0000002c     CarSim.obj (.text:_ZN5Eigen14CwiseNullaryOpINS_8internal18scalar_constant_opIfEEKNS_6MatrixIfLi3ELi1ELi0ELi3ELi1EEEEC1EiiRKS3_)
                  00009424    0000002c     rtsv7M4_T_le_v4SPD16_eabi.lib : strncmp.c.obj (.text:strncmp)
                  00009450    0000002c                                   : unlink.c.obj (.text:unlink)
                  0000947c    00000028     msp432p4xx_driverlib.lib : cs.o (.text:CS_getACLK)
                  000094a4    00000028                              : cs.o (.text:CS_getSMCLK)
                  000094cc    00000028                              : gpio.o (.text:GPIO_setOutputHighOnPin)
                  000094f4    00000028                              : gpio.o (.text:GPIO_setOutputLowOnPin)
                  0000951c    00000028                              : gpio.o (.text:GPIO_toggleOutputOnPin)
                  00009544    00000028                              : timer_a.o (.text:Timer_A_getCaptureCompareInterruptStatus)
                  0000956c    00000028     CarSim.obj (.text:_ZN5Eigen13CwiseBinaryOpINS_8internal13scalar_sum_opIffEEKNS_5BlockINS_6MatrixIfLi3ELi4ELi0ELi3ELi4EEELi3ELi1ELb1EEEKNS0_INS1_17scalar_product_opIffEEKNS_14CwiseNullaryOpINS1_18scalar_constant_opIfEEKNS5_IfLi3ELi1ELi0ELi3ELi1EEEEES8_EEEC1ERKSK_)
                  00009594    00000028     CarSim.obj (.text:_ZN5Eigen7MapBaseINS_5BlockINS_6MatrixIfLi3ELi4ELi0ELi3ELi4EEELi3ELi1ELb1EEELi0EEC1EPfii)
                  000095bc    00000028     rtsv7M4_T_le_v4SPD16_eabi.lib : memory.c.obj (.text:free_list_insert)
                  000095e4    00000028                                   : lseek.c.obj (.text:lseek)
                  0000960c    00000028                                   : write.c.obj (.text:write)
                  00009634    00000026     CarSim.obj (.text:_ZN5Eigen13CwiseBinaryOpINS_8internal13scalar_sum_opIffEEKNS0_IS3_KNS_5BlockINS_6MatrixIfLi3ELi4ELi0ELi3ELi4EEELi3ELi1ELb1EEEKNS0_INS1_17scalar_product_opIffEEKNS_14CwiseNullaryOpINS1_18scalar_constant_opIfEEKNS5_IfLi3ELi1ELi0ELi3ELi1EEEEES8_EEEESJ_EC1ERKSM_)
                  0000965a    00000002     --HOLE-- [fill = 0]
                  0000965c    00000024     msp432p4xx_driverlib.lib : wdt_a.o (.text:WDT_A_holdTimer)
                  00009680    00000024     CarSim.obj (.text:_ZN5Eigen15DenseCoeffsBaseINS_6MatrixIfLi3ELi1ELi0ELi3ELi1EEELi1EEixEi)
                  000096a4    00000024     CarSim.obj (.text:_ZN5Eigen8internal26call_dense_assignment_loopINS_5BlockINS_6MatrixIfLi3ELi4ELi0ELi3ELi4EEELi3ELi1ELb1EEENS3_IfLi3ELi1ELi0ELi3ELi1EEENS0_9assign_opIffEEEEvRT_RKT0_RKT1_)
                  000096c8    00000024     rtsv7M4_T_le_v4SPD16_eabi.lib : vec_newdel.c.obj (.text:__cxa_vec_ctor)
                  000096ec    00000022     msp432p4xx_driverlib.lib : timer_a.o (.text:Timer_A_getCaptureCompareCount)
                  0000970e    00000022     rtsv7M4_T_le_v4SPD16_eabi.lib : new.cpp.obj (.text:_Znwj)
                  00009730    00000020     CarSim.obj (.text:_ZN5Eigen13CwiseBinaryOpINS_8internal13scalar_sum_opIffEEKNS0_IS3_KNS0_IS3_KNS_5BlockINS_6MatrixIfLi3ELi4ELi0ELi3ELi4EEELi3ELi1ELb1EEEKNS0_INS1_17scalar_product_opIffEEKNS_14CwiseNullaryOpINS1_18scalar_constant_opIfEEKNS5_IfLi3ELi1ELi0ELi3ELi1EEEEES8_EEEESJ_EES8_EC1ERSN_RS8_RKS3_)
                  00009750    00000020     rtsv7M4_T_le_v4SPD16_eabi.lib : memchr.c.obj (.text:memchr)
                  00009770    0000001e     CarSim.obj (.text:_ZN5Eigen13CwiseBinaryOpINS_8internal17scalar_product_opIffEEKNS_14CwiseNullaryOpINS1_18scalar_constant_opIfEEKNS_6MatrixIfLi3ELi1ELi0ELi3ELi1EEEEEKNS_5BlockINS7_IfLi3ELi4ELi0ELi3ELi4EEELi3ELi1ELb1EEEEC1ERSB_RSF_RKS3_)
                  0000978e    0000001c     CarSim.obj (.text:_ZN5Eigen13CwiseBinaryOpINS_8internal13scalar_sum_opIffEEKNS_5BlockINS_6MatrixIfLi3ELi4ELi0ELi3ELi4EEELi3ELi1ELb1EEEKNS0_INS1_17scalar_product_opIffEEKNS_14CwiseNullaryOpINS1_18scalar_constant_opIfEEKNS5_IfLi3ELi1ELi0ELi3ELi1EEEEES8_EEEC1ERS8_RSJ_RKS3_)
                  000097aa    00000002     --HOLE-- [fill = 0]
                  000097ac    0000001c     rtsv7M4_T_le_v4SPD16_eabi.lib : assert.c.obj (.text:_abort_msg)
                  000097c8    0000001c                                   : memory.c.obj (.text:free_list_remove)
                  000097e4    0000001c                                   : memccpy.c.obj (.text:memccpy)
                  00009800    0000001a     CarSim.obj (.text:_ZN5Eigen13CwiseBinaryOpINS_8internal13scalar_sum_opIffEEKNS0_IS3_KNS_5BlockINS_6MatrixIfLi3ELi4ELi0ELi3ELi4EEELi3ELi1ELb1EEEKNS0_INS1_17scalar_product_opIffEEKNS_14CwiseNullaryOpINS1_18scalar_constant_opIfEEKNS5_IfLi3ELi1ELi0ELi3ELi1EEEEES8_EEEESJ_EC1ERSL_RSJ_RKS3_)
                  0000981a    0000001a     rtsv7M4_T_le_v4SPD16_eabi.lib : s_copysign.c.obj (.text:copysign)
                  00009834    00000018     msp432p4xx_driverlib.lib : systick.o (.text:SysTick_setPeriod)
                  0000984c    00000018                              : uart.o (.text:UART_getInterruptStatus)
                  00009864    00000018     rtsv7M4_T_le_v4SPD16_eabi.lib : sprintf.c.obj (.text:_outs)
                  0000987c    00000018                                   : strcmp.c.obj (.text:strcmp)
                  00009894    00000016     msp432p4xx_driverlib.lib : timer_a.o (.text:Timer_A_clearInterruptFlag)
                  000098aa    00000016                              : timer_a.o (.text:Timer_A_startCounter)
                  000098c0    00000016                              : uart.o (.text:UART_enableModule)
                  000098d6    00000016     rtsv7M4_T_le_v4SPD16_eabi.lib : strchr.c.obj (.text:strchr)
                  000098ec    00000014     msp432p4xx_driverlib.lib : pcm.o (.text:PCM_getPowerState)
                  00009900    00000014     CarSim.obj (.text:_ZNK5Eigen8internal16binary_evaluatorINS_13CwiseBinaryOpINS0_17scalar_product_opIffEEKNS_14CwiseNullaryOpINS0_18scalar_constant_opIfEEKNS_6MatrixIfLi3ELi1ELi0ELi3ELi1EEEEEKNS_5BlockINS8_IfLi3ELi4ELi0ELi3ELi4EEELi3ELi1ELb1EEEEENS0_10IndexBasedESI_ffE5coeffEi)
                  00009914    00000014     rtsv7M4_T_le_v4SPD16_eabi.lib : strcpy.c.obj (.text:strcpy)
                  00009928    00000014                                   : strlen.c.obj (.text:strlen)
                  0000993c    00000012     CarSim.obj (.text:_ZN5Eigen13CwiseBinaryOpINS_8internal13scalar_sum_opIffEEKNS_6MatrixIfLi3ELi1ELi0ELi3ELi1EEEKNS0_INS1_17scalar_product_opIffEEKNS_14CwiseNullaryOpINS1_18scalar_constant_opIfEES6_EEKNS0_IS3_KNS0_IS3_KNS0_IS3_KNS_5BlockINS4_IfLi3ELi4ELi0ELi3ELi4EEELi3ELi1ELb1EEEKNS0_IS8_SD_SH_EEEESJ_EESH_EEEEEC1ERS6_RSR_RKS3_)
                  0000994e    00000012     rtsv7M4_T_le_v4SPD16_eabi.lib : wcslen.c.obj (.text:wcslen)
                  00009960    00000010     msp432p4xx_driverlib.lib : interrupt.o (.text:Interrupt_disableSleepOnIsrExit)
                  00009970    00000010                              : interrupt.o (.text:Interrupt_enableMaster)
                  00009980    00000010                              : pcm.o (.text:PCM_setCoreVoltageLevel)
                  00009990    00000010                              : pcm.o (.text:PCM_setPowerMode)
                  000099a0    00000010                              : systick.o (.text:SysTick_enableInterrupt)
                  000099b0    00000010                              : systick.o (.text:SysTick_enableModule)
                  000099c0    00000010     FuzzyVar.obj (.text:_ZN5fuzzy16Fuzzy_Sets_GradeC1Ev)
                  000099d0    00000010     FuzzyController.obj (.text:_ZN5fuzzy8FuzzyVar16getIntegralWithXEhf)
                  000099e0    0000000e     rtsv7M4_T_le_v4SPD16_eabi.lib : typeinfo.c.obj (.text:_ZN10__cxxabiv117__class_type_infoD0Ev)
                  000099ee    0000000e                                   : typeinfo.c.obj (.text:_ZN10__cxxabiv120__si_class_type_infoD0Ev)
                  000099fc    0000000e     CarSim.obj (.text:_ZN5Eigen14CwiseNullaryOpINS_8internal18scalar_constant_opIfEEKNS_6MatrixIfLi3ELi1ELi0ELi3ELi1EEEEC1ERKS7_)
                  00009a0a    0000000e     CarFuzzy.obj (.text:_ZN5fuzzy22Fuzzy3InputsControllerD0Ev)
                  00009a18    0000000e     rtsv7M4_T_le_v4SPD16_eabi.lib : copy_decompress_none.c.obj (.text:decompress:none:__TI_decompress_none)
                  00009a26    0000000e     startup_msp432p401r_ccs.obj (.text)
                  00009a34    0000000c     msp432p4xx_driverlib.lib : cpu.o (.text:CPU_cpsie)
                  00009a40    0000000c     rtsv7M4_T_le_v4SPD16_eabi.lib : new.cpp.obj (.text:_ZSt15get_new_handlerv)
                  00009a4c    0000000c                                   : dtor_list.c.obj (.text:__cxa_finalize)
                  00009a58    0000000c                                   : copy_zero_init.c.obj (.text:decompress:ZI:__TI_zero_init)
                  00009a64    0000000a                                   : sprintf.c.obj (.text:_outc)
                  00009a6e    00000008                                   : new.cpp.obj (.text:_ZdlPv)
                  00009a76    00000002     --HOLE-- [fill = 0]
                  00009a78    00000008                                   : errno.c.obj (.text:__aeabi_errno_addr)
                  00009a80    00000008                                   : memory.c.obj (.text:malloc)
                  00009a88    00000006     PIDController.obj (.text:_ZN18PIDSpeedControllerD0Ev)
                  00009a8e    00000006     PIDController.obj (.text:_ZN21PIDDistanceControllerD0Ev)
                  00009a94    00000006     rtsv7M4_T_le_v4SPD16_eabi.lib : dtor_list.c.obj (.text:__cxa_ia64_exit)
                  00009a9a    00000006                                   : pure_virt.c.obj (.text:__cxa_pure_virtual)
                  00009aa0    00000004                                   : typeinfo.c.obj (.text:_ZN10__cxxabiv117__class_type_infoD1Ev)
                  00009aa4    00000004                                   : typeinfo.c.obj (.text:_ZN10__cxxabiv120__si_class_type_infoD1Ev)
                  00009aa8    00000004     CarFuzzy.obj (.text:_ZN5fuzzy22Fuzzy3InputsControllerD1Ev)
                  00009aac    00000004     rtsv7M4_T_le_v4SPD16_eabi.lib : new.cpp.obj (.text:_ZdlPvj)
                  00009ab0    00000004                                   : new.cpp.obj (.text:_Znaj)
                  00009ab4    00000004                                   : error.c.obj (.text:__abort_execution)
                  00009ab8    00000004                                   : pre_init.c.obj (.text:_system_pre_init)
                  00009abc    00000004                                   : exit.c.obj (.text:abort:abort)

.const     0    00009ac0    000020ac     
                  00009ac0    00000d5c     MyOledFont.obj (.const:asc2_2412)
                  0000a81c    000005f0     MyOledFont.obj (.const:asc2_1608)
                  0000ae0c    00000474     MyOledFont.obj (.const:asc2_1206)
                  0000b280    0000011f     CarSim.obj (.const:.string:_ZZN5Eigen8internal11plain_arrayIfLi12ELi0ELi16EEC1EvEs_0)
                  0000b39f    00000101     rtsv7M4_T_le_v4SPD16_eabi.lib : ctype.c.obj (.const:.string:_ctypes_)
                  0000b4a0    000000ff     CarSim.obj (.const:.string:_ZZN5Eigen5BlockINS_6MatrixIfLi3ELi4ELi0ELi3ELi4EEELi3ELi1ELb1EEC1ERS2_iEs)
                  0000b59f    00000097     CarSim.obj (.const:.string:_ZZN5Eigen15DenseCoeffsBaseINS_6MatrixIfLi3ELi4ELi0ELi3ELi4EEELi1EEclEiiEs)
                  0000b636    0000007f     CarSim.obj (.const:.string:_ZZN5Eigen15DenseCoeffsBaseINS_6MatrixIfLi3ELi1ELi0ELi3ELi1EEELi1EEixEiEs_0)
                  0000b6b5    0000006f     Car.obj (.const:.string:_ZZN5Eigen8internal19variable_if_dynamicIiLi1EEC1EiEs)
                  0000b724    0000006f     Car.obj (.const:.string:_ZZN5Eigen8internal19variable_if_dynamicIiLi3EEC1EiEs)
                  0000b793    00000005     Car.obj (.const:.typeinfo:_ZTS3Car)
                  0000b798    00000030     rtsv7M4_T_le_v4SPD16_eabi.lib : e_pow.c.obj (.const:$O1$$)
                  0000b7c8    00000030     msp432p4xx_driverlib.lib : gpio.o (.const:GPIO_PORT_TO_BASE)
                  0000b7f8    00000028     my_uart.obj (.const:$P$T0$1)
                  0000b820    00000028     my_uart.obj (.const:$P$T1$2)
                  0000b848    00000025     rtsv7M4_T_le_v4SPD16_eabi.lib : typeinfo.c.obj (.const:.typeinfo:_ZTSN10__cxxabiv120__si_class_type_infoE)
                  0000b86d    00000022                                   : typeinfo.c.obj (.const:.typeinfo:_ZTSN10__cxxabiv117__class_type_infoE)
                  0000b88f    00000021     FuzzyController.obj (.const:.typeinfo:_ZTSN5fuzzy22Fuzzy3InputsControllerE)
                  0000b8b0    0000001e     FuzzyController.obj (.const:.typeinfo:_ZTSN5fuzzy19FuzzyControllerBaseE)
                  0000b8ce    0000001c     MembershipFuction.obj (.const:.typeinfo:_ZTSN5fuzzy17MembershipFuctionE)
                  0000b8ea    00000002     --HOLE-- [fill = 0]
                  0000b8ec    00000018     Encoder.obj (.const:$P$T40$1)
                  0000b904    00000018     Motor.obj (.const:$P$T40$1)
                  0000b91c    00000018     Encoder.obj (.const:$P$T41$2)
                  0000b934    00000018     PIDController.obj (.const:.typeinfo:_ZTS21PIDDistanceController)
                  0000b94c    00000016     MembershipFuction.obj (.const:.typeinfo:_ZTSN5fuzzy11TrapezoidMFE)
                  0000b962    00000015     PIDController.obj (.const:.typeinfo:_ZTS18PIDSpeedController)
                  0000b977    00000015     MembershipFuction.obj (.const:.typeinfo:_ZTSN5fuzzy10TriangleMFE)
                  0000b98c    00000014     PIDController.obj (.const:_ZTV13PIDController)
                  0000b9a0    00000014     PIDController.obj (.const:_ZTV18PIDSpeedController)
                  0000b9b4    00000014     PIDController.obj (.const:_ZTV21PIDDistanceController)
                  0000b9c8    00000014     MembershipFuction.obj (.const:_ZTVN5fuzzy10TriangleMFE)
                  0000b9dc    00000014     MembershipFuction.obj (.const:_ZTVN5fuzzy11TrapezoidMFE)
                  0000b9f0    00000014     MembershipFuction.obj (.const:_ZTVN5fuzzy17MembershipFuctionE)
                  0000ba04    00000014     FuzzyController.obj (.const:_ZTVN5fuzzy19FuzzyControllerBaseE)
                  0000ba18    00000014     FuzzyController.obj (.const:_ZTVN5fuzzy22Fuzzy3InputsControllerE)
                  0000ba2c    00000010     main.obj (.const:$P$T46$3)
                  0000ba3c    00000010     PIDController.obj (.const:.typeinfo:_ZTS13PIDController)
                  0000ba4c    00000010     Car.obj (.const:_ZTV3Car)
                  0000ba5c    00000010     Motor.obj (.const:_ZTV5Motor)
                  0000ba6c    00000010     rtsv7M4_T_le_v4SPD16_eabi.lib : typeinfo.c.obj (.const:_ZTVN10__cxxabiv117__class_type_infoE)
                  0000ba7c    00000010                                   : typeinfo.c.obj (.const:_ZTVN10__cxxabiv120__si_class_type_infoE)
                  0000ba8c    0000000d                                   : stdlib_typeinfo.cpp.obj (.const:.typeinfo:_ZTSSt9type_info)
                  0000ba99    00000003     --HOLE-- [fill = 0]
                  0000ba9c    0000000c     main.obj (.const:$P$T44$1)
                  0000baa8    0000000c     main.obj (.const:$P$T45$2)
                  0000bab4    0000000c     PIDController.obj (.const:.typeinfo:_ZTI18PIDSpeedController)
                  0000bac0    0000000c     PIDController.obj (.const:.typeinfo:_ZTI21PIDDistanceController)
                  0000bacc    0000000c     rtsv7M4_T_le_v4SPD16_eabi.lib : typeinfo.c.obj (.const:.typeinfo:_ZTIN10__cxxabiv117__class_type_infoE)
                  0000bad8    0000000c                                   : typeinfo.c.obj (.const:.typeinfo:_ZTIN10__cxxabiv120__si_class_type_infoE)
                  0000bae4    0000000c     MembershipFuction.obj (.const:.typeinfo:_ZTIN5fuzzy10TriangleMFE)
                  0000baf0    0000000c     MembershipFuction.obj (.const:.typeinfo:_ZTIN5fuzzy11TrapezoidMFE)
                  0000bafc    0000000c     FuzzyController.obj (.const:.typeinfo:_ZTIN5fuzzy22Fuzzy3InputsControllerE)
                  0000bb08    00000008     Car.obj (.const:$P$T77$1)
                  0000bb10    00000008     Car.obj (.const:$P$T78$2)
                  0000bb18    00000008     PIDController.obj (.const:.typeinfo:_ZTI13PIDController)
                  0000bb20    00000008     Car.obj (.const:.typeinfo:_ZTI3Car)
                  0000bb28    00000008     Motor.obj (.const:.typeinfo:_ZTI5Motor)
                  0000bb30    00000008     MembershipFuction.obj (.const:.typeinfo:_ZTIN5fuzzy17MembershipFuctionE)
                  0000bb38    00000008     FuzzyController.obj (.const:.typeinfo:_ZTIN5fuzzy19FuzzyControllerBaseE)
                  0000bb40    00000008     rtsv7M4_T_le_v4SPD16_eabi.lib : stdlib_typeinfo.cpp.obj (.const:.typeinfo:_ZTISt9type_info)
                  0000bb48    00000008     msp432p4xx_driverlib.lib : interrupt.o (.const:g_pulDisRegs)
                  0000bb50    00000008                              : interrupt.o (.const:g_pulEnRegs)
                  0000bb58    00000007     cJSON.obj (.const:.string:firstByteMark)
                  0000bb5f    00000007     Motor.obj (.const:.typeinfo:_ZTS5Motor)
                  0000bb66    00000002     --HOLE-- [fill = 0]
                  0000bb68    00000004     Encoder.obj (.const)

.cinit     0    0000bb78    00000380     
                  0000bb78    00000345     (.cinit..data.load) [load image, compression = lzss]
                  0000bebd    00000003     --HOLE-- [fill = 0]
                  0000bec0    0000000c     (__TI_handler_table)
                  0000becc    00000004     --HOLE-- [fill = 0]
                  0000bed0    00000008     (.cinit..bss.load) [load image, compression = zero_init]
                  0000bed8    00000008     (.cinit..vtable.load) [load image, compression = zero_init]
                  0000bee0    00000018     (__TI_cinit_table)

.init_array 
*          0    0000bb6c    00000008     
                  0000bb6c    00000004     CarFuzzy.obj (.init_array)
                  0000bb70    00000004     Car.obj (.init_array)

.vtable    0    20000000    000000e8     UNINITIALIZED
                  20000000    000000e8     msp432p4xx_driverlib.lib : interrupt.o (.vtable)

.data      0    200000e8    00001831     UNINITIALIZED
                  200000e8    00001000     MyOledFont.obj (.data:Hzk4)
                  200010e8    00000200     MyOledFont.obj (.data:Hzk3)
                  200012e8    00000160     MyOledFont.obj (.data:Hzk1)
                  20001448    000000f0     rtsv7M4_T_le_v4SPD16_eabi.lib : defs.c.obj (.data:_ftable)
                  20001538    000000d8     MyOledFont.obj (.data:Hzk2)
                  20001610    00000078     rtsv7M4_T_le_v4SPD16_eabi.lib : host_device.c.obj (.data:_device)
                  20001688    00000050                                   : host_device.c.obj (.data:_stream)
                  200016d8    00000030     CarFuzzy.obj (.data:_ZN5fuzzy8parallel5rulesE)
                  20001708    0000001e     CarFuzzy.obj (.data:_ZN5fuzzy8vertical5rulesE)
                  20001726    00000002     --HOLE--
                  20001728    00000018     motor_timer.obj (.data:captureModeConfig)
                  20001740    00000018     motor_timer.obj (.data:pwmConfig)
                  20001758    00000018     motor_timer.obj (.data:upModeConfig)
                  20001770    00000014     CarFuzzy.obj (.data:_ZN5fuzzy8parallel7phi_MFsE)
                  20001784    00000014     CarFuzzy.obj (.data:_ZN5fuzzy8vertical9theta_MFsE)
                  20001798    00000014     my_uart.obj (.data)
                  200017ac    00000010     Car.obj (.data:_ZN3Car12parkSimParamE)
                  200017bc    00000010     Car.obj (.data:_ZN3Car9parkParamE)
                  200017cc    00000010     CarFuzzy.obj (.data:_ZN5fuzzy8parallel5y_MFsE)
                  200017dc    00000010     CarFuzzy.obj (.data:_ZN5fuzzy8parallel9theta_MFsE)
                  200017ec    00000010     CarFuzzy.obj (.data:_ZN5fuzzy8vertical7phi_MFsE)
                  200017fc    00000010     motor_timer.obj (.data:compareModeConfig)
                  2000180c    00000010     motor_timer.obj (.data)
                  2000181c    00000010     rtsv7M4_T_le_v4SPD16_eabi.lib : defs.c.obj (.data)
                  2000182c    0000000c                                   : exit.c.obj (.data:$O1$$)
                  20001838    0000000c     CarFuzzy.obj (.data:_ZN5fuzzy8parallel5x_MFsE)
                  20001844    0000000c     CarFuzzy.obj (.data:_ZN5fuzzy8parallel9inputVarsE)
                  20001850    0000000c     CarFuzzy.obj (.data:_ZN5fuzzy8vertical5x_MFsE)
                  2000185c    0000000c     CarFuzzy.obj (.data:_ZN5fuzzy8vertical9inputVarsE)
                  20001868    0000000c     Car.obj (.data:inputs$4)
                  20001874    00000008     rtsv7M4_T_le_v4SPD16_eabi.lib : _lock.c.obj (.data:$O1$$)
                  2000187c    00000008                                   : memory.c.obj (.data:$O1$$)
                  20001884    00000008     Encoder.obj (.data)
                  2000188c    00000008     CarFuzzy.obj (.data:_ZN5fuzzy8parallel11theta_rangeE)
                  20001894    00000008     CarFuzzy.obj (.data:_ZN5fuzzy8parallel7x_rangeE)
                  2000189c    00000008     CarFuzzy.obj (.data:_ZN5fuzzy8parallel7y_rangeE)
                  200018a4    00000008     CarFuzzy.obj (.data:_ZN5fuzzy8parallel9phi_rangeE)
                  200018ac    00000008     CarFuzzy.obj (.data:_ZN5fuzzy8vertical11theta_rangeE)
                  200018b4    00000008     CarFuzzy.obj (.data:_ZN5fuzzy8vertical5y_MFsE)
                  200018bc    00000008     CarFuzzy.obj (.data:_ZN5fuzzy8vertical7x_rangeE)
                  200018c4    00000008     CarFuzzy.obj (.data:_ZN5fuzzy8vertical7y_rangeE)
                  200018cc    00000008     CarFuzzy.obj (.data:_ZN5fuzzy8vertical9phi_rangeE)
                  200018d4    00000008     cJSON.obj (.data)
                  200018dc    00000008     Car.obj (.data:defaultSpeed)
                  200018e4    00000008     Encoder.obj (.data:encoderCounter1)
                  200018ec    00000008     Encoder.obj (.data:encoderCounter2)
                  200018f4    00000008     Car.obj (.data:parkSpeed)
                  200018fc    00000004     PIDController.obj (.data)
                  20001900    00000004     rtsv7M4_T_le_v4SPD16_eabi.lib : dtor_list.c.obj (.data)
                  20001904    00000004                                   : errno.c.obj (.data)
                  20001908    00000004     system_msp432p401r.obj (.data)
                  2000190c    00000004     motor_timer.obj (.data:ticks$2)
                  20001910    00000003     Car.obj (.data)
                  20001913    00000003     Encoder.obj (.data:freqSignBefore1$3)
                  20001916    00000003     motor_timer.obj (.data:freqSignBefore2$1)

.bss       0    2000191c    00000d31     UNINITIALIZED
                  2000191c    00000480     (.common:OLED_GRAM)
                  20001d9c    00000120     rtsv7M4_T_le_v4SPD16_eabi.lib : trgmsg.c.obj (.bss:_CIOBUF_)
                  20001ebc    000000a0     (.common:__TI_tmpnams)
                  20001f5c    00000070     CarFuzzy.obj (.bss:_ZN5fuzzy8parallel8CarFuzzyE)
                  20001fcc    00000070     CarFuzzy.obj (.bss:_ZN5fuzzy8vertical8CarFuzzyE)
                  2000203c    00000064     (.common:uart0RxBuff)
                  200020a0    00000064     (.common:uart2RxBuff)
                  20002104    0000005c     CarFuzzy.obj (.bss:_ZN5fuzzy8parallel1xE)
                  20002160    0000005c     CarFuzzy.obj (.bss:_ZN5fuzzy8parallel1yE)
                  200021bc    0000005c     CarFuzzy.obj (.bss:_ZN5fuzzy8parallel3phiE)
                  20002218    0000005c     CarFuzzy.obj (.bss:_ZN5fuzzy8parallel5thetaE)
                  20002274    0000005c     CarFuzzy.obj (.bss:_ZN5fuzzy8vertical1xE)
                  200022d0    0000005c     CarFuzzy.obj (.bss:_ZN5fuzzy8vertical1yE)
                  2000232c    0000005c     CarFuzzy.obj (.bss:_ZN5fuzzy8vertical3phiE)
                  20002388    0000005c     CarFuzzy.obj (.bss:_ZN5fuzzy8vertical5thetaE)
                  200023e4    00000024     Car.obj (.bss:carSim)
                  20002408    00000014     CarFuzzy.obj (.bss:_ZN5fuzzy8parallel3x_LE)
                  2000241c    00000014     CarFuzzy.obj (.bss:_ZN5fuzzy8parallel3x_SE)
                  20002430    00000014     CarFuzzy.obj (.bss:_ZN5fuzzy8parallel3y_LE)
                  20002444    00000014     CarFuzzy.obj (.bss:_ZN5fuzzy8parallel3y_ZE)
                  20002458    00000014     CarFuzzy.obj (.bss:_ZN5fuzzy8parallel7theta_NE)
                  2000246c    00000014     CarFuzzy.obj (.bss:_ZN5fuzzy8parallel8theta_PLE)
                  20002480    00000014     CarFuzzy.obj (.bss:_ZN5fuzzy8vertical3x_LE)
                  20002494    00000014     CarFuzzy.obj (.bss:_ZN5fuzzy8vertical3x_SE)
                  200024a8    00000014     CarFuzzy.obj (.bss:_ZN5fuzzy8vertical3y_LE)
                  200024bc    00000014     CarFuzzy.obj (.bss:_ZN5fuzzy8vertical3y_SE)
                  200024d0    00000014     CarFuzzy.obj (.bss:_ZN5fuzzy8vertical7theta_NE)
                  200024e4    00000010     CarFuzzy.obj (.bss:_ZN5fuzzy8parallel3x_ME)
                  200024f4    00000010     CarFuzzy.obj (.bss:_ZN5fuzzy8parallel3y_ME)
                  20002504    00000010     CarFuzzy.obj (.bss:_ZN5fuzzy8parallel3y_SE)
                  20002514    00000010     CarFuzzy.obj (.bss:_ZN5fuzzy8parallel5phi_ZE)
                  20002524    00000010     CarFuzzy.obj (.bss:_ZN5fuzzy8parallel6phi_NLE)
                  20002534    00000010     CarFuzzy.obj (.bss:_ZN5fuzzy8parallel6phi_NSE)
                  20002544    00000010     CarFuzzy.obj (.bss:_ZN5fuzzy8parallel6phi_PLE)
                  20002554    00000010     CarFuzzy.obj (.bss:_ZN5fuzzy8parallel6phi_PSE)
                  20002564    00000010     CarFuzzy.obj (.bss:_ZN5fuzzy8parallel7theta_ZE)
                  20002574    00000010     CarFuzzy.obj (.bss:_ZN5fuzzy8parallel8theta_PSE)
                  20002584    00000010     CarFuzzy.obj (.bss:_ZN5fuzzy8vertical3x_ME)
                  20002594    00000010     CarFuzzy.obj (.bss:_ZN5fuzzy8vertical5phi_PE)
                  200025a4    00000010     CarFuzzy.obj (.bss:_ZN5fuzzy8vertical5phi_ZE)
                  200025b4    00000010     CarFuzzy.obj (.bss:_ZN5fuzzy8vertical6phi_NLE)
                  200025c4    00000010     CarFuzzy.obj (.bss:_ZN5fuzzy8vertical6phi_NSE)
                  200025d4    00000010     CarFuzzy.obj (.bss:_ZN5fuzzy8vertical7theta_ZE)
                  200025e4    00000010     CarFuzzy.obj (.bss:_ZN5fuzzy8vertical8theta_PLE)
                  200025f4    00000010     CarFuzzy.obj (.bss:_ZN5fuzzy8vertical8theta_PME)
                  20002604    00000010     CarFuzzy.obj (.bss:_ZN5fuzzy8vertical8theta_PSE)
                  20002614    00000008     msp432p4xx_driverlib.lib : cs.o (.bss)
                  2000261c    00000008     (.common:parmbuf)
                  20002624    00000004     cJSON.obj (.bss)
                  20002628    00000004     rtsv7M4_T_le_v4SPD16_eabi.lib : new.cpp.obj (.bss)
                  2000262c    00000004     (.common:Aclk)
                  20002630    00000004     (.common:SMclk)
                  20002634    00000004     (.common:__dso_handle)
                  20002638    00000004     (.common:pMotorFreq1)
                  2000263c    00000004     (.common:pMotorFreq2)
                  20002640    00000004     (.common:pPIDParam)
                  20002644    00000004     (.common:pReverseParam)
                  20002648    00000004     (.common:param4)
                  2000264c    00000001     (.common:delayFlag)

.sysmem    0    20002650    00000800     UNINITIALIZED
                  20002650    00000010     rtsv7M4_T_le_v4SPD16_eabi.lib : memory.c.obj (.sysmem)
                  20002660    000007f0     --HOLE--

.stack     0    2000f000    00001000     UNINITIALIZED
                  2000f000    00000004     rtsv7M4_T_le_v4SPD16_eabi.lib : boot_cortex_m.c.obj (.stack)
                  2000f004    00000ffc     --HOLE--

MODULE SUMMARY

       Module                        code    ro data   rw data
       ------                        ----    -------   -------
    .\
       main.obj                      484     40        0      
       system_msp432p401r.obj        480     0         8      
       startup_msp432p401r_ccs.obj   14      228       0      
    +--+-----------------------------+-------+---------+---------+
       Total:                        978     268       8      
                                                              
    .\Apps\
       cJSON.obj                     5888    7         24     
       Car.obj                       1360    271       198    
       my_uart.obj                   1220    80        464    
       motor_timer.obj               916     0         222    
       PIDController.obj             716     153       8      
       Encoder.obj                   600     52        88     
       Motor.obj                     432     55        0      
    +--+-----------------------------+-------+---------+---------+
       Total:                        11132   618       1004   
                                                              
    .\FuzzyControl\
       CarFuzzy.obj                  1706    4         3540   
       CarSim.obj                    1914    820       0      
       MembershipFuction.obj         748     163       0      
       FuzzyController.obj           432     123       0      
       FuzzyVar.obj                  212     0         0      
    +--+-----------------------------+-------+---------+---------+
       Total:                        5012    1110      3540   
                                                              
    .\OLED\
       MyOledFont.obj                0       6080      10352  
       MyOLED.obj                    2230    0         2304   
    +--+-----------------------------+-------+---------+---------+
       Total:                        2230    6080      12656  
                                                              
    D:/WorkSpace/ccs9/simplelink_msp432p4_sdk_3_40_01_02/source/ti/devices/msp432p4xx/driverlib/ccs/msp432p4xx_driverlib.lib
       cs.o                          1262    0         16     
       timer_a.o                     1082    0         0      
       interrupt.o                   380     16        464    
       pcm.o                         848     0         0      
       uart.o                        578     0         0      
       gpio.o                        504     48        0      
       sysctl_a.o                    148     0         0      
       flash.o                       72      0         0      
       systick.o                     56      0         0      
       wdt_a.o                       36      0         0      
       cpu.o                         12      0         0      
    +--+-----------------------------+-------+---------+---------+
       Total:                        4978    64        480    
                                                              
    D:\software\ccs930\ccs\tools\compiler\ti-cgt-arm_18.12.4.LTS\lib\rtsv7M4_T_le_v4SPD16_eabi.lib
       _printfi.c.obj                4851    0         0      
       e_pow.c.obj                   2496    48        0      
       defs.c.obj                    0       0         832    
       memory.c.obj                  696     0         16     
       trgmsg.c.obj                  108     0         576    
       fd_add_t2.asm.obj             438     0         0      
       host_device.c.obj             0       0         400    
       e_sqrt.c.obj                  344     0         0      
       fd_div_t2.asm.obj             310     0         0      
       fputs.c.obj                   276     0         0      
       s_scalbn.c.obj                272     0         0      
       fd_cmp_t2.asm.obj             268     0         0      
       ctype.c.obj                   0       257       0      
       fd_mul_t2.asm.obj             252     0         0      
       s_floor.c.obj                 248     0         0      
       dtor_list.c.obj               204     0         16     
       setvbuf.c.obj                 220     0         0      
       fflush.c.obj                  200     0         0      
       s_cosf.c.obj                  180     0         0      
       s_tanf.c.obj                  172     0         0      
       s_sinf.c.obj                  164     0         0      
       typeinfo.c.obj                36      127       0      
       memcpy_t2.asm.obj             156     0         0      
       vec_newdel.c.obj              154     0         0      
       ull_div_t2.asm.obj            150     0         0      
       memset_t2.asm.obj             122     0         0      
       fclose.c.obj                  116     0         0      
       getdevice.c.obj               116     0         0      
       hostopen.c.obj                96      0         16     
       fd_tos_t2.asm.obj             110     0         0      
       hostrename.c.obj              108     0         0      
       copy_decompress_lzss.c.obj    104     0         0      
       hostlseek.c.obj               104     0         0      
       exit.c.obj                    76      0         24     
       fseek.c.obj                   100     0         0      
       s_frexp.c.obj                 100     0         0      
       _io_perm.c.obj                98      0         0      
       sprintf.c.obj                 98      0         0      
       autoinit.c.obj                96      0         0      
       close.c.obj                   92      0         0      
       hostread.c.obj                88      0         0      
       hostwrite.c.obj               88      0         0      
       ltoa.c.obj                    84      0         0      
       atoi.c.obj                    76      0         0      
       fd_toi_t2.asm.obj             72      0         0      
       new.cpp.obj                   62      0         8      
       hostclose.c.obj               68      0         0      
       hostunlink.c.obj              68      0         0      
       fs_tod_t2.asm.obj             56      0         0      
       strncpy.c.obj                 54      0         0      
       boot_cortex_m.c.obj           52      0         0      
       fopen.c.obj                   52      0         0      
       i_tofd_t2.asm.obj             46      0         0      
       strncmp.c.obj                 44      0         0      
       unlink.c.obj                  44      0         0      
       lseek.c.obj                   40      0         0      
       write.c.obj                   40      0         0      
       memchr.c.obj                  32      0         0      
       assert.c.obj                  28      0         0      
       memccpy.c.obj                 28      0         0      
       s_copysign.c.obj              26      0         0      
       strcmp.c.obj                  24      0         0      
       stdlib_typeinfo.cpp.obj       2       21        0      
       strchr.c.obj                  22      0         0      
       strcpy.c.obj                  20      0         0      
       strlen.c.obj                  20      0         0      
       _lock.c.obj                   2       0         16     
       wcslen.c.obj                  18      0         0      
       errno.c.obj                   8       0         8      
       copy_decompress_none.c.obj    14      0         0      
       copy_zero_init.c.obj          12      0         0      
       pure_virt.c.obj               6       0         0      
       error.c.obj                   4       0         0      
       pre_init.c.obj                4       0         0      
       div0.asm.obj                  2       0         0      
    +--+-----------------------------+-------+---------+---------+
       Total:                        15037   453       1912   
                                                              
       Heap:                         0       0         4096   
       Stack:                        0       0         8192   
       Linker Generated:             0       889       0      
    +--+-----------------------------+-------+---------+---------+
       Grand Total:                  39367   9482      31888  


LINKER GENERATED COPY TABLES

__TI_cinit_table @ 0000bee0 records: 3, size/record: 8, table size: 24
	.data: load addr=0000bb78, load size=00000345 bytes, run addr=200000e8, run size=00001831 bytes, compression=lzss
	.bss: load addr=0000bed0, load size=00000008 bytes, run addr=2000191c, run size=00000d31 bytes, compression=zero_init
	.vtable: load addr=0000bed8, load size=00000008 bytes, run addr=20000000, run size=000000e8 bytes, compression=zero_init


LINKER GENERATED HANDLER TABLE

__TI_handler_table @ 0000bec0 records: 3, size/record: 4, table size: 12
	index: 0, handler: __TI_zero_init
	index: 1, handler: __TI_decompress_lzss
	index: 2, handler: __TI_decompress_none


GLOBAL SYMBOLS: SORTED ALPHABETICALLY BY Name 

address   name                                                                                                                                                                                                                                                                                                                                                                                                         
-------   ----                                                                                                                                                                                                                                                                                                                                                                                                         
00009a33  ADC14_IRQHandler                                                                                                                                                                                                                                                                                                                                                                                             
00009a33  AES256_IRQHandler                                                                                                                                                                                                                                                                                                                                                                                            
2000262c  Aclk                                                                                                                                                                                                                                                                                                                                                                                                         
00003489  Balance_Display                                                                                                                                                                                                                                                                                                                                                                                              
00009a33  BusFault_Handler                                                                                                                                                                                                                                                                                                                                                                                             
00009abd  C$$EXIT                                                                                                                                                                                                                                                                                                                                                                                                      
00009037  C$$IO$$                                                                                                                                                                                                                                                                                                                                                                                                      
00009a33  COMP_E0_IRQHandler                                                                                                                                                                                                                                                                                                                                                                                           
00009a33  COMP_E1_IRQHandler                                                                                                                                                                                                                                                                                                                                                                                           
00009a35  CPU_cpsie                                                                                                                                                                                                                                                                                                                                                                                                    
00009a33  CS_IRQHandler                                                                                                                                                                                                                                                                                                                                                                                                
00009251  CS_clearInterruptFlag                                                                                                                                                                                                                                                                                                                                                                                        
0000947d  CS_getACLK                                                                                                                                                                                                                                                                                                                                                                                                   
0000714d  CS_getDCOFrequency                                                                                                                                                                                                                                                                                                                                                                                           
000094a5  CS_getSMCLK                                                                                                                                                                                                                                                                                                                                                                                                  
00006799  CS_initClockSignal                                                                                                                                                                                                                                                                                                                                                                                           
000090b1  CS_setDCOCenteredFrequency                                                                                                                                                                                                                                                                                                                                                                                   
00009281  CS_setReferenceOscillatorFrequency                                                                                                                                                                                                                                                                                                                                                                           
00009a33  DMA_ERR_IRQHandler                                                                                                                                                                                                                                                                                                                                                                                           
00009a33  DMA_INT0_IRQHandler                                                                                                                                                                                                                                                                                                                                                                                          
00009a33  DMA_INT1_IRQHandler                                                                                                                                                                                                                                                                                                                                                                                          
00009a33  DMA_INT2_IRQHandler                                                                                                                                                                                                                                                                                                                                                                                          
00009a33  DMA_INT3_IRQHandler                                                                                                                                                                                                                                                                                                                                                                                          
00009a33  DebugMon_Handler                                                                                                                                                                                                                                                                                                                                                                                             
00009a33  Default_Handler                                                                                                                                                                                                                                                                                                                                                                                              
0000444d  EUSCIA0_IRQHandler                                                                                                                                                                                                                                                                                                                                                                                           
0000444d  EUSCIA0_IRQHandler                                                                                                                                                                                                                                                                                                                                                                                           
00009a33  EUSCIA1_IRQHandler                                                                                                                                                                                                                                                                                                                                                                                           
00004349  EUSCIA2_IRQHandler                                                                                                                                                                                                                                                                                                                                                                                           
00004349  EUSCIA2_IRQHandler                                                                                                                                                                                                                                                                                                                                                                                           
00009a33  EUSCIA3_IRQHandler                                                                                                                                                                                                                                                                                                                                                                                           
00009a33  EUSCIB0_IRQHandler                                                                                                                                                                                                                                                                                                                                                                                           
00009a33  EUSCIB1_IRQHandler                                                                                                                                                                                                                                                                                                                                                                                           
00009a33  EUSCIB2_IRQHandler                                                                                                                                                                                                                                                                                                                                                                                           
00009a33  EUSCIB3_IRQHandler                                                                                                                                                                                                                                                                                                                                                                                           
00009a33  FLCTL_IRQHandler                                                                                                                                                                                                                                                                                                                                                                                             
00009a33  FPU_IRQHandler                                                                                                                                                                                                                                                                                                                                                                                               
00008c61  FlashCtl_setWaitState                                                                                                                                                                                                                                                                                                                                                                                        
000092b1  GPIO_getInputPinValue                                                                                                                                                                                                                                                                                                                                                                                        
00008ed1  GPIO_setAsOutputPin                                                                                                                                                                                                                                                                                                                                                                                          
00007c01  GPIO_setAsPeripheralModuleFunctionInputPin                                                                                                                                                                                                                                                                                                                                                                   
00007c89  GPIO_setAsPeripheralModuleFunctionOutputPin                                                                                                                                                                                                                                                                                                                                                                  
000094cd  GPIO_setOutputHighOnPin                                                                                                                                                                                                                                                                                                                                                                                      
000094f5  GPIO_setOutputLowOnPin                                                                                                                                                                                                                                                                                                                                                                                       
0000951d  GPIO_toggleOutputOnPin                                                                                                                                                                                                                                                                                                                                                                                       
00008d39  HOSTclose                                                                                                                                                                                                                                                                                                                                                                                                    
00008419  HOSTlseek                                                                                                                                                                                                                                                                                                                                                                                                    
00008741  HOSTopen                                                                                                                                                                                                                                                                                                                                                                                                     
00008975  HOSTread                                                                                                                                                                                                                                                                                                                                                                                                     
000083ad  HOSTrename                                                                                                                                                                                                                                                                                                                                                                                                   
00008d7d  HOSTunlink                                                                                                                                                                                                                                                                                                                                                                                                   
000089cd  HOSTwrite                                                                                                                                                                                                                                                                                                                                                                                                    
00009a33  HardFault_Handler                                                                                                                                                                                                                                                                                                                                                                                            
200012e8  Hzk1                                                                                                                                                                                                                                                                                                                                                                                                         
20001538  Hzk2                                                                                                                                                                                                                                                                                                                                                                                                         
200010e8  Hzk3                                                                                                                                                                                                                                                                                                                                                                                                         
200000e8  Hzk4                                                                                                                                                                                                                                                                                                                                                                                                         
00002c17  I2C_Start                                                                                                                                                                                                                                                                                                                                                                                                    
[...]
20002458  _ZN5fuzzy8parallel7theta_NE                                                                                                                                                                                                                                                                                                                                                                                  
2000246c  _ZN5fuzzy8parallel8theta_PLE                                                                                                                                                                                                                                                                                                                                                                                 
20002480  _ZN5fuzzy8vertical3x_LE                                                                                                                                                                                                                                                                                                                                                                                      
20002494  _ZN5fuzzy8vertical3x_SE                                                                                                                                                                                                                                                                                                                                                                                      
200024a8  _ZN5fuzzy8vertical3y_LE                                                                                                                                                                                                                                                                                                                                                                                      
200024bc  _ZN5fuzzy8vertical3y_SE                                                                                                                                                                                                                                                                                                                                                                                      
200024d0  _ZN5fuzzy8vertical7theta_NE                                                                                                                                                                                                                                                                                                                                                                                  
200024e4  _ZN5fuzzy8parallel3x_ME                                                                                                                                                                                                                                                                                                                                                                                      
200024f4  _ZN5fuzzy8parallel3y_ME                                                                                                                                                                                                                                                                                                                                                                                      
20002504  _ZN5fuzzy8parallel3y_SE                                                                                                                                                                                                                                                                                                                                                                                      
20002514  _ZN5fuzzy8parallel5phi_ZE                                                                                                                                                                                                                                                                                                                                                                                    
20002524  _ZN5fuzzy8parallel6phi_NLE                                                                                                                                                                                                                                                                                                                                                                                   
20002534  _ZN5fuzzy8parallel6phi_NSE                                                                                                                                                                                                                                                                                                                                                                                   
20002544  _ZN5fuzzy8parallel6phi_PLE                                                                                                                                                                                                                                                                                                                                                                                   
20002554  _ZN5fuzzy8parallel6phi_PSE                                                                                                                                                                                                                                                                                                                                                                                   
20002564  _ZN5fuzzy8parallel7theta_ZE                                                                                                                                                                                                                                                                                                                                                                                  
20002574  _ZN5fuzzy8parallel8theta_PSE                                                                                                                                                                                                                                                                                                                                                                                 
20002584  _ZN5fuzzy8vertical3x_ME                                                                                                                                                                                                                                                                                                                                                                                      
20002594  _ZN5fuzzy8vertical5phi_PE                                                                                                                                                                                                                                                                                                                                                                                    
200025a4  _ZN5fuzzy8vertical5phi_ZE                                                                                                                                                                                                                                                                                                                                                                                    
200025b4  _ZN5fuzzy8vertical6phi_NLE                                                                                                                                                                                                                                                                                                                                                                                   
200025c4  _ZN5fuzzy8vertical6phi_NSE                                                                                                                                                                                                                                                                                                                                                                                   
200025d4  _ZN5fuzzy8vertical7theta_ZE                                                                                                                                                                                                                                                                                                                                                                                  
200025e4  _ZN5fuzzy8vertical8theta_PLE                                                                                                                                                                                                                                                                                                                                                                                 
200025f4  _ZN5fuzzy8vertical8theta_PME                                                                                                                                                                                                                                                                                                                                                                                 
20002604  _ZN5fuzzy8vertical8theta_PSE                                                                                                                                                                                                                                                                                                                                                                                 
2000261c  parmbuf                                                                                                                                                                                                                                                                                                                                                                                                      
2000262c  Aclk                                                                                                                                                                                                                                                                                                                                                                                                         
20002630  SMclk                                                                                                                                                                                                                                                                                                                                                                                                        
20002634  __dso_handle                                                                                                                                                                                                                                                                                                                                                                                                 
20002638  pMotorFreq1                                                                                                                                                                                                                                                                                                                                                                                                  
2000263c  pMotorFreq2                                                                                                                                                                                                                                                                                                                                                                                                  
20002640  pPIDParam                                                                                                                                                                                                                                                                                                                                                                                                    
20002644  pReverseParam                                                                                                                                                                                                                                                                                                                                                                                                
20002648  param4                                                                                                                                                                                                                                                                                                                                                                                                       
2000264c  delayFlag                                                                                                                                                                                                                                                                                                                                                                                                    
20002650  _sys_memory                                                                                                                                                                                                                                                                                                                                                                                                  
2000f000  __stack                                                                                                                                                                                                                                                                                                                                                                                                      
20010000  __STACK_END                                                                                                                                                                                                                                                                                                                                                                                                  
4000480c  WDTCTL_SYM                                                                                                                                                                                                                                                                                                                                                                                                   
ffffffff  __TI_pprof_out_hndl                                                                                                                                                                                                                                                                                                                                                                                          
ffffffff  __TI_prof_data_size                                                                                                                                                                                                                                                                                                                                                                                          
ffffffff  __TI_prof_data_start                                                                                                                                                                                                                                                                                                                                                                                         
ffffffff  __binit__                                                                                                                                                                                                                                                                                                                                                                                                    
ffffffff  __c_args__                                                                                                                                                                                                                                                                                                                                                                                                   
ffffffff  binit                                                                                                                                                                                                                                                                                                                                                                                                        
UNDEFED   __mpu_init                                                                                                                                                                                                                                                                                                                                                                                                   
UNDEFED   _system_post_cinit                                                                                                                                                                                                                                                                                                                                                                                           

[600 symbols]
